Archive member included to satisfy reference by file (symbol)

c:/program files (x86)/gnu tools arm embedded/5.2 2015q4/bin/../lib/gcc/arm-none-eabi/5.2.1/../../../../arm-none-eabi/lib/armv7e-m\libc.a(lib_a-exit.o)
                              c:/program files (x86)/gnu tools arm embedded/5.2 2015q4/bin/../lib/gcc/arm-none-eabi/5.2.1/../../../../arm-none-eabi/lib/armv7e-m/crt0.o (exit)
c:/program files (x86)/gnu tools arm embedded/5.2 2015q4/bin/../lib/gcc/arm-none-eabi/5.2.1/../../../../arm-none-eabi/lib/armv7e-m\libc.a(lib_a-impure.o)
                              c:/program files (x86)/gnu tools arm embedded/5.2 2015q4/bin/../lib/gcc/arm-none-eabi/5.2.1/../../../../arm-none-eabi/lib/armv7e-m\libc.a(lib_a-exit.o) (_global_impure_ptr)
c:/program files (x86)/gnu tools arm embedded/5.2 2015q4/bin/../lib/gcc/arm-none-eabi/5.2.1/../../../../arm-none-eabi/lib/armv7e-m\libc.a(lib_a-init.o)
                              c:/program files (x86)/gnu tools arm embedded/5.2 2015q4/bin/../lib/gcc/arm-none-eabi/5.2.1/../../../../arm-none-eabi/lib/armv7e-m/crt0.o (__libc_init_array)
c:/program files (x86)/gnu tools arm embedded/5.2 2015q4/bin/../lib/gcc/arm-none-eabi/5.2.1/../../../../arm-none-eabi/lib/armv7e-m\libc.a(lib_a-malloc.o)
                              ..\obj\usbd_cdc.o (malloc)
c:/program files (x86)/gnu tools arm embedded/5.2 2015q4/bin/../lib/gcc/arm-none-eabi/5.2.1/../../../../arm-none-eabi/lib/armv7e-m\libc.a(lib_a-mallocr.o)
                              c:/program files (x86)/gnu tools arm embedded/5.2 2015q4/bin/../lib/gcc/arm-none-eabi/5.2.1/../../../../arm-none-eabi/lib/armv7e-m\libc.a(lib_a-malloc.o) (_malloc_r)
c:/program files (x86)/gnu tools arm embedded/5.2 2015q4/bin/../lib/gcc/arm-none-eabi/5.2.1/../../../../arm-none-eabi/lib/armv7e-m\libc.a(lib_a-memset.o)
                              c:/program files (x86)/gnu tools arm embedded/5.2 2015q4/bin/../lib/gcc/arm-none-eabi/5.2.1/../../../../arm-none-eabi/lib/armv7e-m/crt0.o (memset)
c:/program files (x86)/gnu tools arm embedded/5.2 2015q4/bin/../lib/gcc/arm-none-eabi/5.2.1/../../../../arm-none-eabi/lib/armv7e-m\libc.a(lib_a-mlock.o)
                              c:/program files (x86)/gnu tools arm embedded/5.2 2015q4/bin/../lib/gcc/arm-none-eabi/5.2.1/../../../../arm-none-eabi/lib/armv7e-m\libc.a(lib_a-mallocr.o) (__malloc_lock)
c:/program files (x86)/gnu tools arm embedded/5.2 2015q4/bin/../lib/gcc/arm-none-eabi/5.2.1/../../../../arm-none-eabi/lib/armv7e-m\libc.a(lib_a-sbrkr.o)
                              c:/program files (x86)/gnu tools arm embedded/5.2 2015q4/bin/../lib/gcc/arm-none-eabi/5.2.1/../../../../arm-none-eabi/lib/armv7e-m\libc.a(lib_a-mallocr.o) (_sbrk_r)
c:/program files (x86)/gnu tools arm embedded/5.2 2015q4/bin/../lib/gcc/arm-none-eabi/5.2.1/../../../../arm-none-eabi/lib/armv7e-m\libc.a(lib_a-strlen.o)
                              ..\obj\main.o (strlen)
c:/program files (x86)/gnu tools arm embedded/5.2 2015q4/bin/../lib/gcc/arm-none-eabi/5.2.1/../../../../arm-none-eabi/lib/armv7e-m\libc.a(lib_a-__call_atexit.o)
                              c:/program files (x86)/gnu tools arm embedded/5.2 2015q4/bin/../lib/gcc/arm-none-eabi/5.2.1/../../../../arm-none-eabi/lib/armv7e-m\libc.a(lib_a-exit.o) (__call_exitprocs)
c:/program files (x86)/gnu tools arm embedded/5.2 2015q4/bin/../lib/gcc/arm-none-eabi/5.2.1/../../../../arm-none-eabi/lib/armv7e-m\libc.a(lib_a-atexit.o)
                              c:/program files (x86)/gnu tools arm embedded/5.2 2015q4/bin/../lib/gcc/arm-none-eabi/5.2.1/../../../../arm-none-eabi/lib/armv7e-m\libc.a(lib_a-__call_atexit.o) (atexit)
c:/program files (x86)/gnu tools arm embedded/5.2 2015q4/bin/../lib/gcc/arm-none-eabi/5.2.1/../../../../arm-none-eabi/lib/armv7e-m\libc.a(lib_a-fini.o)
                              c:/program files (x86)/gnu tools arm embedded/5.2 2015q4/bin/../lib/gcc/arm-none-eabi/5.2.1/../../../../arm-none-eabi/lib/armv7e-m\libc.a(lib_a-__call_atexit.o) (__libc_fini_array)
c:/program files (x86)/gnu tools arm embedded/5.2 2015q4/bin/../lib/gcc/arm-none-eabi/5.2.1/../../../../arm-none-eabi/lib/armv7e-m\libc.a(lib_a-freer.o)
                              c:/program files (x86)/gnu tools arm embedded/5.2 2015q4/bin/../lib/gcc/arm-none-eabi/5.2.1/../../../../arm-none-eabi/lib/armv7e-m\libc.a(lib_a-malloc.o) (_free_r)
c:/program files (x86)/gnu tools arm embedded/5.2 2015q4/bin/../lib/gcc/arm-none-eabi/5.2.1/../../../../arm-none-eabi/lib/armv7e-m\libc.a(lib_a-reent.o)
                              c:/program files (x86)/gnu tools arm embedded/5.2 2015q4/bin/../lib/gcc/arm-none-eabi/5.2.1/../../../../arm-none-eabi/lib/armv7e-m\libc.a(lib_a-sbrkr.o) (errno)
c:/program files (x86)/gnu tools arm embedded/5.2 2015q4/bin/../lib/gcc/arm-none-eabi/5.2.1/../../../../arm-none-eabi/lib/armv7e-m\libc.a(lib_a-__atexit.o)
[...]
Memory Configuration

Name             Origin             Length             Attributes
rom              0x08000000         0x00100000         xr
ram              0x20000000         0x00020000         xrw
ram1             0x10000000         0x00010000         xrw
*default*        0x00000000         0xffffffff

Linker script and memory map

LOAD c:/program files (x86)/gnu tools arm embedded/5.2 2015q4/bin/../lib/gcc/arm-none-eabi/5.2.1/armv7e-m/crti.o
LOAD c:/program files (x86)/gnu tools arm embedded/5.2 2015q4/bin/../lib/gcc/arm-none-eabi/5.2.1/armv7e-m/crtbegin.o
LOAD c:/program files (x86)/gnu tools arm embedded/5.2 2015q4/bin/../lib/gcc/arm-none-eabi/5.2.1/../../../../arm-none-eabi/lib/armv7e-m/crt0.o
                0x20020000                _eram = 0x20020000

.text           0x08000000     0xa3bc
 *(.isr_vector)
 .isr_vector    0x08000000      0x188 ..\obj\startup_stm32f407xx.o
                0x08000000                g_pfnVectors
 *(.text*)
 .text          0x08000188       0xa4 c:/program files (x86)/gnu tools arm embedded/5.2 2015q4/bin/../lib/gcc/arm-none-eabi/5.2.1/armv7e-m/crtbegin.o
 .text.HAL_UART_MspDeInit
                0x0800022c       0x60 ..\obj\stm32f4xx_hal_msp.o
                0x0800022c                HAL_UART_MspDeInit
 .text.HAL_UART_DeInit
                0x0800028c       0x44 ..\obj\stm32f4xx_hal_uart.o
                0x0800028c                HAL_UART_DeInit
 .text.HAL_UART_Transmit_DMA
                0x080002d0       0xec ..\obj\stm32f4xx_hal_uart.o
                0x080002d0                HAL_UART_Transmit_DMA
 .text.HAL_UART_IRQHandler
                0x080003bc      0x1d4 ..\obj\stm32f4xx_hal_uart.o
                0x080003bc                HAL_UART_IRQHandler
 .text.HAL_UART_TxCpltCallback
                0x08000590       0x14 ..\obj\stm32f4xx_hal_uart.o
                0x08000590                HAL_UART_TxCpltCallback
 .text.HAL_UART_TxHalfCpltCallback
                0x080005a4       0x14 ..\obj\stm32f4xx_hal_uart.o
                0x080005a4                HAL_UART_TxHalfCpltCallback
 .text.HAL_UART_RxCpltCallback
                0x080005b8       0x14 ..\obj\stm32f4xx_hal_uart.o
                0x080005b8                HAL_UART_RxCpltCallback
 .text.HAL_UART_ErrorCallback
                0x080005cc       0x14 ..\obj\stm32f4xx_hal_uart.o
                0x080005cc                HAL_UART_ErrorCallback
 .text.UART_DMATransmitCplt
                0x080005e0       0x8c ..\obj\stm32f4xx_hal_uart.o
 .text.UART_DMATxHalfCplt
                0x0800066c       0x1c ..\obj\stm32f4xx_hal_uart.o
 .text.UART_DMAError
                0x08000688       0x44 ..\obj\stm32f4xx_hal_uart.o
 .text.UART_WaitOnFlagUntilTimeout
                0x080006cc      0x134 ..\obj\stm32f4xx_hal_uart.o
 .text.UART_Transmit_IT
                0x08000800      0x104 ..\obj\stm32f4xx_hal_uart.o
 .text.UART_Receive_IT
                0x08000904      0x128 ..\obj\stm32f4xx_hal_uart.o
 .text.HAL_TIM_Base_Init
                0x08000a2c       0x50 ..\obj\stm32f4xx_hal_tim.o
                0x08000a2c                HAL_TIM_Base_Init
 .text.HAL_TIM_Base_MspInit
                0x08000a7c       0x14 ..\obj\stm32f4xx_hal_tim.o
                0x08000a7c                HAL_TIM_Base_MspInit
 .text.HAL_TIM_Base_Start_IT
                0x08000a90       0x34 ..\obj\stm32f4xx_hal_tim.o
                0x08000a90                HAL_TIM_Base_Start_IT
 .text.HAL_TIM_IRQHandler
                0x08000ac4      0x210 ..\obj\stm32f4xx_hal_tim.o
                0x08000ac4                HAL_TIM_IRQHandler
 .text.HAL_TIM_OC_DelayElapsedCallback
                0x08000cd4       0x14 ..\obj\stm32f4xx_hal_tim.o
                0x08000cd4                HAL_TIM_OC_DelayElapsedCallback
 .text.HAL_TIM_IC_CaptureCallback
                0x08000ce8       0x14 ..\obj\stm32f4xx_hal_tim.o
                0x08000ce8                HAL_TIM_IC_CaptureCallback
 .text.HAL_TIM_PWM_PulseFinishedCallback
                0x08000cfc       0x14 ..\obj\stm32f4xx_hal_tim.o
                0x08000cfc                HAL_TIM_PWM_PulseFinishedCallback
 .text.HAL_TIM_TriggerCallback
                0x08000d10       0x14 ..\obj\stm32f4xx_hal_tim.o
                0x08000d10                HAL_TIM_TriggerCallback
 .text.TIM_Base_SetConfig
                0x08000d24      0x150 ..\obj\stm32f4xx_hal_tim.o
                0x08000d24                TIM_Base_SetConfig
 .text.USB_CoreInit
                0x08000e74       0xa4 ..\obj\stm32f4xx_ll_usb.o
                0x08000e74                USB_CoreInit
 .text.USB_EnableGlobalInt
                0x08000f18       0x20 ..\obj\stm32f4xx_ll_usb.o
                0x08000f18                USB_EnableGlobalInt
 .text.USB_DisableGlobalInt
                0x08000f38       0x20 ..\obj\stm32f4xx_ll_usb.o
                0x08000f38                USB_DisableGlobalInt
 .text.USB_SetCurrentMode
                0x08000f58       0x50 ..\obj\stm32f4xx_ll_usb.o
                0x08000f58                USB_SetCurrentMode
 .text.USB_DevInit
                0x08000fa8      0x258 ..\obj\stm32f4xx_ll_usb.o
                0x08000fa8                USB_DevInit
 .text.USB_FlushTxFifo
                0x08001200       0x48 ..\obj\stm32f4xx_ll_usb.o
                0x08001200                USB_FlushTxFifo
 .text.USB_FlushRxFifo
                0x08001248       0x40 ..\obj\stm32f4xx_ll_usb.o
                0x08001248                USB_FlushRxFifo
 .text.USB_SetDevSpeed
                0x08001288       0x30 ..\obj\stm32f4xx_ll_usb.o
                0x08001288                USB_SetDevSpeed
 .text.USB_GetDevSpeed
                0x080012b8       0x68 ..\obj\stm32f4xx_ll_usb.o
                0x080012b8                USB_GetDevSpeed
 .text.USB_ActivateEndpoint
                0x08001320      0x110 ..\obj\stm32f4xx_ll_usb.o
                0x08001320                USB_ActivateEndpoint
 .text.USB_DeactivateEndpoint
                0x08001430       0xf4 ..\obj\stm32f4xx_ll_usb.o
                0x08001430                USB_DeactivateEndpoint
 .text.USB_EPStartXfer
                0x08001524      0x484 ..\obj\stm32f4xx_ll_usb.o
                0x08001524                USB_EPStartXfer
 .text.USB_EP0StartXfer
                0x080019a8      0x2bc ..\obj\stm32f4xx_ll_usb.o
                0x080019a8                USB_EP0StartXfer
 .text.USB_WritePacket
                0x08001c64       0x70 ..\obj\stm32f4xx_ll_usb.o
                0x08001c64                USB_WritePacket
 .text.USB_ReadPacket
                0x08001cd4       0x54 ..\obj\stm32f4xx_ll_usb.o
                0x08001cd4                USB_ReadPacket
 .text.USB_EPSetStall
                0x08001d28       0xe0 ..\obj\stm32f4xx_ll_usb.o
                0x08001d28                USB_EPSetStall
 .text.USB_EPClearStall
                0x08001e08       0xd8 ..\obj\stm32f4xx_ll_usb.o
                0x08001e08                USB_EPClearStall
 .text.USB_SetDevAddress
                0x08001ee0       0x4c ..\obj\stm32f4xx_ll_usb.o
                0x08001ee0                USB_SetDevAddress
 .text.USB_DevConnect
                0x08001f2c       0x30 ..\obj\stm32f4xx_ll_usb.o
                0x08001f2c                USB_DevConnect
 .text.USB_DevDisconnect
                0x08001f5c       0x30 ..\obj\stm32f4xx_ll_usb.o
                0x08001f5c                USB_DevDisconnect
 .text.USB_ReadInterrupts
                0x08001f8c       0x28 ..\obj\stm32f4xx_ll_usb.o
                0x08001f8c                USB_ReadInterrupts
 .text.USB_ReadDevAllOutEpInterrupt
                0x08001fb4       0x30 ..\obj\stm32f4xx_ll_usb.o
                0x08001fb4                USB_ReadDevAllOutEpInterrupt
 .text.USB_ReadDevAllInEpInterrupt
                0x08001fe4       0x30 ..\obj\stm32f4xx_ll_usb.o
                0x08001fe4                USB_ReadDevAllInEpInterrupt
 .text.USB_ReadDevOutEPInterrupt
                0x08002014       0x38 ..\obj\stm32f4xx_ll_usb.o
                0x08002014                USB_ReadDevOutEPInterrupt
 .text.USB_ReadDevInEPInterrupt
                0x0800204c       0x54 ..\obj\stm32f4xx_ll_usb.o
                0x0800204c                USB_ReadDevInEPInterrupt
 .text.USB_GetMode
                0x080020a0       0x1c ..\obj\stm32f4xx_ll_usb.o
                0x080020a0                USB_GetMode
 .text.USB_ActivateSetup
                0x080020bc       0x6c ..\obj\stm32f4xx_ll_usb.o
                0x080020bc                USB_ActivateSetup
 .text.USB_EP0_OutStart
                0x08002128       0x88 ..\obj\stm32f4xx_ll_usb.o
                0x08002128                USB_EP0_OutStart
 .text.USB_CoreReset
                0x080021b0       0x64 ..\obj\stm32f4xx_ll_usb.o
 .text.USBD_Init
                0x08002214       0x58 ..\obj\usbd_core.o
                0x08002214                USBD_Init
 .text.USBD_RegisterClass
                0x0800226c       0x34 ..\obj\usbd_core.o
                0x0800226c                USBD_RegisterClass
 .text.USBD_Start
                0x080022a0       0x18 ..\obj\usbd_core.o
                0x080022a0                USBD_Start
 .text.USBD_RunTestMode
                0x080022b8       0x14 ..\obj\usbd_core.o
                0x080022b8                USBD_RunTestMode
 .text.USBD_SetClassConfig
                0x080022cc       0x40 ..\obj\usbd_core.o
                0x080022cc                USBD_SetClassConfig
 .text.USBD_ClrClassConfig
                0x0800230c       0x28 ..\obj\usbd_core.o
                0x0800230c                USBD_ClrClassConfig
 .text.USBD_LL_SetupStage
                0x08002334       0x94 ..\obj\usbd_core.o
                0x08002334                USBD_LL_SetupStage
 .text.USBD_LL_DataOutStage
                0x080023c8       0xb8 ..\obj\usbd_core.o
                0x080023c8                USBD_LL_DataOutStage
 .text.USBD_LL_DataInStage
                0x08002480      0x120 ..\obj\usbd_core.o
                0x08002480                USBD_LL_DataInStage
 .text.USBD_LL_Reset
                0x080025a0       0x60 ..\obj\usbd_core.o
                0x080025a0                USBD_LL_Reset
 .text.USBD_LL_SetSpeed
                0x08002600       0x20 ..\obj\usbd_core.o
                0x08002600                USBD_LL_SetSpeed
 .text.USBD_LL_Suspend
                0x08002620       0x28 ..\obj\usbd_core.o
                0x08002620                USBD_LL_Suspend
 .text.USBD_LL_Resume
                0x08002648       0x20 ..\obj\usbd_core.o
                0x08002648                USBD_LL_Resume
 .text.USBD_LL_SOF
                0x08002668       0x34 ..\obj\usbd_core.o
                0x08002668                USBD_LL_SOF
 .text.USBD_LL_IsoINIncomplete
                0x0800269c       0x18 ..\obj\usbd_core.o
                0x0800269c                USBD_LL_IsoINIncomplete
 .text.USBD_LL_IsoOUTIncomplete
                0x080026b4       0x18 ..\obj\usbd_core.o
                0x080026b4                USBD_LL_IsoOUTIncomplete
 .text.USBD_LL_DevConnected
                0x080026cc       0x14 ..\obj\usbd_core.o
                0x080026cc                USBD_LL_DevConnected
 .text.USBD_LL_DevDisconnected
                0x080026e0       0x30 ..\obj\usbd_core.o
                0x080026e0                USBD_LL_DevDisconnected
 .text.main     0x08002710       0xf4 ..\obj\main.o
                0x08002710                main
 .text.SystemClock_Config
                0x08002804       0xb0 ..\obj\main.o
 .text.Error_Handler
                0x080028b4        0xc ..\obj\main.o
                0x080028b4                Error_Handler
 .text.NMI_Handler
                0x080028c0        0xc ..\obj\stm32f4xx_it.o
                0x080028c0                NMI_Handler
 .text.HardFault_Handler
                0x080028cc        0x8 ..\obj\stm32f4xx_it.o
                0x080028cc                HardFault_Handler
 .text.MemManage_Handler
                0x080028d4        0x8 ..\obj\stm32f4xx_it.o
                0x080028d4                MemManage_Handler
 .text.BusFault_Handler
                0x080028dc        0x8 ..\obj\stm32f4xx_it.o
                0x080028dc                BusFault_Handler
 .text.UsageFault_Handler
                0x080028e4        0x8 ..\obj\stm32f4xx_it.o
                0x080028e4                UsageFault_Handler
 .text.SVC_Handler
                0x080028ec        0xc ..\obj\stm32f4xx_it.o
                0x080028ec                SVC_Handler
 .text.DebugMon_Handler
                0x080028f8        0xc ..\obj\stm32f4xx_it.o
                0x080028f8                DebugMon_Handler
 .text.PendSV_Handler
                0x08002904        0xc ..\obj\stm32f4xx_it.o
                0x08002904                PendSV_Handler
 .text.SysTick_Handler
                0x08002910        0xc ..\obj\stm32f4xx_it.o
                0x08002910                SysTick_Handler
 .text.OTG_FS_IRQHandler
                0x0800291c       0x14 ..\obj\stm32f4xx_it.o
                0x0800291c                OTG_FS_IRQHandler
 .text.DMA1_Stream6_IRQHandler
                0x08002930       0x18 ..\obj\stm32f4xx_it.o
                0x08002930                DMA1_Stream6_IRQHandler
 .text.USART2_IRQHandler
                0x08002948       0x14 ..\obj\stm32f4xx_it.o
                0x08002948                USART2_IRQHandler
 .text.TIM3_IRQHandler
                0x0800295c       0x14 ..\obj\stm32f4xx_it.o
                0x0800295c                TIM3_IRQHandler
 .text.HAL_Init
                0x08002970       0x44 ..\obj\stm32f4xx_hal.o
                0x08002970                HAL_Init
 .text.HAL_InitTick
                0x080029b4       0x38 ..\obj\stm32f4xx_hal.o
                0x080029b4                HAL_InitTick
 .text.HAL_IncTick
                0x080029ec       0x1c ..\obj\stm32f4xx_hal.o
                0x080029ec                HAL_IncTick
 .text.HAL_GetTick
                0x08002a08       0x14 ..\obj\stm32f4xx_hal.o
                0x08002a08                HAL_GetTick
 .text.HAL_Delay
                0x08002a1c       0x2c ..\obj\stm32f4xx_hal.o
                0x08002a1c                HAL_Delay
 .text.HAL_GetREVID
                0x08002a48       0x18 ..\obj\stm32f4xx_hal.o
                0x08002a48                HAL_GetREVID
 .text.USBD_VCP_DeviceDescriptor
                0x08002a60       0x24 ..\obj\usbd_desc.o
                0x08002a60                USBD_VCP_DeviceDescriptor
 .text.USBD_VCP_LangIDStrDescriptor
                0x08002a84       0x24 ..\obj\usbd_desc.o
                0x08002a84                USBD_VCP_LangIDStrDescriptor
 .text.USBD_VCP_ProductStrDescriptor
                0x08002aa8       0x40 ..\obj\usbd_desc.o
                0x08002aa8                USBD_VCP_ProductStrDescriptor
 .text.USBD_VCP_ManufacturerStrDescriptor
                0x08002ae8       0x28 ..\obj\usbd_desc.o
                0x08002ae8                USBD_VCP_ManufacturerStrDescriptor
 .text.USBD_VCP_SerialStrDescriptor
                0x08002b10       0x24 ..\obj\usbd_desc.o
                0x08002b10                USBD_VCP_SerialStrDescriptor
 .text.USBD_VCP_ConfigStrDescriptor
                0x08002b34       0x3c ..\obj\usbd_desc.o
                0x08002b34                USBD_VCP_ConfigStrDescriptor
 .text.USBD_VCP_InterfaceStrDescriptor
                0x08002b70       0x3c ..\obj\usbd_desc.o
                0x08002b70                USBD_VCP_InterfaceStrDescriptor
 .text.Get_SerialNum
                0x08002bac       0x58 ..\obj\usbd_desc.o
 .text.IntToUnicode
                0x08002c04       0x7c ..\obj\usbd_desc.o
 .text.NVIC_SetPriority
                0x08002c80       0x54 ..\obj\usbd_conf.o
 .text.HAL_PCD_MspInit
                0x08002cd4      0x1ec ..\obj\usbd_conf.o
                0x08002cd4                HAL_PCD_MspInit
 .text.HAL_PCD_SetupStageCallback
                0x08002ec0       0x24 ..\obj\usbd_conf.o
                0x08002ec0                HAL_PCD_SetupStageCallback
 .text.HAL_PCD_DataOutStageCallback
                0x08002ee4       0x38 ..\obj\usbd_conf.o
                0x08002ee4                HAL_PCD_DataOutStageCallback
 .text.HAL_PCD_DataInStageCallback
                0x08002f1c       0x34 ..\obj\usbd_conf.o
                0x08002f1c                HAL_PCD_DataInStageCallback
 .text.HAL_PCD_SOFCallback
                0x08002f50       0x1c ..\obj\usbd_conf.o
                0x08002f50                HAL_PCD_SOFCallback
 .text.HAL_PCD_ResetCallback
                0x08002f6c       0x50 ..\obj\usbd_conf.o
                0x08002f6c                HAL_PCD_ResetCallback
 .text.HAL_PCD_SuspendCallback
                0x08002fbc       0x1c ..\obj\usbd_conf.o
                0x08002fbc                HAL_PCD_SuspendCallback
 .text.HAL_PCD_ResumeCallback
                0x08002fd8       0x1c ..\obj\usbd_conf.o
                0x08002fd8                HAL_PCD_ResumeCallback
 .text.HAL_PCD_ISOOUTIncompleteCallback
                0x08002ff4       0x24 ..\obj\usbd_conf.o
                0x08002ff4                HAL_PCD_ISOOUTIncompleteCallback
 .text.HAL_PCD_ISOINIncompleteCallback
                0x08003018       0x24 ..\obj\usbd_conf.o
                0x08003018                HAL_PCD_ISOINIncompleteCallback
 .text.HAL_PCD_ConnectCallback
                0x0800303c       0x1c ..\obj\usbd_conf.o
                0x0800303c                HAL_PCD_ConnectCallback
 .text.HAL_PCD_DisconnectCallback
                0x08003058       0x1c ..\obj\usbd_conf.o
                0x08003058                HAL_PCD_DisconnectCallback
 .text.USBD_LL_Init
                0x08003074       0x90 ..\obj\usbd_conf.o
                0x08003074                USBD_LL_Init
 .text.USBD_LL_Start
                0x08003104       0x20 ..\obj\usbd_conf.o
                0x08003104                USBD_LL_Start
 .text.USBD_LL_OpenEP
                0x08003124       0x34 ..\obj\usbd_conf.o
                0x08003124                USBD_LL_OpenEP
 .text.USBD_LL_CloseEP
                0x08003158       0x28 ..\obj\usbd_conf.o
                0x08003158                USBD_LL_CloseEP
 .text.USBD_LL_StallEP
                0x08003180       0x28 ..\obj\usbd_conf.o
                0x08003180                USBD_LL_StallEP
 .text.USBD_LL_ClearStallEP
                0x080031a8       0x28 ..\obj\usbd_conf.o
                0x080031a8                USBD_LL_ClearStallEP
 .text.USBD_LL_IsStallEP
                0x080031d0       0x58 ..\obj\usbd_conf.o
                0x080031d0                USBD_LL_IsStallEP
 .text.USBD_LL_SetUSBAddress
                0x08003228       0x28 ..\obj\usbd_conf.o
                0x08003228                USBD_LL_SetUSBAddress
 .text.USBD_LL_Transmit
                0x08003250       0x30 ..\obj\usbd_conf.o
                0x08003250                USBD_LL_Transmit
 .text.USBD_LL_PrepareReceive
                0x08003280       0x30 ..\obj\usbd_conf.o
                0x08003280                USBD_LL_PrepareReceive
 .text.USBD_LL_GetRxDataSize
                0x080032b0       0x28 ..\obj\usbd_conf.o
                0x080032b0                USBD_LL_GetRxDataSize
 .text.HAL_RCC_OscConfig
                0x080032d8      0x4b0 ..\obj\stm32f4xx_hal_rcc.o
                0x080032d8                HAL_RCC_OscConfig
 .text.HAL_RCC_ClockConfig
                0x08003788      0x2ac ..\obj\stm32f4xx_hal_rcc.o
                0x08003788                HAL_RCC_ClockConfig
 .text.HAL_RCC_GetSysClockFreq
                0x08003a34      0x138 ..\obj\stm32f4xx_hal_rcc.o
                0x08003a34                HAL_RCC_GetSysClockFreq
 .text.HAL_RCC_GetHCLKFreq
                0x08003b6c       0x58 ..\obj\stm32f4xx_hal_rcc.o
                0x08003b6c                HAL_RCC_GetHCLKFreq
 .text.NVIC_SetPriorityGrouping
                0x08003bc4       0x48 ..\obj\stm32f4xx_hal_cortex.o
 .text.NVIC_GetPriorityGrouping
                0x08003c0c       0x1c ..\obj\stm32f4xx_hal_cortex.o
 .text.NVIC_EnableIRQ
                0x08003c28       0x30 ..\obj\stm32f4xx_hal_cortex.o
 .text.NVIC_DisableIRQ
                0x08003c58       0x34 ..\obj\stm32f4xx_hal_cortex.o
 .text.NVIC_SetPriority
                0x08003c8c       0x54 ..\obj\stm32f4xx_hal_cortex.o
 .text.NVIC_EncodePriority
                0x08003ce0       0x64 ..\obj\stm32f4xx_hal_cortex.o
 .text.SysTick_Config
                0x08003d44       0x44 ..\obj\stm32f4xx_hal_cortex.o
 .text.HAL_NVIC_SetPriorityGrouping
                0x08003d88       0x18 ..\obj\stm32f4xx_hal_cortex.o
                0x08003d88                HAL_NVIC_SetPriorityGrouping
 .text.HAL_NVIC_SetPriority
                0x08003da0       0x38 ..\obj\stm32f4xx_hal_cortex.o
                0x08003da0                HAL_NVIC_SetPriority
 .text.HAL_NVIC_EnableIRQ
                0x08003dd8       0x1c ..\obj\stm32f4xx_hal_cortex.o
                0x08003dd8                HAL_NVIC_EnableIRQ
 .text.HAL_NVIC_DisableIRQ
                0x08003df4       0x1c ..\obj\stm32f4xx_hal_cortex.o
                0x08003df4                HAL_NVIC_DisableIRQ
 .text.HAL_SYSTICK_Config
                0x08003e10       0x18 ..\obj\stm32f4xx_hal_cortex.o
                0x08003e10                HAL_SYSTICK_Config
 .text.SystemInit
                0x08003e28       0x5c ..\obj\system_stm32f4xx.o
                0x08003e28                SystemInit
 .text._sbrk    0x08003e84       0x3c ..\obj\syscalls.o
                0x08003e84                _sbrk
 .text.HAL_PCD_Init
                0x08003ec0      0x208 ..\obj\stm32f4xx_hal_pcd.o
                0x08003ec0                HAL_PCD_Init
 .text.HAL_PCD_Start
                0x080040c8       0x44 ..\obj\stm32f4xx_hal_pcd.o
                0x080040c8                HAL_PCD_Start
 .text.HAL_PCD_IRQHandler
                0x0800410c      0x75c ..\obj\stm32f4xx_hal_pcd.o
                0x0800410c                HAL_PCD_IRQHandler
 .text.HAL_PCD_SetAddress
                0x08004868       0x44 ..\obj\stm32f4xx_hal_pcd.o
                0x08004868                HAL_PCD_SetAddress
 .text.HAL_PCD_EP_Open
                0x080048ac       0xd0 ..\obj\stm32f4xx_hal_pcd.o
                0x080048ac                HAL_PCD_EP_Open
 .text.HAL_PCD_EP_Close
                0x0800497c       0x94 ..\obj\stm32f4xx_hal_pcd.o
                0x0800497c                HAL_PCD_EP_Close
 .text.HAL_PCD_EP_Receive
                0x08004a10       0xb4 ..\obj\stm32f4xx_hal_pcd.o
                0x08004a10                HAL_PCD_EP_Receive
 .text.HAL_PCD_EP_GetRxCount
                0x08004ac4       0x30 ..\obj\stm32f4xx_hal_pcd.o
                0x08004ac4                HAL_PCD_EP_GetRxCount
 .text.HAL_PCD_EP_Transmit
                0x08004af4       0xb0 ..\obj\stm32f4xx_hal_pcd.o
                0x08004af4                HAL_PCD_EP_Transmit
 .text.HAL_PCD_EP_SetStall
                0x08004ba4       0xb4 ..\obj\stm32f4xx_hal_pcd.o
                0x08004ba4                HAL_PCD_EP_SetStall
 .text.HAL_PCD_EP_ClrStall
                0x08004c58       0x94 ..\obj\stm32f4xx_hal_pcd.o
                0x08004c58                HAL_PCD_EP_ClrStall
 .text.PCD_WriteEmptyTxFifo
                0x08004cec      0x110 ..\obj\stm32f4xx_hal_pcd.o
 .text.HAL_PCDEx_SetTxFiFo
                0x08004dfc       0x98 ..\obj\stm32f4xx_hal_pcd_ex.o
                0x08004dfc                HAL_PCDEx_SetTxFiFo
 .text.HAL_PCDEx_SetRxFiFo
                0x08004e94       0x20 ..\obj\stm32f4xx_hal_pcd_ex.o
                0x08004e94                HAL_PCDEx_SetRxFiFo
 .text.HAL_GPIO_Init
                0x08004eb4      0x344 ..\obj\stm32f4xx_hal_gpio.o
                0x08004eb4                HAL_GPIO_Init
 .text.HAL_GPIO_DeInit
                0x080051f8      0x13c ..\obj\stm32f4xx_hal_gpio.o
                0x080051f8                HAL_GPIO_DeInit
 .text.HAL_GPIO_TogglePin
                0x08005334       0x24 ..\obj\stm32f4xx_hal_gpio.o
                0x08005334                HAL_GPIO_TogglePin
 .text.Reset_Handler
                0x08005358       0x50 ..\obj\startup_stm32f407xx.o
                0x08005358                Reset_Handler
 .text.Default_Handler
                0x080053a8        0x2 ..\obj\startup_stm32f407xx.o
                0x080053a8                RTC_Alarm_IRQHandler
                0x080053a8                HASH_RNG_IRQHandler
                0x080053a8                EXTI2_IRQHandler
                0x080053a8                TIM8_CC_IRQHandler
                0x080053a8                TIM1_CC_IRQHandler
                0x080053a8                DMA2_Stream5_IRQHandler
                0x080053a8                DMA1_Stream5_IRQHandler
                0x080053a8                PVD_IRQHandler
                0x080053a8                SDIO_IRQHandler
                0x080053a8                TAMP_STAMP_IRQHandler
                0x080053a8                CAN2_RX1_IRQHandler
                0x080053a8                EXTI3_IRQHandler
                0x080053a8                TIM8_TRG_COM_TIM14_IRQHandler
                0x080053a8                TIM1_UP_TIM10_IRQHandler
                0x080053a8                TIM8_UP_TIM13_IRQHandler
                0x080053a8                I2C3_ER_IRQHandler
                0x080053a8                EXTI0_IRQHandler
                0x080053a8                I2C2_EV_IRQHandler
                0x080053a8                DMA1_Stream2_IRQHandler
                0x080053a8                CAN1_RX0_IRQHandler
                0x080053a8                FPU_IRQHandler
                0x080053a8                OTG_HS_WKUP_IRQHandler
                0x080053a8                CAN2_SCE_IRQHandler
                0x080053a8                DMA2_Stream2_IRQHandler
                0x080053a8                SPI1_IRQHandler
                0x080053a8                TIM6_DAC_IRQHandler
                0x080053a8                TIM1_BRK_TIM9_IRQHandler
                0x080053a8                DCMI_IRQHandler
                0x080053a8                CAN2_RX0_IRQHandler
                0x080053a8                DMA2_Stream3_IRQHandler
                0x080053a8                USART6_IRQHandler
                0x080053a8                USART3_IRQHandler
                0x080053a8                CAN1_RX1_IRQHandler
                0x080053a8                UART5_IRQHandler
                0x080053a8                DMA2_Stream0_IRQHandler
                0x080053a8                TIM4_IRQHandler
                0x080053a8                I2C1_EV_IRQHandler
                0x080053a8                DMA1_Stream1_IRQHandler
                0x080053a8                UART4_IRQHandler
                0x080053a8                RCC_IRQHandler
                0x080053a8                TIM8_BRK_TIM12_IRQHandler
                0x080053a8                Default_Handler
                0x080053a8                EXTI15_10_IRQHandler
                0x080053a8                ADC_IRQHandler
                0x080053a8                DMA1_Stream7_IRQHandler
                0x080053a8                TIM7_IRQHandler
                0x080053a8                CAN2_TX_IRQHandler
                0x080053a8                TIM5_IRQHandler
                0x080053a8                DMA2_Stream7_IRQHandler
                0x080053a8                I2C3_EV_IRQHandler
                0x080053a8                EXTI9_5_IRQHandler
                0x080053a8                RTC_WKUP_IRQHandler
                0x080053a8                ETH_WKUP_IRQHandler
                0x080053a8                SPI2_IRQHandler
                0x080053a8                OTG_HS_EP1_IN_IRQHandler
                0x080053a8                DMA1_Stream0_IRQHandler
                0x080053a8                CAN1_TX_IRQHandler
                0x080053a8                EXTI4_IRQHandler
                0x080053a8                FSMC_IRQHandler
                0x080053a8                ETH_IRQHandler
                0x080053a8                OTG_HS_EP1_OUT_IRQHandler
                0x080053a8                WWDG_IRQHandler
                0x080053a8                TIM2_IRQHandler
                0x080053a8                OTG_FS_WKUP_IRQHandler
                0x080053a8                TIM1_TRG_COM_TIM11_IRQHandler
                0x080053a8                OTG_HS_IRQHandler
                0x080053a8                EXTI1_IRQHandler
                0x080053a8                I2C2_ER_IRQHandler
                0x080053a8                DMA2_Stream1_IRQHandler
                0x080053a8                CAN1_SCE_IRQHandler
                0x080053a8                FLASH_IRQHandler
                0x080053a8                DMA2_Stream4_IRQHandler
                0x080053a8                USART1_IRQHandler
                0x080053a8                SPI3_IRQHandler
                0x080053a8                DMA1_Stream4_IRQHandler
                0x080053a8                I2C1_ER_IRQHandler
                0x080053a8                DMA2_Stream6_IRQHandler
                0x080053a8                DMA1_Stream3_IRQHandler
 *fill*         0x080053aa        0x2 
 .text.USBD_CDC_Init
                0x080053ac       0xd4 ..\obj\usbd_cdc.o
 .text.USBD_CDC_DeInit
                0x08005480       0x5c ..\obj\usbd_cdc.o
 .text.USBD_CDC_Setup
                0x080054dc       0xc0 ..\obj\usbd_cdc.o
 .text.USBD_CDC_DataIn
                0x0800559c       0x38 ..\obj\usbd_cdc.o
 .text.USBD_CDC_DataOut
                0x080055d4       0x58 ..\obj\usbd_cdc.o
 .text.USBD_CDC_EP0_RxReady
                0x0800562c       0x50 ..\obj\usbd_cdc.o
 .text.USBD_CDC_GetFSCfgDesc
                0x0800567c       0x20 ..\obj\usbd_cdc.o
 .text.USBD_CDC_GetHSCfgDesc
                0x0800569c       0x20 ..\obj\usbd_cdc.o
 .text.USBD_CDC_GetOtherSpeedCfgDesc
                0x080056bc       0x20 ..\obj\usbd_cdc.o
 .text.USBD_CDC_GetDeviceQualifierDescriptor
                0x080056dc       0x20 ..\obj\usbd_cdc.o
                0x080056dc                USBD_CDC_GetDeviceQualifierDescriptor
 .text.USBD_CDC_RegisterInterface
                0x080056fc       0x2c ..\obj\usbd_cdc.o
                0x080056fc                USBD_CDC_RegisterInterface
 .text.USBD_CDC_SetTxBuffer
                0x08005728       0x34 ..\obj\usbd_cdc.o
                0x08005728                USBD_CDC_SetTxBuffer
 .text.USBD_CDC_SetRxBuffer
                0x0800575c       0x28 ..\obj\usbd_cdc.o
                0x0800575c                USBD_CDC_SetRxBuffer
 .text.USBD_CDC_TransmitPacket
                0x08005784       0x54 ..\obj\usbd_cdc.o
                0x08005784                USBD_CDC_TransmitPacket
 .text.CDC_Itf_Init
                0x080057d8       0x44 ..\obj\usbd_cdc_interface.o
 .text.CDC_Itf_DeInit
                0x0800581c       0x20 ..\obj\usbd_cdc_interface.o
 .text.CDC_Itf_Control
                0x0800583c      0x15c ..\obj\usbd_cdc_interface.o
 .text.HAL_TIM_PeriodElapsedCallback
                0x08005998       0x90 ..\obj\usbd_cdc_interface.o
                0x08005998                HAL_TIM_PeriodElapsedCallback
 .text.CDC_Itf_Receive
                0x08005a28       0x2c ..\obj\usbd_cdc_interface.o
 .text.CDC_Itf_Send
                0x08005a54       0x2c ..\obj\usbd_cdc_interface.o
                0x08005a54                CDC_Itf_Send
 .text.TIM_Config
                0x08005a80       0x40 ..\obj\usbd_cdc_interface.o
 .text.Error_Handler
                0x08005ac0        0xc ..\obj\usbd_cdc_interface.o
 .text.HAL_TIMEx_CommutationCallback
                0x08005acc       0x14 ..\obj\stm32f4xx_hal_tim_ex.o
                0x08005acc                HAL_TIMEx_CommutationCallback
 .text.HAL_TIMEx_BreakCallback
                0x08005ae0       0x14 ..\obj\stm32f4xx_hal_tim_ex.o
                0x08005ae0                HAL_TIMEx_BreakCallback
 .text.USBD_StdDevReq
                0x08005af4       0xa0 ..\obj\usbd_ctlreq.o
                0x08005af4                USBD_StdDevReq
 .text.USBD_StdItfReq
                0x08005b94       0x68 ..\obj\usbd_ctlreq.o
                0x08005b94                USBD_StdItfReq
 .text.USBD_StdEPReq
                0x08005bfc      0x1b0 ..\obj\usbd_ctlreq.o
                0x08005bfc                USBD_StdEPReq
 .text.USBD_GetDescriptor
                0x08005dac      0x1e8 ..\obj\usbd_ctlreq.o
 .text.USBD_SetAddress
                0x08005f94       0x7c ..\obj\usbd_ctlreq.o
 .text.USBD_SetConfig
                0x08006010      0x110 ..\obj\usbd_ctlreq.o
 .text.USBD_GetConfig
                0x08006120       0x64 ..\obj\usbd_ctlreq.o
 .text.USBD_GetStatus
                0x08006184       0x54 ..\obj\usbd_ctlreq.o
 .text.USBD_SetFeature
                0x080061d8       0x38 ..\obj\usbd_ctlreq.o
 .text.USBD_ClrFeature
                0x08006210       0x50 ..\obj\usbd_ctlreq.o
 .text.USBD_ParseSetupRequest
                0x08006260       0x78 ..\obj\usbd_ctlreq.o
                0x08006260                USBD_ParseSetupRequest
 .text.USBD_CtlError
                0x080062d8       0x24 ..\obj\usbd_ctlreq.o
                0x080062d8                USBD_CtlError
 .text.USBD_GetString
                0x080062fc       0x88 ..\obj\usbd_ctlreq.o
                0x080062fc                USBD_GetString
 .text.USBD_GetLen
                0x08006384       0x30 ..\obj\usbd_ctlreq.o
 .text.HAL_MspInit
                0x080063b4        0xc ..\obj\stm32f4xx_hal_msp_template.o
                0x080063b4                HAL_MspInit
 .text.HAL_DMA_Start_IT
                0x080063c0       0xb4 ..\obj\stm32f4xx_hal_dma.o
                0x080063c0                HAL_DMA_Start_IT
 .text.HAL_DMA_IRQHandler
                0x08006474     0x32cc ..\obj\stm32f4xx_hal_dma.o
                0x08006474                HAL_DMA_IRQHandler
 .text.DMA_SetConfig
                0x08009740       0x4c ..\obj\stm32f4xx_hal_dma.o
 .text.USBD_CtlSendData
                0x0800978c       0x38 ..\obj\usbd_ioreq.o
                0x0800978c                USBD_CtlSendData
 .text.USBD_CtlContinueSendData
                0x080097c4       0x24 ..\obj\usbd_ioreq.o
                0x080097c4                USBD_CtlContinueSendData
 .text.USBD_CtlPrepareRx
                0x080097e8       0x3c ..\obj\usbd_ioreq.o
                0x080097e8                USBD_CtlPrepareRx
 .text.USBD_CtlContinueRx
                0x08009824       0x24 ..\obj\usbd_ioreq.o
                0x08009824                USBD_CtlContinueRx
 .text.USBD_CtlSendStatus
                0x08009848       0x28 ..\obj\usbd_ioreq.o
                0x08009848                USBD_CtlSendStatus
 .text.USBD_CtlReceiveStatus
                0x08009870       0x28 ..\obj\usbd_ioreq.o
                0x08009870                USBD_CtlReceiveStatus
 .text.__libc_init_array
                0x08009898       0x50 c:/program files (x86)/gnu tools arm embedded/5.2 2015q4/bin/../lib/gcc/arm-none-eabi/5.2.1/../../../../arm-none-eabi/lib/armv7e-m\libc.a(lib_a-init.o)
                0x08009898                __libc_init_array
 .text.malloc   0x080098e8       0x10 c:/program files (x86)/gnu tools arm embedded/5.2 2015q4/bin/../lib/gcc/arm-none-eabi/5.2.1/../../../../arm-none-eabi/lib/armv7e-m\libc.a(lib_a-malloc.o)
                0x080098e8                malloc
 .text.free     0x080098f8       0x10 c:/program files (x86)/gnu tools arm embedded/5.2 2015q4/bin/../lib/gcc/arm-none-eabi/5.2.1/../../../../arm-none-eabi/lib/armv7e-m\libc.a(lib_a-malloc.o)
                0x080098f8                free
 .text._malloc_r
                0x08009908      0x570 c:/program files (x86)/gnu tools arm embedded/5.2 2015q4/bin/../lib/gcc/arm-none-eabi/5.2.1/../../../../arm-none-eabi/lib/armv7e-m\libc.a(lib_a-mallocr.o)
                0x08009908                _malloc_r
 .text.__malloc_lock
                0x08009e78        0x4 c:/program files (x86)/gnu tools arm embedded/5.2 2015q4/bin/../lib/gcc/arm-none-eabi/5.2.1/../../../../arm-none-eabi/lib/armv7e-m\libc.a(lib_a-mlock.o)
                0x08009e78                __malloc_lock
 .text.__malloc_unlock
                0x08009e7c        0x4 c:/program files (x86)/gnu tools arm embedded/5.2 2015q4/bin/../lib/gcc/arm-none-eabi/5.2.1/../../../../arm-none-eabi/lib/armv7e-m\libc.a(lib_a-mlock.o)
                0x08009e7c                __malloc_unlock
 .text._sbrk_r  0x08009e80       0x24 c:/program files (x86)/gnu tools arm embedded/5.2 2015q4/bin/../lib/gcc/arm-none-eabi/5.2.1/../../../../arm-none-eabi/lib/armv7e-m\libc.a(lib_a-sbrkr.o)
                0x08009e80                _sbrk_r
 *fill*         0x08009ea4       0x1c 
 .text          0x08009ec0       0xdc c:/program files (x86)/gnu tools arm embedded/5.2 2015q4/bin/../lib/gcc/arm-none-eabi/5.2.1/../../../../arm-none-eabi/lib/armv7e-m\libc.a(lib_a-strlen.o)
                0x08009ec0                strlen
 .text.startup.register_fini
                0x08009f9c       0x14 c:/program files (x86)/gnu tools arm embedded/5.2 2015q4/bin/../lib/gcc/arm-none-eabi/5.2.1/../../../../arm-none-eabi/lib/armv7e-m\libc.a(lib_a-__call_atexit.o)
 .text.atexit   0x08009fb0        0xc c:/program files (x86)/gnu tools arm embedded/5.2 2015q4/bin/../lib/gcc/arm-none-eabi/5.2.1/../../../../arm-none-eabi/lib/armv7e-m\libc.a(lib_a-atexit.o)
                0x08009fb0                atexit
 .text.__libc_fini_array
                0x08009fbc       0x28 c:/program files (x86)/gnu tools arm embedded/5.2 2015q4/bin/../lib/gcc/arm-none-eabi/5.2.1/../../../../arm-none-eabi/lib/armv7e-m\libc.a(lib_a-fini.o)
                0x08009fbc                __libc_fini_array
 .text._malloc_trim_r
                0x08009fe4       0x9c c:/program files (x86)/gnu tools arm embedded/5.2 2015q4/bin/../lib/gcc/arm-none-eabi/5.2.1/../../../../arm-none-eabi/lib/armv7e-m\libc.a(lib_a-freer.o)
                0x08009fe4                _malloc_trim_r
 .text._free_r  0x0800a080      0x1d0 c:/program files (x86)/gnu tools arm embedded/5.2 2015q4/bin/../lib/gcc/arm-none-eabi/5.2.1/../../../../arm-none-eabi/lib/armv7e-m\libc.a(lib_a-freer.o)
                0x0800a080                _free_r
 .text.__register_exitproc
                0x0800a250       0xa4 c:/program files (x86)/gnu tools arm embedded/5.2 2015q4/bin/../lib/gcc/arm-none-eabi/5.2.1/../../../../arm-none-eabi/lib/armv7e-m\libc.a(lib_a-__atexit.o)
                0x0800a250                __register_exitproc
 *(.init)
 .init          0x0800a2f4        0x4 c:/program files (x86)/gnu tools arm embedded/5.2 2015q4/bin/../lib/gcc/arm-none-eabi/5.2.1/armv7e-m/crti.o
                0x0800a2f4                _init
 .init          0x0800a2f8        0x8 c:/program files (x86)/gnu tools arm embedded/5.2 2015q4/bin/../lib/gcc/arm-none-eabi/5.2.1/armv7e-m/crtn.o
 *(.fini)
 .fini          0x0800a300        0x4 c:/program files (x86)/gnu tools arm embedded/5.2 2015q4/bin/../lib/gcc/arm-none-eabi/5.2.1/armv7e-m/crti.o
                0x0800a300                _fini
 .fini          0x0800a304        0x8 c:/program files (x86)/gnu tools arm embedded/5.2 2015q4/bin/../lib/gcc/arm-none-eabi/5.2.1/armv7e-m/crtn.o
 *crtbegin.o(.ctors)
 *crtbegin?.o(.ctors)
 *(EXCLUDE_FILE(*crtend.o *crtend?.o) .ctors)
 *(SORT(.ctors.*))
 *(.ctors)
 *crtbegin.o(.dtors)
 *crtbegin?.o(.dtors)
 *(EXCLUDE_FILE(*crtend.o *crtend?.o) .dtors)
 *(SORT(.dtors.*))
 *(.dtors)
 *(.rodata*)
 .rodata        0x0800a30c       0x20 ..\obj\main.o
 .rodata        0x0800a32c       0x76 ..\obj\usbd_desc.o
 *fill*         0x0800a3a2        0x2 
 .rodata        0x0800a3a4       0x10 ..\obj\stm32f4xx_hal_rcc.o
                0x0800a3a4                APBAHBPrescTable
 .rodata.str1.4
                0x0800a3b4        0x4 c:/program files (x86)/gnu tools arm embedded/5.2 2015q4/bin/../lib/gcc/arm-none-eabi/5.2.1/../../../../arm-none-eabi/lib/armv7e-m\libc.a(lib_a-impure.o)
                                  0x2 (size before relaxing)
 .rodata._global_impure_ptr
                0x0800a3b8        0x4 c:/program files (x86)/gnu tools arm embedded/5.2 2015q4/bin/../lib/gcc/arm-none-eabi/5.2.1/../../../../arm-none-eabi/lib/armv7e-m\libc.a(lib_a-impure.o)
                0x0800a3b8                _global_impure_ptr
 *(.eh_fram e*)

.eh_frame       0x0800a3bc        0x0
 .eh_frame      0x0800a3bc        0x0 c:/program files (x86)/gnu tools arm embedded/5.2 2015q4/bin/../lib/gcc/arm-none-eabi/5.2.1/armv7e-m/crtbegin.o

.glue_7         0x0800a3bc        0x0
 .glue_7        0x0800a3bc        0x0 linker stubs

.glue_7t        0x0800a3bc        0x0
 .glue_7t       0x0800a3bc        0x0 linker stubs

.vfp11_veneer   0x0800a3bc        0x0
 .vfp11_veneer  0x0800a3bc        0x0 linker stubs

.v4_bx          0x0800a3bc        0x0
 .v4_bx         0x0800a3bc        0x0 linker stubs

.iplt           0x0800a3bc        0x0
 .iplt          0x0800a3bc        0x0 c:/program files (x86)/gnu tools arm embedded/5.2 2015q4/bin/../lib/gcc/arm-none-eabi/5.2.1/armv7e-m/crtbegin.o

.rel.dyn        0x0800a3bc        0x0
 .rel.iplt      0x0800a3bc        0x0 c:/program files (x86)/gnu tools arm embedded/5.2 2015q4/bin/../lib/gcc/arm-none-eabi/5.2.1/armv7e-m/crtbegin.o

.ARM.extab
 *(.ARM.extab* .gnu.linkonce.armextab.*)
                0x0800a3bc                __exidx_start = .

.ARM.exidx
 *(.ARM.exidx* .gnu.linkonce.armexidx.*)
                0x0800a3bc                __exidx_end = .
                0x0800a3bc                __etext = .
                0x0800a3bc                _sidata = __etext

.data           0x20000000      0x9dc load address 0x0800a3bc
                0x20000000                __data_start__ = .
                0x20000000                _sdata = __data_start__
 *(vtable)
 *(.data*)
 .data          0x20000000       0x4e ..\obj\usbd_desc.o
                0x20000000                VCP_Desc
                0x2000001c                USBD_DeviceDesc
                0x20000030                USBD_LangIDDesc
                0x20000034                USBD_StringSerial
 *fill*         0x2000004e        0x2 
 .data          0x20000050       0x14 ..\obj\system_stm32f4xx.o
                0x20000050                SystemCoreClock
                0x20000054                AHBPrescTable
 .data          0x20000064      0x10f ..\obj\usbd_cdc.o
                0x20000070                USBD_CDC
                0x200000a8                USBD_CDC_CfgHSDesc
                0x200000ec                USBD_CDC_CfgFSDesc
                0x20000130                USBD_CDC_OtherSpeedCfgDesc
 *fill*         0x20000173        0x1 
 .data          0x20000174       0x18 ..\obj\usbd_cdc_interface.o
                0x20000174                LineCoding
                0x2000017c                USBD_CDC_fops
 *fill*         0x2000018c        0x4 
 .data.impure_data
                0x20000190      0x428 c:/program files (x86)/gnu tools arm embedded/5.2 2015q4/bin/../lib/gcc/arm-none-eabi/5.2.1/../../../../arm-none-eabi/lib/armv7e-m\libc.a(lib_a-impure.o)
 .data._impure_ptr
                0x200005b8        0x4 c:/program files (x86)/gnu tools arm embedded/5.2 2015q4/bin/../lib/gcc/arm-none-eabi/5.2.1/../../../../arm-none-eabi/lib/armv7e-m\libc.a(lib_a-impure.o)
                0x200005b8                _impure_ptr
 .data.__malloc_av_
                0x200005bc      0x408 c:/program files (x86)/gnu tools arm embedded/5.2 2015q4/bin/../lib/gcc/arm-none-eabi/5.2.1/../../../../arm-none-eabi/lib/armv7e-m\libc.a(lib_a-mallocr.o)
                0x200005bc                __malloc_av_
 .data.__malloc_trim_threshold
                0x200009c4        0x4 c:/program files (x86)/gnu tools arm embedded/5.2 2015q4/bin/../lib/gcc/arm-none-eabi/5.2.1/../../../../arm-none-eabi/lib/armv7e-m\libc.a(lib_a-mallocr.o)
                0x200009c4                __malloc_trim_threshold
 .data.__malloc_sbrk_base
                0x200009c8        0x4 c:/program files (x86)/gnu tools arm embedded/5.2 2015q4/bin/../lib/gcc/arm-none-eabi/5.2.1/../../../../arm-none-eabi/lib/armv7e-m\libc.a(lib_a-mallocr.o)
                0x200009c8                __malloc_sbrk_base
                0x200009cc                . = ALIGN (0x4)
                0x200009cc                PROVIDE (__preinit_array_start, .)
 *(.preinit_array)
                0x200009cc                PROVIDE (__preinit_array_end, .)
                0x200009cc                . = ALIGN (0x4)
                0x200009cc                PROVIDE (__init_array_start, .)
 *(SORT(.init_array.*))
 .init_array.00000
                0x200009cc        0x4 c:/program files (x86)/gnu tools arm embedded/5.2 2015q4/bin/../lib/gcc/arm-none-eabi/5.2.1/../../../../arm-none-eabi/lib/armv7e-m\libc.a(lib_a-__call_atexit.o)
 *(.init_array)
 .init_array    0x200009d0        0x4 c:/program files (x86)/gnu tools arm embedded/5.2 2015q4/bin/../lib/gcc/arm-none-eabi/5.2.1/armv7e-m/crtbegin.o
                0x200009d4                PROVIDE (__init_array_end, .)
                0x200009d4                . = ALIGN (0x4)
                0x200009d4                PROVIDE (__fini_array_start, .)
 *(SORT(.fini_array.*))
 *(.fini_array)
 .fini_array    0x200009d4        0x4 c:/program files (x86)/gnu tools arm embedded/5.2 2015q4/bin/../lib/gcc/arm-none-eabi/5.2.1/armv7e-m/crtbegin.o
                0x200009d8                PROVIDE (__fini_array_end, .)
 *(.jcr*)
 .jcr           0x200009d8        0x0 c:/program files (x86)/gnu tools arm embedded/5.2 2015q4/bin/../lib/gcc/arm-none-eabi/5.2.1/armv7e-m/crtbegin.o
 .jcr           0x200009d8        0x4 c:/program files (x86)/gnu tools arm embedded/5.2 2015q4/bin/../lib/gcc/arm-none-eabi/5.2.1/armv7e-m/crtend.o
                0x200009dc                . = ALIGN (0x4)
                0x200009dc                __data_end__ = .
                0x200009dc                _edata = __data_end__

.tm_clone_table
                0x200009dc        0x0 load address 0x0800ad98
 .tm_clone_table
                0x200009dc        0x0 c:/program files (x86)/gnu tools arm embedded/5.2 2015q4/bin/../lib/gcc/arm-none-eabi/5.2.1/armv7e-m/crtbegin.o
 .tm_clone_table
                0x200009dc        0x0 c:/program files (x86)/gnu tools arm embedded/5.2 2015q4/bin/../lib/gcc/arm-none-eabi/5.2.1/armv7e-m/crtend.o

.igot.plt       0x200009dc        0x0 load address 0x0800ad98
 .igot.plt      0x200009dc        0x0 c:/program files (x86)/gnu tools arm embedded/5.2 2015q4/bin/../lib/gcc/arm-none-eabi/5.2.1/armv7e-m/crtbegin.o

.bss            0x200009dc     0x17d0 load address 0x0800ad98
                0x200009dc                . = ALIGN (0x4)
                0x200009dc                __bss_start__ = .
                0x200009dc                _sbss = __bss_start__
 *(.bss*)
 .bss           0x200009dc       0x1c c:/program files (x86)/gnu tools arm embedded/5.2 2015q4/bin/../lib/gcc/arm-none-eabi/5.2.1/armv7e-m/crtbegin.o
 .bss           0x200009f8        0x4 ..\obj\stm32f4xx_hal.o
 .bss           0x200009fc        0x4 ..\obj\syscalls.o
 .bss           0x20000a00        0x1 ..\obj\usbd_cdc.o
 *fill*         0x20000a01        0x3 
 .bss           0x20000a04        0x8 ..\obj\usbd_cdc_interface.o
                0x20000a04                UserTxBufPtrIn
                0x20000a08                UserTxBufPtrOut
 .bss           0x20000a0c        0x1 ..\obj\usbd_ctlreq.o
 *fill*         0x20000a0d        0x3 
 .bss.__malloc_max_total_mem
                0x20000a10        0x4 c:/program files (x86)/gnu tools arm embedded/5.2 2015q4/bin/../lib/gcc/arm-none-eabi/5.2.1/../../../../arm-none-eabi/lib/armv7e-m\libc.a(lib_a-mallocr.o)
                0x20000a10                __malloc_max_total_mem
 .bss.__malloc_max_sbrked_mem
                0x20000a14        0x4 c:/program files (x86)/gnu tools arm embedded/5.2 2015q4/bin/../lib/gcc/arm-none-eabi/5.2.1/../../../../arm-none-eabi/lib/armv7e-m\libc.a(lib_a-mallocr.o)
                0x20000a14                __malloc_max_sbrked_mem
 .bss.__malloc_top_pad
                0x20000a18        0x4 c:/program files (x86)/gnu tools arm embedded/5.2 2015q4/bin/../lib/gcc/arm-none-eabi/5.2.1/../../../../arm-none-eabi/lib/armv7e-m\libc.a(lib_a-mallocr.o)
                0x20000a18                __malloc_top_pad
 .bss.__malloc_current_mallinfo
                0x20000a1c       0x28 c:/program files (x86)/gnu tools arm embedded/5.2 2015q4/bin/../lib/gcc/arm-none-eabi/5.2.1/../../../../arm-none-eabi/lib/armv7e-m\libc.a(lib_a-mallocr.o)
                0x20000a1c                __malloc_current_mallinfo
 *(COMMON)
 COMMON         0x20000a44      0x238 ..\obj\main.o
                0x20000a44                USBD_Device
                0x20000c68                GPIO_InitStruct
 COMMON         0x20000c7c      0x100 ..\obj\usbd_desc.o
                0x20000c7c                USBD_StrDesc
 COMMON         0x20000d7c      0x3b0 ..\obj\usbd_conf.o
                0x20000d7c                hpcd
 COMMON         0x2000112c     0x107c ..\obj\usbd_cdc_interface.o
                0x2000112c                BuffLength
                0x20001130                UartHandle
                0x2000116c                UserTxBuffer
                0x2000196c                UserRxBuffer
                0x2000216c                TimHandle
 COMMON         0x200021a8        0x4 c:/program files (x86)/gnu tools arm embedded/5.2 2015q4/bin/../lib/gcc/arm-none-eabi/5.2.1/../../../../arm-none-eabi/lib/armv7e-m\libc.a(lib_a-reent.o)
                0x200021a8                errno
                0x200021ac                . = ALIGN (0x4)
                0x200021ac                __bss_end__ = .
                0x200021ac                _ebss = __bss_end__

.heap           0x200021ac        0x0
                0x200021ac                __end__ = .
                0x200021ac                _end = __end__
                0x200021ac                end = __end__
 *(.heap*)
                0x200021ac                __HeapLimit = .

.co_stack       0x200021ac        0x4 load address 0x0800c568
                0x200021b0                . = ALIGN (0x8)
 *fill*         0x200021ac        0x4 
 *(.co_stack .co_stack.*)
                0x20020000                __StackTop = (ORIGIN (ram) + LENGTH (ram))
                0x2001fffc                __StackLimit = (__StackTop - SIZEOF (.co_stack))
                0x20020000                PROVIDE (__stack, __StackTop)
                0x00000001                ASSERT ((__StackLimit >= __HeapLimit), region ram  overflowed with stack)
LOAD ..\obj\stm32f4xx_hal_spi.o
LOAD ..\obj\stm32f4xx_hal_flash_ramfunc.o
LOAD ..\obj\stm32f4xx_hal_i2c.o
LOAD ..\obj\stm32f4xx_hal_rng.o
LOAD ..\obj\stm32f4xx_hal_ltdc.o
LOAD ..\obj\stm32f4xx_hal_msp.o
LOAD ..\obj\stm32f4xx_hal_iwdg.o
LOAD ..\obj\stm32f4xx_hal_eth.o
LOAD ..\obj\stm32f4xx_ll_fsmc.o
LOAD ..\obj\stm32f4xx_hal_rtc.o
LOAD ..\obj\stm32f4xx_hal_uart.o
LOAD ..\obj\stm32f4xx_hal_tim.o
LOAD ..\obj\stm32f4xx_hal_hash_ex.o
LOAD ..\obj\stm32f4xx_hal_dma2d.o
LOAD ..\obj\stm32f4xx_ll_usb.o
LOAD ..\obj\stm32f4xx_hal_smartcard.o
LOAD ..\obj\stm32f4xx_hal_usart.o
LOAD ..\obj\usbd_core.o
LOAD ..\obj\main.o
LOAD ..\obj\stm32f4xx_hal_i2s_ex.o
LOAD ..\obj\stm32f4xx_it.o
LOAD ..\obj\stm32f4xx_hal_flash.o
LOAD ..\obj\stm32f4xx_hal_pwr.o
LOAD ..\obj\stm32f4xx_hal_can.o
LOAD ..\obj\stm32f4xx_hal_irda.o
LOAD ..\obj\stm32f4xx_hal_adc_ex.o
LOAD ..\obj\stm32f4xx_hal_dac.o
LOAD ..\obj\stm32f4xx_hal_sd.o
LOAD ..\obj\stm32f4xx_hal_rtc_ex.o
LOAD ..\obj\stm32f4xx_hal.o
LOAD ..\obj\stm32f4xx_hal_dma_ex.o
LOAD ..\obj\stm32f4xx_hal_rcc_ex.o
LOAD ..\obj\usbd_desc.o
LOAD ..\obj\usbd_conf.o
LOAD ..\obj\stm32f4xx_hal_crc.o
LOAD ..\obj\stm32f4xx_hal_sdram.o
LOAD ..\obj\stm32f4xx_hal_dcmi.o
LOAD ..\obj\stm32f4xx_hal_rcc.o
LOAD ..\obj\stm32f4xx_hal_flash_ex.o
LOAD ..\obj\stm32f4xx_hal_cortex.o
LOAD ..\obj\system_stm32f4xx.o
LOAD ..\obj\syscalls.o
LOAD ..\obj\stm32f4xx_hal_adc.o
LOAD ..\obj\stm32f4xx_hal_i2s.o
LOAD ..\obj\stm32f4xx_hal_pcd.o
LOAD ..\obj\stm32f4xx_hal_cryp.o
LOAD ..\obj\stm32f4xx_hal_pcd_ex.o
LOAD ..\obj\stm32f4xx_hal_gpio.o
LOAD ..\obj\startup_stm32f407xx.o
LOAD ..\obj\usbd_cdc.o
LOAD ..\obj\stm32f4xx_hal_i2c_ex.o
LOAD ..\obj\stm32f4xx_hal_nor.o
LOAD ..\obj\stm32f4xx_hal_nand.o
LOAD ..\obj\stm32f4xx_hal_pccard.o
LOAD ..\obj\stm32f4xx_hal_sram.o
LOAD ..\obj\stm32f4xx_hal_dac_ex.o
LOAD ..\obj\usbd_cdc_interface.o
LOAD ..\obj\stm32f4xx_hal_hcd.o
LOAD ..\obj\stm32f4xx_hal_pwr_ex.o
LOAD ..\obj\stm32f4xx_hal_tim_ex.o
LOAD ..\obj\stm32f4xx_ll_fmc.o
LOAD ..\obj\stm32f4xx_ll_sdmmc.o
LOAD ..\obj\usbd_ctlreq.o
LOAD ..\obj\stm32f4xx_hal_cryp_ex.o
LOAD ..\obj\stm32f4xx_hal_hash.o
LOAD ..\obj\stm32f4xx_hal_sai.o
LOAD ..\obj\stm32f4xx_hal_msp_template.o
LOAD ..\obj\stm32f4xx_hal_dma.o
LOAD ..\obj\usbd_ioreq.o
LOAD ..\obj\stm32f4xx_hal_wwdg.o
LOAD c:/program files (x86)/gnu tools arm embedded/5.2 2015q4/bin/../lib/gcc/arm-none-eabi/5.2.1/../../../../arm-none-eabi/lib/armv7e-m\libm.a
LOAD c:/program files (x86)/gnu tools arm embedded/5.2 2015q4/bin/../lib/gcc/arm-none-eabi/5.2.1/armv7e-m\libgcc.a
LOAD c:/program files (x86)/gnu tools arm embedded/5.2 2015q4/bin/../lib/gcc/arm-none-eabi/5.2.1/../../../../arm-none-eabi/lib/armv7e-m\libc.a
START GROUP
LOAD c:/program files (x86)/gnu tools arm embedded/5.2 2015q4/bin/../lib/gcc/arm-none-eabi/5.2.1/armv7e-m\libgcc.a
LOAD c:/program files (x86)/gnu tools arm embedded/5.2 2015q4/bin/../lib/gcc/arm-none-eabi/5.2.1/../../../../arm-none-eabi/lib/armv7e-m\libg.a
LOAD c:/program files (x86)/gnu tools arm embedded/5.2 2015q4/bin/../lib/gcc/arm-none-eabi/5.2.1/../../../../arm-none-eabi/lib/armv7e-m\libc.a
END GROUP
LOAD c:/program files (x86)/gnu tools arm embedded/5.2 2015q4/bin/../lib/gcc/arm-none-eabi/5.2.1/armv7e-m/crtend.o
LOAD c:/program files (x86)/gnu tools arm embedded/5.2 2015q4/bin/../lib/gcc/arm-none-eabi/5.2.1/armv7e-m/crtn.o
OUTPUT(F4Disco - USBTest.elf elf32-littlearm)

.ARM.attributes
                0x00000000       0x2a
 .ARM.attributes
                0x00000000       0x1e c:/program files (x86)/gnu tools arm embedded/5.2 2015q4/bin/../lib/gcc/arm-none-eabi/5.2.1/armv7e-m/crti.o
 .ARM.attributes
                0x0000001e       0x2e c:/program files (x86)/gnu tools arm embedded/5.2 2015q4/bin/../lib/gcc/arm-none-eabi/5.2.1/armv7e-m/crtbegin.o
 .ARM.attributes
                0x0000004c       0x33 ..\obj\stm32f4xx_hal_msp.o
 .ARM.attributes
                0x0000007f       0x33 ..\obj\stm32f4xx_hal_uart.o
 .ARM.attributes
                0x000000b2       0x33 ..\obj\stm32f4xx_hal_tim.o
 .ARM.attributes
                0x000000e5       0x33 ..\obj\stm32f4xx_ll_usb.o
 .ARM.attributes
                0x00000118       0x33 ..\obj\usbd_core.o
 .ARM.attributes
                0x0000014b       0x33 ..\obj\main.o
 .ARM.attributes
                0x0000017e       0x33 ..\obj\stm32f4xx_it.o
 .ARM.attributes
                0x000001b1       0x33 ..\obj\stm32f4xx_hal.o
 .ARM.attributes
                0x000001e4       0x33 ..\obj\usbd_desc.o
 .ARM.attributes
                0x00000217       0x33 ..\obj\usbd_conf.o
 .ARM.attributes
                0x0000024a       0x33 ..\obj\stm32f4xx_hal_rcc.o
 .ARM.attributes
                0x0000027d       0x33 ..\obj\stm32f4xx_hal_cortex.o
 .ARM.attributes
                0x000002b0       0x33 ..\obj\system_stm32f4xx.o
 .ARM.attributes
                0x000002e3       0x33 ..\obj\syscalls.o
 .ARM.attributes
                0x00000316       0x33 ..\obj\stm32f4xx_hal_pcd.o
 .ARM.attributes
                0x00000349       0x33 ..\obj\stm32f4xx_hal_pcd_ex.o
 .ARM.attributes
                0x0000037c       0x33 ..\obj\stm32f4xx_hal_gpio.o
 .ARM.attributes
                0x000003af       0x21 ..\obj\startup_stm32f407xx.o
 .ARM.attributes
                0x000003d0       0x33 ..\obj\usbd_cdc.o
 .ARM.attributes
                0x00000403       0x33 ..\obj\usbd_cdc_interface.o
 .ARM.attributes
                0x00000436       0x33 ..\obj\stm32f4xx_hal_tim_ex.o
 .ARM.attributes
                0x00000469       0x33 ..\obj\usbd_ctlreq.o
 .ARM.attributes
                0x0000049c       0x33 ..\obj\stm32f4xx_hal_msp_template.o
 .ARM.attributes
                0x000004cf       0x33 ..\obj\stm32f4xx_hal_dma.o
 .ARM.attributes
                0x00000502       0x33 ..\obj\usbd_ioreq.o
 .ARM.attributes
                0x00000535       0x2e c:/program files (x86)/gnu tools arm embedded/5.2 2015q4/bin/../lib/gcc/arm-none-eabi/5.2.1/../../../../arm-none-eabi/lib/armv7e-m\libc.a(lib_a-impure.o)
 .ARM.attributes
                0x00000563       0x2e c:/program files (x86)/gnu tools arm embedded/5.2 2015q4/bin/../lib/gcc/arm-none-eabi/5.2.1/../../../../arm-none-eabi/lib/armv7e-m\libc.a(lib_a-init.o)
 .ARM.attributes
                0x00000591       0x2e c:/program files (x86)/gnu tools arm embedded/5.2 2015q4/bin/../lib/gcc/arm-none-eabi/5.2.1/../../../../arm-none-eabi/lib/armv7e-m\libc.a(lib_a-malloc.o)
 .ARM.attributes
                0x000005bf       0x2e c:/program files (x86)/gnu tools arm embedded/5.2 2015q4/bin/../lib/gcc/arm-none-eabi/5.2.1/../../../../arm-none-eabi/lib/armv7e-m\libc.a(lib_a-mallocr.o)
 .ARM.attributes
                0x000005ed       0x2e c:/program files (x86)/gnu tools arm embedded/5.2 2015q4/bin/../lib/gcc/arm-none-eabi/5.2.1/../../../../arm-none-eabi/lib/armv7e-m\libc.a(lib_a-mlock.o)
 .ARM.attributes
                0x0000061b       0x2e c:/program files (x86)/gnu tools arm embedded/5.2 2015q4/bin/../lib/gcc/arm-none-eabi/5.2.1/../../../../arm-none-eabi/lib/armv7e-m\libc.a(lib_a-sbrkr.o)
 .ARM.attributes
                0x00000649       0x1c c:/program files (x86)/gnu tools arm embedded/5.2 2015q4/bin/../lib/gcc/arm-none-eabi/5.2.1/../../../../arm-none-eabi/lib/armv7e-m\libc.a(lib_a-strlen.o)
 .ARM.attributes
                0x00000665       0x2e c:/program files (x86)/gnu tools arm embedded/5.2 2015q4/bin/../lib/gcc/arm-none-eabi/5.2.1/../../../../arm-none-eabi/lib/armv7e-m\libc.a(lib_a-__call_atexit.o)
 .ARM.attributes
                0x00000693       0x2e c:/program files (x86)/gnu tools arm embedded/5.2 2015q4/bin/../lib/gcc/arm-none-eabi/5.2.1/../../../../arm-none-eabi/lib/armv7e-m\libc.a(lib_a-atexit.o)
 .ARM.attributes
                0x000006c1       0x2e c:/program files (x86)/gnu tools arm embedded/5.2 2015q4/bin/../lib/gcc/arm-none-eabi/5.2.1/../../../../arm-none-eabi/lib/armv7e-m\libc.a(lib_a-fini.o)
 .ARM.attributes
                0x000006ef       0x2e c:/program files (x86)/gnu tools arm embedded/5.2 2015q4/bin/../lib/gcc/arm-none-eabi/5.2.1/../../../../arm-none-eabi/lib/armv7e-m\libc.a(lib_a-freer.o)
 .ARM.attributes
                0x0000071d       0x2e c:/program files (x86)/gnu tools arm embedded/5.2 2015q4/bin/../lib/gcc/arm-none-eabi/5.2.1/../../../../arm-none-eabi/lib/armv7e-m\libc.a(lib_a-reent.o)
 .ARM.attributes
                0x0000074b       0x2e c:/program files (x86)/gnu tools arm embedded/5.2 2015q4/bin/../lib/gcc/arm-none-eabi/5.2.1/../../../../arm-none-eabi/lib/armv7e-m\libc.a(lib_a-__atexit.o)
 .ARM.attributes
                0x00000779       0x2e c:/program files (x86)/gnu tools arm embedded/5.2 2015q4/bin/../lib/gcc/arm-none-eabi/5.2.1/armv7e-m/crtend.o
 .ARM.attributes
                0x000007a7       0x1e c:/program files (x86)/gnu tools arm embedded/5.2 2015q4/bin/../lib/gcc/arm-none-eabi/5.2.1/armv7e-m/crtn.o

.comment        0x00000000       0x6e
 .comment       0x00000000       0x6e ..\obj\stm32f4xx_hal_msp.o
                                 0x6f (size before relaxing)
 .comment       0x0000006e       0x6f ..\obj\stm32f4xx_hal_uart.o
 .comment       0x0000006e       0x6f ..\obj\stm32f4xx_hal_tim.o
 .comment       0x0000006e       0x6f ..\obj\stm32f4xx_ll_usb.o
 .comment       0x0000006e       0x6f ..\obj\usbd_core.o
 .comment       0x0000006e       0x6f ..\obj\main.o
 .comment       0x0000006e       0x6f ..\obj\stm32f4xx_it.o
 .comment       0x0000006e       0x6f ..\obj\stm32f4xx_hal.o
 .comment       0x0000006e       0x6f ..\obj\usbd_desc.o
 .comment       0x0000006e       0x6f ..\obj\usbd_conf.o
 .comment       0x0000006e       0x6f ..\obj\stm32f4xx_hal_rcc.o
 .comment       0x0000006e       0x6f ..\obj\stm32f4xx_hal_cortex.o
 .comment       0x0000006e       0x6f ..\obj\system_stm32f4xx.o
 .comment       0x0000006e       0x6f ..\obj\syscalls.o
 .comment       0x0000006e       0x6f ..\obj\stm32f4xx_hal_pcd.o
 .comment       0x0000006e       0x6f ..\obj\stm32f4xx_hal_pcd_ex.o
 .comment       0x0000006e       0x6f ..\obj\stm32f4xx_hal_gpio.o
 .comment       0x0000006e       0x6f ..\obj\usbd_cdc.o
 .comment       0x0000006e       0x6f ..\obj\usbd_cdc_interface.o
 .comment       0x0000006e       0x6f ..\obj\stm32f4xx_hal_tim_ex.o
 .comment       0x0000006e       0x6f ..\obj\usbd_ctlreq.o
 .comment       0x0000006e       0x6f ..\obj\stm32f4xx_hal_msp_template.o
 .comment       0x0000006e       0x6f ..\obj\stm32f4xx_hal_dma.o
 .comment       0x0000006e       0x6f ..\obj\usbd_ioreq.o

.debug_info     0x00000000    0x10a99
 .debug_info    0x00000000      0xa7c ..\obj\stm32f4xx_hal_msp.o
 .debug_info    0x00000a7c      0xe48 ..\obj\stm32f4xx_hal_uart.o
 .debug_info    0x000018c4     0x20fc ..\obj\stm32f4xx_hal_tim.o
 .debug_info    0x000039c0     0x13b7 ..\obj\stm32f4xx_ll_usb.o
 .debug_info    0x00004d77      0x90a ..\obj\usbd_core.o
 .debug_info    0x00005681      0xa85 ..\obj\main.o
 .debug_info    0x00006106      0xc21 ..\obj\stm32f4xx_it.o
 .debug_info    0x00006d27      0x7bf ..\obj\stm32f4xx_hal.o
 .debug_info    0x000074e6      0x444 ..\obj\usbd_desc.o
 .debug_info    0x0000792a     0x15d2 ..\obj\usbd_conf.o
 .debug_info    0x00008efc      0xe2b ..\obj\stm32f4xx_hal_rcc.o
 .debug_info    0x00009d27      0xb55 ..\obj\stm32f4xx_hal_cortex.o
 .debug_info    0x0000a87c      0x49a ..\obj\system_stm32f4xx.o
 .debug_info    0x0000ad16      0x3f5 ..\obj\syscalls.o
 .debug_info    0x0000b10b      0xe85 ..\obj\stm32f4xx_hal_pcd.o
 .debug_info    0x0000bf90      0x543 ..\obj\stm32f4xx_hal_pcd_ex.o
 .debug_info    0x0000c4d3      0x6dc ..\obj\stm32f4xx_hal_gpio.o
 .debug_info    0x0000cbaf       0xff ..\obj\startup_stm32f407xx.o
 .debug_info    0x0000ccae      0xa56 ..\obj\usbd_cdc.o
 .debug_info    0x0000d704      0xe8b ..\obj\usbd_cdc_interface.o
 .debug_info    0x0000e58f      0xf17 ..\obj\stm32f4xx_hal_tim_ex.o
 .debug_info    0x0000f4a6      0x86b ..\obj\usbd_ctlreq.o
 .debug_info    0x0000fd11       0xda ..\obj\stm32f4xx_hal_msp_template.o
 .debug_info    0x0000fdeb      0x643 ..\obj\stm32f4xx_hal_dma.o
 .debug_info    0x0001042e      0x66b ..\obj\usbd_ioreq.o

.debug_abbrev   0x00000000     0x2953
 .debug_abbrev  0x00000000      0x14c ..\obj\stm32f4xx_hal_msp.o
 .debug_abbrev  0x0000014c      0x1e7 ..\obj\stm32f4xx_hal_uart.o
 .debug_abbrev  0x00000333      0x206 ..\obj\stm32f4xx_hal_tim.o
 .debug_abbrev  0x00000539      0x213 ..\obj\stm32f4xx_ll_usb.o
 .debug_abbrev  0x0000074c      0x1bd ..\obj\usbd_core.o
 .debug_abbrev  0x00000909      0x1b1 ..\obj\main.o
 .debug_abbrev  0x00000aba      0x193 ..\obj\stm32f4xx_it.o
 .debug_abbrev  0x00000c4d      0x186 ..\obj\stm32f4xx_hal.o
 .debug_abbrev  0x00000dd3      0x174 ..\obj\usbd_desc.o
 .debug_abbrev  0x00000f47      0x267 ..\obj\usbd_conf.o
 .debug_abbrev  0x000011ae      0x289 ..\obj\stm32f4xx_hal_rcc.o
 .debug_abbrev  0x00001437      0x2a2 ..\obj\stm32f4xx_hal_cortex.o
 .debug_abbrev  0x000016d9       0xff ..\obj\system_stm32f4xx.o
 .debug_abbrev  0x000017d8       0xe5 ..\obj\syscalls.o
 .debug_abbrev  0x000018bd      0x238 ..\obj\stm32f4xx_hal_pcd.o
 .debug_abbrev  0x00001af5      0x15e ..\obj\stm32f4xx_hal_pcd_ex.o
 .debug_abbrev  0x00001c53      0x1a1 ..\obj\stm32f4xx_hal_gpio.o
 .debug_abbrev  0x00001df4       0x12 ..\obj\startup_stm32f407xx.o
 .debug_abbrev  0x00001e06      0x1e2 ..\obj\usbd_cdc.o
 .debug_abbrev  0x00001fe8      0x236 ..\obj\usbd_cdc_interface.o
 .debug_abbrev  0x0000221e      0x1f4 ..\obj\stm32f4xx_hal_tim_ex.o
 .debug_abbrev  0x00002412      0x1ed ..\obj\usbd_ctlreq.o
 .debug_abbrev  0x000025ff       0x65 ..\obj\stm32f4xx_hal_msp_template.o
 .debug_abbrev  0x00002664      0x1c2 ..\obj\stm32f4xx_hal_dma.o
 .debug_abbrev  0x00002826      0x12d ..\obj\usbd_ioreq.o

.debug_aranges  0x00000000     0x1148
 .debug_aranges
                0x00000000       0x28 ..\obj\stm32f4xx_hal_msp.o
 .debug_aranges
                0x00000028      0x148 ..\obj\stm32f4xx_hal_uart.o
 .debug_aranges
                0x00000170      0x358 ..\obj\stm32f4xx_hal_tim.o
 .debug_aranges
                0x000004c8      0x180 ..\obj\stm32f4xx_ll_usb.o
 .debug_aranges
                0x00000648       0xb8 ..\obj\usbd_core.o
 .debug_aranges
                0x00000700       0x30 ..\obj\main.o
 .debug_aranges
                0x00000730       0x80 ..\obj\stm32f4xx_it.o
 .debug_aranges
                0x000007b0       0xc0 ..\obj\stm32f4xx_hal.o
 .debug_aranges
                0x00000870       0x60 ..\obj\usbd_desc.o
 .debug_aranges
                0x000008d0      0x100 ..\obj\usbd_conf.o
 .debug_aranges
                0x000009d0       0x88 ..\obj\stm32f4xx_hal_rcc.o
 .debug_aranges
                0x00000a58      0x100 ..\obj\stm32f4xx_hal_cortex.o
 .debug_aranges
                0x00000b58       0x28 ..\obj\system_stm32f4xx.o
 .debug_aranges
                0x00000b80       0x60 ..\obj\syscalls.o
 .debug_aranges
                0x00000be0      0x120 ..\obj\stm32f4xx_hal_pcd.o
 .debug_aranges
                0x00000d00       0x28 ..\obj\stm32f4xx_hal_pcd_ex.o
 .debug_aranges
                0x00000d28       0x58 ..\obj\stm32f4xx_hal_gpio.o
 .debug_aranges
                0x00000d80       0x28 ..\obj\startup_stm32f407xx.o
 .debug_aranges
                0x00000da8       0x90 ..\obj\usbd_cdc.o
 .debug_aranges
                0x00000e38       0x58 ..\obj\usbd_cdc_interface.o
 .debug_aranges
                0x00000e90      0x140 ..\obj\stm32f4xx_hal_tim_ex.o
 .debug_aranges
                0x00000fd0       0x88 ..\obj\usbd_ctlreq.o
 .debug_aranges
                0x00001058       0x38 ..\obj\stm32f4xx_hal_msp_template.o
 .debug_aranges
                0x00001090       0x68 ..\obj\stm32f4xx_hal_dma.o
 .debug_aranges
                0x000010f8       0x50 ..\obj\usbd_ioreq.o

.debug_ranges   0x00000000      0xfc0
 .debug_ranges  0x00000000       0x18 ..\obj\stm32f4xx_hal_msp.o
 .debug_ranges  0x00000018      0x138 ..\obj\stm32f4xx_hal_uart.o
 .debug_ranges  0x00000150      0x348 ..\obj\stm32f4xx_hal_tim.o
 .debug_ranges  0x00000498      0x170 ..\obj\stm32f4xx_ll_usb.o
 .debug_ranges  0x00000608       0xa8 ..\obj\usbd_core.o
 .debug_ranges  0x000006b0       0x20 ..\obj\main.o
 .debug_ranges  0x000006d0       0x70 ..\obj\stm32f4xx_it.o
 .debug_ranges  0x00000740       0xb0 ..\obj\stm32f4xx_hal.o
 .debug_ranges  0x000007f0       0x50 ..\obj\usbd_desc.o
 .debug_ranges  0x00000840       0xf0 ..\obj\usbd_conf.o
 .debug_ranges  0x00000930       0x78 ..\obj\stm32f4xx_hal_rcc.o
 .debug_ranges  0x000009a8       0xf0 ..\obj\stm32f4xx_hal_cortex.o
 .debug_ranges  0x00000a98       0x18 ..\obj\system_stm32f4xx.o
 .debug_ranges  0x00000ab0       0x50 ..\obj\syscalls.o
 .debug_ranges  0x00000b00      0x110 ..\obj\stm32f4xx_hal_pcd.o
 .debug_ranges  0x00000c10       0x18 ..\obj\stm32f4xx_hal_pcd_ex.o
 .debug_ranges  0x00000c28       0x48 ..\obj\stm32f4xx_hal_gpio.o
 .debug_ranges  0x00000c70       0x20 ..\obj\startup_stm32f407xx.o
 .debug_ranges  0x00000c90       0x80 ..\obj\usbd_cdc.o
 .debug_ranges  0x00000d10       0x48 ..\obj\usbd_cdc_interface.o
 .debug_ranges  0x00000d58      0x130 ..\obj\stm32f4xx_hal_tim_ex.o
 .debug_ranges  0x00000e88       0x78 ..\obj\usbd_ctlreq.o
 .debug_ranges  0x00000f00       0x28 ..\obj\stm32f4xx_hal_msp_template.o
 .debug_ranges  0x00000f28       0x58 ..\obj\stm32f4xx_hal_dma.o
 .debug_ranges  0x00000f80       0x40 ..\obj\usbd_ioreq.o

.debug_line     0x00000000     0xbeac
 .debug_line    0x00000000      0x341 ..\obj\stm32f4xx_hal_msp.o
 .debug_line    0x00000341      0x951 ..\obj\stm32f4xx_hal_uart.o
 .debug_line    0x00000c92     0x13d2 ..\obj\stm32f4xx_hal_tim.o
 .debug_line    0x00002064      0x8fe ..\obj\stm32f4xx_ll_usb.o
 .debug_line    0x00002962      0x39e ..\obj\usbd_core.o
 .debug_line    0x00002d00      0x3ee ..\obj\main.o
 .debug_line    0x000030ee      0x40d ..\obj\stm32f4xx_it.o
 .debug_line    0x000034fb      0x426 ..\obj\stm32f4xx_hal.o
 .debug_line    0x00003921      0x2a7 ..\obj\usbd_desc.o
 .debug_line    0x00003bc8      0x5e4 ..\obj\usbd_conf.o
 .debug_line    0x000041ac      0x653 ..\obj\stm32f4xx_hal_rcc.o
 .debug_line    0x000047ff      0x54b ..\obj\stm32f4xx_hal_cortex.o
 .debug_line    0x00004d4a      0x236 ..\obj\system_stm32f4xx.o
 .debug_line    0x00004f80      0x181 ..\obj\syscalls.o
 .debug_line    0x00005101      0x7be ..\obj\stm32f4xx_hal_pcd.o
 .debug_line    0x000058bf      0x2f7 ..\obj\stm32f4xx_hal_pcd_ex.o
 .debug_line    0x00005bb6      0x44c ..\obj\stm32f4xx_hal_gpio.o
 .debug_line    0x00006002       0xe7 ..\obj\startup_stm32f407xx.o
 .debug_line    0x000060e9      0x33a ..\obj\usbd_cdc.o
 .debug_line    0x00006423      0x402 ..\obj\usbd_cdc_interface.o
 .debug_line    0x00006825      0x891 ..\obj\stm32f4xx_hal_tim_ex.o
 .debug_line    0x000070b6      0x3f8 ..\obj\usbd_ctlreq.o
 .debug_line    0x000074ae      0x239 ..\obj\stm32f4xx_hal_msp_template.o
 .debug_line    0x000076e7     0x458c ..\obj\stm32f4xx_hal_dma.o
 .debug_line    0x0000bc73      0x239 ..\obj\usbd_ioreq.o

.debug_str      0x00000000     0x5167
 .debug_str     0x00000000      0xc97 ..\obj\stm32f4xx_hal_msp.o
                                0xd30 (size before relaxing)
 .debug_str     0x00000c97      0x3ef ..\obj\stm32f4xx_hal_uart.o
                                0xa5f (size before relaxing)
 .debug_str     0x00001086      0xed3 ..\obj\stm32f4xx_hal_tim.o
                               0x1351 (size before relaxing)
 .debug_str     0x00001f59      0x989 ..\obj\stm32f4xx_ll_usb.o
                                0xb5f (size before relaxing)
 .debug_str     0x000028e2      0x4c3 ..\obj\usbd_core.o
                                0x73b (size before relaxing)
 .debug_str     0x00002da5      0x20d ..\obj\main.o
                                0x901 (size before relaxing)
 .debug_str     0x00002fb2      0x1eb ..\obj\stm32f4xx_it.o
                                0xbf4 (size before relaxing)
 .debug_str     0x0000319d      0x24a ..\obj\stm32f4xx_hal.o
                                0xa06 (size before relaxing)
 .debug_str     0x000033e7      0x18e ..\obj\usbd_desc.o
                                0x476 (size before relaxing)
 .debug_str     0x00003575      0x31c ..\obj\usbd_conf.o
                               0x11ff (size before relaxing)
 .debug_str     0x00003891      0x223 ..\obj\stm32f4xx_hal_rcc.o
                                0x69d (size before relaxing)
 .debug_str     0x00003ab4      0x2a9 ..\obj\stm32f4xx_hal_cortex.o
                                0xad3 (size before relaxing)
 .debug_str     0x00003d5d       0xb1 ..\obj\system_stm32f4xx.o
                                0x37e (size before relaxing)
 .debug_str     0x00003e0e      0x156 ..\obj\syscalls.o
                                0x2f0 (size before relaxing)
 .debug_str     0x00003f64      0x232 ..\obj\stm32f4xx_hal_pcd.o
                                0x9aa (size before relaxing)
 .debug_str     0x00004196       0xc5 ..\obj\stm32f4xx_hal_pcd_ex.o
                                0x54c (size before relaxing)
 .debug_str     0x0000425b      0x1c2 ..\obj\stm32f4xx_hal_gpio.o
                                0x4d1 (size before relaxing)
 .debug_str     0x0000441d      0x23f ..\obj\usbd_cdc.o
                                0x81d (size before relaxing)
 .debug_str     0x0000465c      0x12e ..\obj\usbd_cdc_interface.o
                                0xdbd (size before relaxing)
 .debug_str     0x0000478a      0x592 ..\obj\stm32f4xx_hal_tim_ex.o
                                0xc35 (size before relaxing)
 .debug_str     0x00004d1c      0x123 ..\obj\usbd_ctlreq.o
                                0x6c1 (size before relaxing)
 .debug_str     0x00004e3f       0xb6 ..\obj\stm32f4xx_hal_msp_template.o
                                0x1f8 (size before relaxing)
 .debug_str     0x00004ef5      0x1ac ..\obj\stm32f4xx_hal_dma.o
                                0x5db (size before relaxing)
 .debug_str     0x000050a1       0xc6 ..\obj\usbd_ioreq.o
                                0x649 (size before relaxing)

.debug_frame    0x00000000     0x493c
 .debug_frame   0x00000000       0x58 ..\obj\stm32f4xx_hal_msp.o
 .debug_frame   0x00000058      0x5b8 ..\obj\stm32f4xx_hal_uart.o
 .debug_frame   0x00000610      0xf74 ..\obj\stm32f4xx_hal_tim.o
 .debug_frame   0x00001584      0x718 ..\obj\stm32f4xx_ll_usb.o
 .debug_frame   0x00001c9c      0x300 ..\obj\usbd_core.o
 .debug_frame   0x00001f9c       0x78 ..\obj\main.o
 .debug_frame   0x00002014      0x17c ..\obj\stm32f4xx_it.o
 .debug_frame   0x00002190      0x2b0 ..\obj\stm32f4xx_hal.o
 .debug_frame   0x00002440      0x160 ..\obj\usbd_desc.o
 .debug_frame   0x000025a0      0x430 ..\obj\usbd_conf.o
 .debug_frame   0x000029d0      0x204 ..\obj\stm32f4xx_hal_rcc.o
 .debug_frame   0x00002bd4      0x428 ..\obj\stm32f4xx_hal_cortex.o
 .debug_frame   0x00002ffc       0x58 ..\obj\system_stm32f4xx.o
 .debug_frame   0x00003054      0x168 ..\obj\syscalls.o
 .debug_frame   0x000031bc      0x508 ..\obj\stm32f4xx_hal_pcd.o
 .debug_frame   0x000036c4       0x60 ..\obj\stm32f4xx_hal_pcd_ex.o
 .debug_frame   0x00003724      0x14c ..\obj\stm32f4xx_hal_gpio.o
 .debug_frame   0x00003870      0x24c ..\obj\usbd_cdc.o
 .debug_frame   0x00003abc      0x118 ..\obj\usbd_cdc_interface.o
 .debug_frame   0x00003bd4      0x574 ..\obj\stm32f4xx_hal_tim_ex.o
 .debug_frame   0x00004148      0x210 ..\obj\usbd_ctlreq.o
 .debug_frame   0x00004358       0x90 ..\obj\stm32f4xx_hal_msp_template.o
 .debug_frame   0x000043e8      0x194 ..\obj\stm32f4xx_hal_dma.o
 .debug_frame   0x0000457c      0x10c ..\obj\usbd_ioreq.o
 .debug_frame   0x00004688       0x2c c:/program files (x86)/gnu tools arm embedded/5.2 2015q4/bin/../lib/gcc/arm-none-eabi/5.2.1/../../../../arm-none-eabi/lib/armv7e-m\libc.a(lib_a-init.o)
 .debug_frame   0x000046b4       0x30 c:/program files (x86)/gnu tools arm embedded/5.2 2015q4/bin/../lib/gcc/arm-none-eabi/5.2.1/../../../../arm-none-eabi/lib/armv7e-m\libc.a(lib_a-malloc.o)
 .debug_frame   0x000046e4       0x58 c:/program files (x86)/gnu tools arm embedded/5.2 2015q4/bin/../lib/gcc/arm-none-eabi/5.2.1/../../../../arm-none-eabi/lib/armv7e-m\libc.a(lib_a-mallocr.o)
 .debug_frame   0x0000473c       0x30 c:/program files (x86)/gnu tools arm embedded/5.2 2015q4/bin/../lib/gcc/arm-none-eabi/5.2.1/../../../../arm-none-eabi/lib/armv7e-m\libc.a(lib_a-mlock.o)
 .debug_frame   0x0000476c       0x2c c:/program files (x86)/gnu tools arm embedded/5.2 2015q4/bin/../lib/gcc/arm-none-eabi/5.2.1/../../../../arm-none-eabi/lib/armv7e-m\libc.a(lib_a-sbrkr.o)
 .debug_frame   0x00004798       0x50 c:/program files (x86)/gnu tools arm embedded/5.2 2015q4/bin/../lib/gcc/arm-none-eabi/5.2.1/../../../../arm-none-eabi/lib/armv7e-m\libc.a(lib_a-__call_atexit.o)
 .debug_frame   0x000047e8       0x20 c:/program files (x86)/gnu tools arm embedded/5.2 2015q4/bin/../lib/gcc/arm-none-eabi/5.2.1/../../../../arm-none-eabi/lib/armv7e-m\libc.a(lib_a-atexit.o)
 .debug_frame   0x00004808       0x34 c:/program files (x86)/gnu tools arm embedded/5.2 2015q4/bin/../lib/gcc/arm-none-eabi/5.2.1/../../../../arm-none-eabi/lib/armv7e-m\libc.a(lib_a-fini.o)
 .debug_frame   0x0000483c       0x74 c:/program files (x86)/gnu tools arm embedded/5.2 2015q4/bin/../lib/gcc/arm-none-eabi/5.2.1/../../../../arm-none-eabi/lib/armv7e-m\libc.a(lib_a-freer.o)
 .debug_frame   0x000048b0       0x58 c:/program files (x86)/gnu tools arm embedded/5.2 2015q4/bin/../lib/gcc/arm-none-eabi/5.2.1/../../../../arm-none-eabi/lib/armv7e-m\libc.a(lib_a-reent.o)
 .debug_frame   0x00004908       0x34 c:/program files (x86)/gnu tools arm embedded/5.2 2015q4/bin/../lib/gcc/arm-none-eabi/5.2.1/../../../../arm-none-eabi/lib/armv7e-m\libc.a(lib_a-__atexit.o)
