Archive member included to satisfy reference by file (symbol)

c:/program files (x86)/gnu tools arm embedded/5.2 2015q4/bin/../lib/gcc/arm-none-eabi/5.2.1/../../../../arm-none-eabi/lib/armv7e-m\libc.a(lib_a-exit.o)
                              c:/program files (x86)/gnu tools arm embedded/5.2 2015q4/bin/../lib/gcc/arm-none-eabi/5.2.1/../../../../arm-none-eabi/lib/armv7e-m/crt0.o (exit)
c:/program files (x86)/gnu tools arm embedded/5.2 2015q4/bin/../lib/gcc/arm-none-eabi/5.2.1/../../../../arm-none-eabi/lib/armv7e-m\libc.a(lib_a-impure.o)
                              c:/program files (x86)/gnu tools arm embedded/5.2 2015q4/bin/../lib/gcc/arm-none-eabi/5.2.1/../../../../arm-none-eabi/lib/armv7e-m\libc.a(lib_a-exit.o) (_global_impure_ptr)
c:/program files (x86)/gnu tools arm embedded/5.2 2015q4/bin/../lib/gcc/arm-none-eabi/5.2.1/../../../../arm-none-eabi/lib/armv7e-m\libc.a(lib_a-init.o)
                              c:/program files (x86)/gnu tools arm embedded/5.2 2015q4/bin/../lib/gcc/arm-none-eabi/5.2.1/../../../../arm-none-eabi/lib/armv7e-m/crt0.o (__libc_init_array)
c:/program files (x86)/gnu tools arm embedded/5.2 2015q4/bin/../lib/gcc/arm-none-eabi/5.2.1/../../../../arm-none-eabi/lib/armv7e-m\libc.a(lib_a-memset.o)
                              c:/program files (x86)/gnu tools arm embedded/5.2 2015q4/bin/../lib/gcc/arm-none-eabi/5.2.1/../../../../arm-none-eabi/lib/armv7e-m/crt0.o (memset)
c:/program files (x86)/gnu tools arm embedded/5.2 2015q4/bin/../lib/gcc/arm-none-eabi/5.2.1/../../../../arm-none-eabi/lib/armv7e-m\libc.a(lib_a-__call_atexit.o)
                              c:/program files (x86)/gnu tools arm embedded/5.2 2015q4/bin/../lib/gcc/arm-none-eabi/5.2.1/../../../../arm-none-eabi/lib/armv7e-m\libc.a(lib_a-exit.o) (__call_exitprocs)
c:/program files (x86)/gnu tools arm embedded/5.2 2015q4/bin/../lib/gcc/arm-none-eabi/5.2.1/../../../../arm-none-eabi/lib/armv7e-m\libc.a(lib_a-atexit.o)
                              c:/program files (x86)/gnu tools arm embedded/5.2 2015q4/bin/../lib/gcc/arm-none-eabi/5.2.1/../../../../arm-none-eabi/lib/armv7e-m\libc.a(lib_a-__call_atexit.o) (atexit)
c:/program files (x86)/gnu tools arm embedded/5.2 2015q4/bin/../lib/gcc/arm-none-eabi/5.2.1/../../../../arm-none-eabi/lib/armv7e-m\libc.a(lib_a-fini.o)
                              c:/program files (x86)/gnu tools arm embedded/5.2 2015q4/bin/../lib/gcc/arm-none-eabi/5.2.1/../../../../arm-none-eabi/lib/armv7e-m\libc.a(lib_a-__call_atexit.o) (__libc_fini_array)
c:/program files (x86)/gnu tools arm embedded/5.2 2015q4/bin/../lib/gcc/arm-none-eabi/5.2.1/../../../../arm-none-eabi/lib/armv7e-m\libc.a(lib_a-__atexit.o)
                              c:/program files (x86)/gnu tools arm embedded/5.2 2015q4/bin/../lib/gcc/arm-none-eabi/5.2.1/../../../../arm-none-eabi/lib/armv7e-m\libc.a(lib_a-atexit.o) (__register_exitproc)

Allocating common symbols
Common symbol       size              file

pFlash              0x1c              ..\obj\stm32f4xx_hal_flash.o
GPIO_InitStruct     0x14              ..\obj\main.o

Discarded input sections

 .text          0x00000000        0x0 c:/program files (x86)/gnu tools arm embedded/5.2 2015q4/bin/../lib/gcc/arm-none-eabi/5.2.1/armv7e-m/crti.o
 .data          0x00000000        0x0 c:/program files (x86)/gnu tools arm embedded/5.2 2015q4/bin/../lib/gcc/arm-none-eabi/5.2.1/armv7e-m/crti.o
 .bss           0x00000000        0x0 c:/program files (x86)/gnu tools arm embedded/5.2 2015q4/bin/../lib/gcc/arm-none-eabi/5.2.1/armv7e-m/crti.o
 .data          0x00000000        0x4 c:/program files (x86)/gnu tools arm embedded/5.2 2015q4/bin/../lib/gcc/arm-none-eabi/5.2.1/armv7e-m/crtbegin.o
 .text          0x00000000       0x74 c:/program files (x86)/gnu tools arm embedded/5.2 2015q4/bin/../lib/gcc/arm-none-eabi/5.2.1/../../../../arm-none-eabi/lib/armv7e-m/crt0.o
 .data          0x00000000        0x0 c:/program files (x86)/gnu tools arm embedded/5.2 2015q4/bin/../lib/gcc/arm-none-eabi/5.2.1/../../../../arm-none-eabi/lib/armv7e-m/crt0.o
 .bss           0x00000000        0x0 c:/program files (x86)/gnu tools arm embedded/5.2 2015q4/bin/../lib/gcc/arm-none-eabi/5.2.1/../../../../arm-none-eabi/lib/armv7e-m/crt0.o
 .ARM.extab     0x00000000        0x0 c:/program files (x86)/gnu tools arm embedded/5.2 2015q4/bin/../lib/gcc/arm-none-eabi/5.2.1/../../../../arm-none-eabi/lib/armv7e-m/crt0.o
 .ARM.exidx     0x00000000        0x8 c:/program files (x86)/gnu tools arm embedded/5.2 2015q4/bin/../lib/gcc/arm-none-eabi/5.2.1/../../../../arm-none-eabi/lib/armv7e-m/crt0.o
 .ARM.attributes
                0x00000000       0x1c c:/program files (x86)/gnu tools arm embedded/5.2 2015q4/bin/../lib/gcc/arm-none-eabi/5.2.1/../../../../arm-none-eabi/lib/armv7e-m/crt0.o
 .text          0x00000000        0x0 ..\obj\stm32f4xx_hal_spi.o
 .data          0x00000000        0x0 ..\obj\stm32f4xx_hal_spi.o
 .bss           0x00000000        0x0 ..\obj\stm32f4xx_hal_spi.o
 .text.HAL_SPI_Init
[...]
Memory Configuration

Name             Origin             Length             Attributes
rom              0x08000000         0x00100000         xr
ram              0x20000000         0x00020000         xrw
ram1             0x10000000         0x00010000         xrw
*default*        0x00000000         0xffffffff

Linker script and memory map

LOAD c:/program files (x86)/gnu tools arm embedded/5.2 2015q4/bin/../lib/gcc/arm-none-eabi/5.2.1/armv7e-m/crti.o
LOAD c:/program files (x86)/gnu tools arm embedded/5.2 2015q4/bin/../lib/gcc/arm-none-eabi/5.2.1/armv7e-m/crtbegin.o
LOAD c:/program files (x86)/gnu tools arm embedded/5.2 2015q4/bin/../lib/gcc/arm-none-eabi/5.2.1/../../../../arm-none-eabi/lib/armv7e-m/crt0.o
                0x20020000                _eram = 0x20020000

.text           0x08000000     0x1560
 *(.isr_vector)
 .isr_vector    0x08000000      0x188 ..\obj\startup_stm32f407xx.o
                0x08000000                g_pfnVectors
 *(.text*)
 .text          0x08000188       0xa4 c:/program files (x86)/gnu tools arm embedded/5.2 2015q4/bin/../lib/gcc/arm-none-eabi/5.2.1/armv7e-m/crtbegin.o
 .text.main     0x0800022c       0xe8 ..\obj\main.o
                0x0800022c                main
 .text.SystemClock_Config
                0x08000314       0xb0 ..\obj\main.o
 .text.Error_Handler
                0x080003c4        0xc ..\obj\main.o
                0x080003c4                Error_Handler
 .text.NMI_Handler
                0x080003d0        0xc ..\obj\stm32f4xx_it.o
                0x080003d0                NMI_Handler
 .text.HardFault_Handler
                0x080003dc        0x8 ..\obj\stm32f4xx_it.o
                0x080003dc                HardFault_Handler
 .text.MemManage_Handler
                0x080003e4        0x8 ..\obj\stm32f4xx_it.o
                0x080003e4                MemManage_Handler
 .text.BusFault_Handler
                0x080003ec        0x8 ..\obj\stm32f4xx_it.o
                0x080003ec                BusFault_Handler
 .text.UsageFault_Handler
                0x080003f4        0x8 ..\obj\stm32f4xx_it.o
                0x080003f4                UsageFault_Handler
 .text.SVC_Handler
                0x080003fc        0xc ..\obj\stm32f4xx_it.o
                0x080003fc                SVC_Handler
 .text.DebugMon_Handler
                0x08000408        0xc ..\obj\stm32f4xx_it.o
                0x08000408                DebugMon_Handler
 .text.PendSV_Handler
                0x08000414        0xc ..\obj\stm32f4xx_it.o
                0x08000414                PendSV_Handler
 .text.SysTick_Handler
                0x08000420        0xc ..\obj\stm32f4xx_it.o
                0x08000420                SysTick_Handler
 .text.HAL_Init
                0x0800042c       0x44 ..\obj\stm32f4xx_hal.o
                0x0800042c                HAL_Init
 .text.HAL_InitTick
                0x08000470       0x38 ..\obj\stm32f4xx_hal.o
                0x08000470                HAL_InitTick
 .text.HAL_IncTick
                0x080004a8       0x1c ..\obj\stm32f4xx_hal.o
                0x080004a8                HAL_IncTick
 .text.HAL_GetTick
                0x080004c4       0x14 ..\obj\stm32f4xx_hal.o
                0x080004c4                HAL_GetTick
 .text.HAL_Delay
                0x080004d8       0x2c ..\obj\stm32f4xx_hal.o
                0x080004d8                HAL_Delay
 .text.HAL_GetREVID
                0x08000504       0x18 ..\obj\stm32f4xx_hal.o
                0x08000504                HAL_GetREVID
 .text.HAL_RCC_OscConfig
                0x0800051c      0x4b0 ..\obj\stm32f4xx_hal_rcc.o
                0x0800051c                HAL_RCC_OscConfig
 .text.HAL_RCC_ClockConfig
                0x080009cc      0x2ac ..\obj\stm32f4xx_hal_rcc.o
                0x080009cc                HAL_RCC_ClockConfig
 .text.HAL_RCC_GetSysClockFreq
                0x08000c78      0x138 ..\obj\stm32f4xx_hal_rcc.o
                0x08000c78                HAL_RCC_GetSysClockFreq
 .text.HAL_RCC_GetHCLKFreq
                0x08000db0       0x58 ..\obj\stm32f4xx_hal_rcc.o
                0x08000db0                HAL_RCC_GetHCLKFreq
 .text.NVIC_SetPriorityGrouping
                0x08000e08       0x48 ..\obj\stm32f4xx_hal_cortex.o
 .text.NVIC_GetPriorityGrouping
                0x08000e50       0x1c ..\obj\stm32f4xx_hal_cortex.o
 .text.NVIC_SetPriority
                0x08000e6c       0x54 ..\obj\stm32f4xx_hal_cortex.o
 .text.NVIC_EncodePriority
                0x08000ec0       0x64 ..\obj\stm32f4xx_hal_cortex.o
 .text.SysTick_Config
                0x08000f24       0x44 ..\obj\stm32f4xx_hal_cortex.o
 .text.HAL_NVIC_SetPriorityGrouping
                0x08000f68       0x18 ..\obj\stm32f4xx_hal_cortex.o
                0x08000f68                HAL_NVIC_SetPriorityGrouping
 .text.HAL_NVIC_SetPriority
                0x08000f80       0x38 ..\obj\stm32f4xx_hal_cortex.o
                0x08000f80                HAL_NVIC_SetPriority
 .text.HAL_SYSTICK_Config
                0x08000fb8       0x18 ..\obj\stm32f4xx_hal_cortex.o
                0x08000fb8                HAL_SYSTICK_Config
 .text.SystemInit
                0x08000fd0       0x5c ..\obj\system_stm32f4xx.o
                0x08000fd0                SystemInit
 .text.HAL_GPIO_Init
                0x0800102c      0x344 ..\obj\stm32f4xx_hal_gpio.o
                0x0800102c                HAL_GPIO_Init
 .text.HAL_GPIO_TogglePin
                0x08001370       0x24 ..\obj\stm32f4xx_hal_gpio.o
                0x08001370                HAL_GPIO_TogglePin
 .text.Reset_Handler
                0x08001394       0x50 ..\obj\startup_stm32f407xx.o
                0x08001394                Reset_Handler
 .text.Default_Handler
                0x080013e4        0x2 ..\obj\startup_stm32f407xx.o
                0x080013e4                RTC_Alarm_IRQHandler
                0x080013e4                HASH_RNG_IRQHandler
                0x080013e4                EXTI2_IRQHandler
                0x080013e4                TIM8_CC_IRQHandler
                0x080013e4                TIM1_CC_IRQHandler
                0x080013e4                DMA2_Stream5_IRQHandler
                0x080013e4                DMA1_Stream5_IRQHandler
                0x080013e4                PVD_IRQHandler
                0x080013e4                SDIO_IRQHandler
                0x080013e4                TAMP_STAMP_IRQHandler
                0x080013e4                CAN2_RX1_IRQHandler
                0x080013e4                EXTI3_IRQHandler
                0x080013e4                TIM8_TRG_COM_TIM14_IRQHandler
                0x080013e4                TIM1_UP_TIM10_IRQHandler
                0x080013e4                TIM8_UP_TIM13_IRQHandler
                0x080013e4                I2C3_ER_IRQHandler
                0x080013e4                EXTI0_IRQHandler
                0x080013e4                I2C2_EV_IRQHandler
                0x080013e4                DMA1_Stream2_IRQHandler
                0x080013e4                CAN1_RX0_IRQHandler
                0x080013e4                FPU_IRQHandler
                0x080013e4                OTG_HS_WKUP_IRQHandler
                0x080013e4                CAN2_SCE_IRQHandler
                0x080013e4                DMA2_Stream2_IRQHandler
                0x080013e4                SPI1_IRQHandler
                0x080013e4                TIM6_DAC_IRQHandler
                0x080013e4                TIM1_BRK_TIM9_IRQHandler
                0x080013e4                DCMI_IRQHandler
                0x080013e4                CAN2_RX0_IRQHandler
                0x080013e4                DMA2_Stream3_IRQHandler
                0x080013e4                USART6_IRQHandler
                0x080013e4                USART3_IRQHandler
                0x080013e4                CAN1_RX1_IRQHandler
                0x080013e4                UART5_IRQHandler
                0x080013e4                DMA2_Stream0_IRQHandler
                0x080013e4                TIM4_IRQHandler
                0x080013e4                I2C1_EV_IRQHandler
                0x080013e4                DMA1_Stream6_IRQHandler
                0x080013e4                DMA1_Stream1_IRQHandler
                0x080013e4                UART4_IRQHandler
                0x080013e4                TIM3_IRQHandler
                0x080013e4                RCC_IRQHandler
                0x080013e4                TIM8_BRK_TIM12_IRQHandler
                0x080013e4                Default_Handler
                0x080013e4                EXTI15_10_IRQHandler
                0x080013e4                ADC_IRQHandler
                0x080013e4                DMA1_Stream7_IRQHandler
                0x080013e4                TIM7_IRQHandler
                0x080013e4                CAN2_TX_IRQHandler
                0x080013e4                TIM5_IRQHandler
                0x080013e4                DMA2_Stream7_IRQHandler
                0x080013e4                I2C3_EV_IRQHandler
                0x080013e4                EXTI9_5_IRQHandler
                0x080013e4                RTC_WKUP_IRQHandler
                0x080013e4                ETH_WKUP_IRQHandler
                0x080013e4                SPI2_IRQHandler
                0x080013e4                OTG_HS_EP1_IN_IRQHandler
                0x080013e4                DMA1_Stream0_IRQHandler
                0x080013e4                CAN1_TX_IRQHandler
                0x080013e4                EXTI4_IRQHandler
                0x080013e4                FSMC_IRQHandler
                0x080013e4                ETH_IRQHandler
                0x080013e4                OTG_HS_EP1_OUT_IRQHandler
                0x080013e4                WWDG_IRQHandler
                0x080013e4                TIM2_IRQHandler
                0x080013e4                OTG_FS_WKUP_IRQHandler
                0x080013e4                TIM1_TRG_COM_TIM11_IRQHandler
                0x080013e4                OTG_HS_IRQHandler
                0x080013e4                EXTI1_IRQHandler
                0x080013e4                USART2_IRQHandler
                0x080013e4                I2C2_ER_IRQHandler
                0x080013e4                DMA2_Stream1_IRQHandler
                0x080013e4                CAN1_SCE_IRQHandler
                0x080013e4                FLASH_IRQHandler
                0x080013e4                DMA2_Stream4_IRQHandler
                0x080013e4                USART1_IRQHandler
                0x080013e4                OTG_FS_IRQHandler
                0x080013e4                SPI3_IRQHandler
                0x080013e4                DMA1_Stream4_IRQHandler
                0x080013e4                I2C1_ER_IRQHandler
                0x080013e4                DMA2_Stream6_IRQHandler
                0x080013e4                DMA1_Stream3_IRQHandler
 *fill*         0x080013e6        0x2 
 .text.HAL_MspInit
                0x080013e8        0xc ..\obj\stm32f4xx_hal_msp_template.o
                0x080013e8                HAL_MspInit
 .text.__libc_init_array
                0x080013f4       0x50 c:/program files (x86)/gnu tools arm embedded/5.2 2015q4/bin/../lib/gcc/arm-none-eabi/5.2.1/../../../../arm-none-eabi/lib/armv7e-m\libc.a(lib_a-init.o)
                0x080013f4                __libc_init_array
 .text.startup.register_fini
                0x08001444       0x14 c:/program files (x86)/gnu tools arm embedded/5.2 2015q4/bin/../lib/gcc/arm-none-eabi/5.2.1/../../../../arm-none-eabi/lib/armv7e-m\libc.a(lib_a-__call_atexit.o)
 .text.atexit   0x08001458        0xc c:/program files (x86)/gnu tools arm embedded/5.2 2015q4/bin/../lib/gcc/arm-none-eabi/5.2.1/../../../../arm-none-eabi/lib/armv7e-m\libc.a(lib_a-atexit.o)
                0x08001458                atexit
 .text.__libc_fini_array
                0x08001464       0x28 c:/program files (x86)/gnu tools arm embedded/5.2 2015q4/bin/../lib/gcc/arm-none-eabi/5.2.1/../../../../arm-none-eabi/lib/armv7e-m\libc.a(lib_a-fini.o)
                0x08001464                __libc_fini_array
 .text.__register_exitproc
                0x0800148c       0xa4 c:/program files (x86)/gnu tools arm embedded/5.2 2015q4/bin/../lib/gcc/arm-none-eabi/5.2.1/../../../../arm-none-eabi/lib/armv7e-m\libc.a(lib_a-__atexit.o)
                0x0800148c                __register_exitproc
 *(.init)
 .init          0x08001530        0x4 c:/program files (x86)/gnu tools arm embedded/5.2 2015q4/bin/../lib/gcc/arm-none-eabi/5.2.1/armv7e-m/crti.o
                0x08001530                _init
 .init          0x08001534        0x8 c:/program files (x86)/gnu tools arm embedded/5.2 2015q4/bin/../lib/gcc/arm-none-eabi/5.2.1/armv7e-m/crtn.o
 *(.fini)
 .fini          0x0800153c        0x4 c:/program files (x86)/gnu tools arm embedded/5.2 2015q4/bin/../lib/gcc/arm-none-eabi/5.2.1/armv7e-m/crti.o
                0x0800153c                _fini
 .fini          0x08001540        0x8 c:/program files (x86)/gnu tools arm embedded/5.2 2015q4/bin/../lib/gcc/arm-none-eabi/5.2.1/armv7e-m/crtn.o
 *crtbegin.o(.ctors)
 *crtbegin?.o(.ctors)
 *(EXCLUDE_FILE(*crtend.o *crtend?.o) .ctors)
 *(SORT(.ctors.*))
 *(.ctors)
 *crtbegin.o(.dtors)
 *crtbegin?.o(.dtors)
 *(EXCLUDE_FILE(*crtend.o *crtend?.o) .dtors)
 *(SORT(.dtors.*))
 *(.dtors)
 *(.rodata*)
 .rodata        0x08001548       0x10 ..\obj\stm32f4xx_hal_rcc.o
                0x08001548                APBAHBPrescTable
 .rodata.str1.4
                0x08001558        0x4 c:/program files (x86)/gnu tools arm embedded/5.2 2015q4/bin/../lib/gcc/arm-none-eabi/5.2.1/../../../../arm-none-eabi/lib/armv7e-m\libc.a(lib_a-impure.o)
                                  0x2 (size before relaxing)
 .rodata._global_impure_ptr
                0x0800155c        0x4 c:/program files (x86)/gnu tools arm embedded/5.2 2015q4/bin/../lib/gcc/arm-none-eabi/5.2.1/../../../../arm-none-eabi/lib/armv7e-m\libc.a(lib_a-impure.o)
                0x0800155c                _global_impure_ptr
 *(.eh_fram e*)

.eh_frame       0x08001560        0x0
 .eh_frame      0x08001560        0x0 c:/program files (x86)/gnu tools arm embedded/5.2 2015q4/bin/../lib/gcc/arm-none-eabi/5.2.1/armv7e-m/crtbegin.o

.glue_7         0x08001560        0x0
 .glue_7        0x08001560        0x0 linker stubs

.glue_7t        0x08001560        0x0
 .glue_7t       0x08001560        0x0 linker stubs

.vfp11_veneer   0x08001560        0x0
 .vfp11_veneer  0x08001560        0x0 linker stubs

.v4_bx          0x08001560        0x0
 .v4_bx         0x08001560        0x0 linker stubs

.iplt           0x08001560        0x0
 .iplt          0x08001560        0x0 c:/program files (x86)/gnu tools arm embedded/5.2 2015q4/bin/../lib/gcc/arm-none-eabi/5.2.1/armv7e-m/crtbegin.o

.rel.dyn        0x08001560        0x0
 .rel.iplt      0x08001560        0x0 c:/program files (x86)/gnu tools arm embedded/5.2 2015q4/bin/../lib/gcc/arm-none-eabi/5.2.1/armv7e-m/crtbegin.o

.ARM.extab
 *(.ARM.extab* .gnu.linkonce.armextab.*)
                0x08001560                __exidx_start = .

.ARM.exidx
 *(.ARM.exidx* .gnu.linkonce.armexidx.*)
                0x08001560                __exidx_end = .
                0x08001560                __etext = .
                0x08001560                _sidata = __etext

.data           0x20000000      0x450 load address 0x08001560
                0x20000000                __data_start__ = .
                0x20000000                _sdata = __data_start__
 *(vtable)
 *(.data*)
 .data          0x20000000       0x14 ..\obj\system_stm32f4xx.o
                0x20000000                SystemCoreClock
                0x20000004                AHBPrescTable
 *fill*         0x20000014        0x4 
 .data.impure_data
                0x20000018      0x428 c:/program files (x86)/gnu tools arm embedded/5.2 2015q4/bin/../lib/gcc/arm-none-eabi/5.2.1/../../../../arm-none-eabi/lib/armv7e-m\libc.a(lib_a-impure.o)
                0x20000440                . = ALIGN (0x4)
                0x20000440                PROVIDE (__preinit_array_start, .)
 *(.preinit_array)
                0x20000440                PROVIDE (__preinit_array_end, .)
                0x20000440                . = ALIGN (0x4)
                0x20000440                PROVIDE (__init_array_start, .)
 *(SORT(.init_array.*))
 .init_array.00000
                0x20000440        0x4 c:/program files (x86)/gnu tools arm embedded/5.2 2015q4/bin/../lib/gcc/arm-none-eabi/5.2.1/../../../../arm-none-eabi/lib/armv7e-m\libc.a(lib_a-__call_atexit.o)
 *(.init_array)
 .init_array    0x20000444        0x4 c:/program files (x86)/gnu tools arm embedded/5.2 2015q4/bin/../lib/gcc/arm-none-eabi/5.2.1/armv7e-m/crtbegin.o
                0x20000448                PROVIDE (__init_array_end, .)
                0x20000448                . = ALIGN (0x4)
                0x20000448                PROVIDE (__fini_array_start, .)
 *(SORT(.fini_array.*))
 *(.fini_array)
 .fini_array    0x20000448        0x4 c:/program files (x86)/gnu tools arm embedded/5.2 2015q4/bin/../lib/gcc/arm-none-eabi/5.2.1/armv7e-m/crtbegin.o
                0x2000044c                PROVIDE (__fini_array_end, .)
 *(.jcr*)
 .jcr           0x2000044c        0x0 c:/program files (x86)/gnu tools arm embedded/5.2 2015q4/bin/../lib/gcc/arm-none-eabi/5.2.1/armv7e-m/crtbegin.o
 .jcr           0x2000044c        0x4 c:/program files (x86)/gnu tools arm embedded/5.2 2015q4/bin/../lib/gcc/arm-none-eabi/5.2.1/armv7e-m/crtend.o
                0x20000450                . = ALIGN (0x4)
                0x20000450                __data_end__ = .
                0x20000450                _edata = __data_end__

.tm_clone_table
                0x20000450        0x0 load address 0x080019b0
 .tm_clone_table
                0x20000450        0x0 c:/program files (x86)/gnu tools arm embedded/5.2 2015q4/bin/../lib/gcc/arm-none-eabi/5.2.1/armv7e-m/crtbegin.o
 .tm_clone_table
                0x20000450        0x0 c:/program files (x86)/gnu tools arm embedded/5.2 2015q4/bin/../lib/gcc/arm-none-eabi/5.2.1/armv7e-m/crtend.o

.igot.plt       0x20000450        0x0 load address 0x080019b0
 .igot.plt      0x20000450        0x0 c:/program files (x86)/gnu tools arm embedded/5.2 2015q4/bin/../lib/gcc/arm-none-eabi/5.2.1/armv7e-m/crtbegin.o

.bss            0x20000450       0x34 load address 0x080019b0
                0x20000450                . = ALIGN (0x4)
                0x20000450                __bss_start__ = .
                0x20000450                _sbss = __bss_start__
 *(.bss*)
 .bss           0x20000450       0x1c c:/program files (x86)/gnu tools arm embedded/5.2 2015q4/bin/../lib/gcc/arm-none-eabi/5.2.1/armv7e-m/crtbegin.o
 .bss           0x2000046c        0x4 ..\obj\stm32f4xx_hal.o
 *(COMMON)
 COMMON         0x20000470       0x14 ..\obj\main.o
                0x20000470                GPIO_InitStruct
                0x20000484                . = ALIGN (0x4)
                0x20000484                __bss_end__ = .
                0x20000484                _ebss = __bss_end__

.heap           0x20000484        0x0
                0x20000484                __end__ = .
                0x20000484                _end = __end__
                0x20000484                end = __end__
 *(.heap*)
                0x20000484                __HeapLimit = .

.co_stack       0x20000484        0x4 load address 0x080019e4
                0x20000488                . = ALIGN (0x8)
 *fill*         0x20000484        0x4 
 *(.co_stack .co_stack.*)
                0x20020000                __StackTop = (ORIGIN (ram) + LENGTH (ram))
                0x2001fffc                __StackLimit = (__StackTop - SIZEOF (.co_stack))
                0x20020000                PROVIDE (__stack, __StackTop)
                0x00000001                ASSERT ((__StackLimit >= __HeapLimit), region ram  overflowed with stack)
LOAD ..\obj\stm32f4xx_hal_spi.o
LOAD ..\obj\stm32f4xx_hal_flash_ramfunc.o
LOAD ..\obj\stm32f4xx_hal_i2c.o
LOAD ..\obj\stm32f4xx_hal_rng.o
LOAD ..\obj\stm32f4xx_hal_ltdc.o
LOAD ..\obj\stm32f4xx_hal_iwdg.o
LOAD ..\obj\stm32f4xx_hal_eth.o
LOAD ..\obj\stm32f4xx_ll_fsmc.o
LOAD ..\obj\stm32f4xx_hal_rtc.o
LOAD ..\obj\stm32f4xx_hal_uart.o
LOAD ..\obj\stm32f4xx_hal_tim.o
LOAD ..\obj\stm32f4xx_hal_hash_ex.o
LOAD ..\obj\stm32f4xx_hal_dma2d.o
LOAD ..\obj\stm32f4xx_ll_usb.o
LOAD ..\obj\stm32f4xx_hal_smartcard.o
LOAD ..\obj\stm32f4xx_hal_usart.o
LOAD ..\obj\main.o
LOAD ..\obj\stm32f4xx_hal_i2s_ex.o
LOAD ..\obj\stm32f4xx_it.o
LOAD ..\obj\stm32f4xx_hal_flash.o
LOAD ..\obj\stm32f4xx_hal_pwr.o
LOAD ..\obj\stm32f4xx_hal_can.o
LOAD ..\obj\stm32f4xx_hal_irda.o
LOAD ..\obj\stm32f4xx_hal_adc_ex.o
LOAD ..\obj\stm32f4xx_hal_dac.o
LOAD ..\obj\stm32f4xx_hal_sd.o
LOAD ..\obj\stm32f4xx_hal_rtc_ex.o
LOAD ..\obj\stm32f4xx_hal.o
LOAD ..\obj\stm32f4xx_hal_dma_ex.o
LOAD ..\obj\stm32f4xx_hal_rcc_ex.o
LOAD ..\obj\stm32f4xx_hal_crc.o
LOAD ..\obj\stm32f4xx_hal_sdram.o
LOAD ..\obj\stm32f4xx_hal_dcmi.o
LOAD ..\obj\stm32f4xx_hal_rcc.o
LOAD ..\obj\stm32f4xx_hal_flash_ex.o
LOAD ..\obj\stm32f4xx_hal_cortex.o
LOAD ..\obj\system_stm32f4xx.o
LOAD ..\obj\stm32f4xx_hal_adc.o
LOAD ..\obj\stm32f4xx_hal_i2s.o
LOAD ..\obj\stm32f4xx_hal_pcd.o
LOAD ..\obj\stm32f4xx_hal_cryp.o
LOAD ..\obj\stm32f4xx_hal_pcd_ex.o
LOAD ..\obj\stm32f4xx_hal_gpio.o
LOAD ..\obj\startup_stm32f407xx.o
LOAD ..\obj\stm32f4xx_hal_i2c_ex.o
LOAD ..\obj\stm32f4xx_hal_nor.o
LOAD ..\obj\stm32f4xx_hal_nand.o
LOAD ..\obj\stm32f4xx_hal_pccard.o
LOAD ..\obj\stm32f4xx_hal_sram.o
LOAD ..\obj\stm32f4xx_hal_dac_ex.o
LOAD ..\obj\stm32f4xx_hal_hcd.o
LOAD ..\obj\stm32f4xx_hal_pwr_ex.o
LOAD ..\obj\stm32f4xx_hal_tim_ex.o
LOAD ..\obj\stm32f4xx_ll_fmc.o
LOAD ..\obj\stm32f4xx_ll_sdmmc.o
LOAD ..\obj\stm32f4xx_hal_cryp_ex.o
LOAD ..\obj\stm32f4xx_hal_hash.o
LOAD ..\obj\stm32f4xx_hal_sai.o
LOAD ..\obj\stm32f4xx_hal_msp_template.o
LOAD ..\obj\stm32f4xx_hal_dma.o
LOAD ..\obj\stm32f4xx_hal_wwdg.o
LOAD c:/program files (x86)/gnu tools arm embedded/5.2 2015q4/bin/../lib/gcc/arm-none-eabi/5.2.1/../../../../arm-none-eabi/lib/armv7e-m\libm.a
LOAD c:/program files (x86)/gnu tools arm embedded/5.2 2015q4/bin/../lib/gcc/arm-none-eabi/5.2.1/armv7e-m\libgcc.a
LOAD c:/program files (x86)/gnu tools arm embedded/5.2 2015q4/bin/../lib/gcc/arm-none-eabi/5.2.1/../../../../arm-none-eabi/lib/armv7e-m\libc.a
START GROUP
LOAD c:/program files (x86)/gnu tools arm embedded/5.2 2015q4/bin/../lib/gcc/arm-none-eabi/5.2.1/armv7e-m\libgcc.a
LOAD c:/program files (x86)/gnu tools arm embedded/5.2 2015q4/bin/../lib/gcc/arm-none-eabi/5.2.1/../../../../arm-none-eabi/lib/armv7e-m\libg.a
LOAD c:/program files (x86)/gnu tools arm embedded/5.2 2015q4/bin/../lib/gcc/arm-none-eabi/5.2.1/../../../../arm-none-eabi/lib/armv7e-m\libc.a
END GROUP
LOAD c:/program files (x86)/gnu tools arm embedded/5.2 2015q4/bin/../lib/gcc/arm-none-eabi/5.2.1/armv7e-m/crtend.o
LOAD c:/program files (x86)/gnu tools arm embedded/5.2 2015q4/bin/../lib/gcc/arm-none-eabi/5.2.1/armv7e-m/crtn.o
OUTPUT(F4Disco - USBTest.elf elf32-littlearm)

.ARM.attributes
                0x00000000       0x2a
 .ARM.attributes
                0x00000000       0x1e c:/program files (x86)/gnu tools arm embedded/5.2 2015q4/bin/../lib/gcc/arm-none-eabi/5.2.1/armv7e-m/crti.o
 .ARM.attributes
                0x0000001e       0x2e c:/program files (x86)/gnu tools arm embedded/5.2 2015q4/bin/../lib/gcc/arm-none-eabi/5.2.1/armv7e-m/crtbegin.o
 .ARM.attributes
                0x0000004c       0x33 ..\obj\main.o
 .ARM.attributes
                0x0000007f       0x33 ..\obj\stm32f4xx_it.o
 .ARM.attributes
                0x000000b2       0x33 ..\obj\stm32f4xx_hal.o
 .ARM.attributes
                0x000000e5       0x33 ..\obj\stm32f4xx_hal_rcc.o
 .ARM.attributes
                0x00000118       0x33 ..\obj\stm32f4xx_hal_cortex.o
 .ARM.attributes
                0x0000014b       0x33 ..\obj\system_stm32f4xx.o
 .ARM.attributes
                0x0000017e       0x33 ..\obj\stm32f4xx_hal_gpio.o
 .ARM.attributes
                0x000001b1       0x21 ..\obj\startup_stm32f407xx.o
 .ARM.attributes
                0x000001d2       0x33 ..\obj\stm32f4xx_hal_msp_template.o
 .ARM.attributes
                0x00000205       0x2e c:/program files (x86)/gnu tools arm embedded/5.2 2015q4/bin/../lib/gcc/arm-none-eabi/5.2.1/../../../../arm-none-eabi/lib/armv7e-m\libc.a(lib_a-impure.o)
 .ARM.attributes
                0x00000233       0x2e c:/program files (x86)/gnu tools arm embedded/5.2 2015q4/bin/../lib/gcc/arm-none-eabi/5.2.1/../../../../arm-none-eabi/lib/armv7e-m\libc.a(lib_a-init.o)
 .ARM.attributes
                0x00000261       0x2e c:/program files (x86)/gnu tools arm embedded/5.2 2015q4/bin/../lib/gcc/arm-none-eabi/5.2.1/../../../../arm-none-eabi/lib/armv7e-m\libc.a(lib_a-__call_atexit.o)
 .ARM.attributes
                0x0000028f       0x2e c:/program files (x86)/gnu tools arm embedded/5.2 2015q4/bin/../lib/gcc/arm-none-eabi/5.2.1/../../../../arm-none-eabi/lib/armv7e-m\libc.a(lib_a-atexit.o)
 .ARM.attributes
                0x000002bd       0x2e c:/program files (x86)/gnu tools arm embedded/5.2 2015q4/bin/../lib/gcc/arm-none-eabi/5.2.1/../../../../arm-none-eabi/lib/armv7e-m\libc.a(lib_a-fini.o)
 .ARM.attributes
                0x000002eb       0x2e c:/program files (x86)/gnu tools arm embedded/5.2 2015q4/bin/../lib/gcc/arm-none-eabi/5.2.1/../../../../arm-none-eabi/lib/armv7e-m\libc.a(lib_a-__atexit.o)
 .ARM.attributes
                0x00000319       0x2e c:/program files (x86)/gnu tools arm embedded/5.2 2015q4/bin/../lib/gcc/arm-none-eabi/5.2.1/armv7e-m/crtend.o
 .ARM.attributes
                0x00000347       0x1e c:/program files (x86)/gnu tools arm embedded/5.2 2015q4/bin/../lib/gcc/arm-none-eabi/5.2.1/armv7e-m/crtn.o

.comment        0x00000000       0x6e
 .comment       0x00000000       0x6e ..\obj\main.o
                                 0x6f (size before relaxing)
 .comment       0x0000006e       0x6f ..\obj\stm32f4xx_it.o
 .comment       0x0000006e       0x6f ..\obj\stm32f4xx_hal.o
 .comment       0x0000006e       0x6f ..\obj\stm32f4xx_hal_rcc.o
 .comment       0x0000006e       0x6f ..\obj\stm32f4xx_hal_cortex.o
 .comment       0x0000006e       0x6f ..\obj\system_stm32f4xx.o
 .comment       0x0000006e       0x6f ..\obj\stm32f4xx_hal_gpio.o
 .comment       0x0000006e       0x6f ..\obj\stm32f4xx_hal_msp_template.o

.debug_info     0x00000000     0x3576
 .debug_info    0x00000000      0x5bb ..\obj\main.o
 .debug_info    0x000005bb      0x12f ..\obj\stm32f4xx_it.o
 .debug_info    0x000006ea      0x7bf ..\obj\stm32f4xx_hal.o
 .debug_info    0x00000ea9      0xe2b ..\obj\stm32f4xx_hal_rcc.o
 .debug_info    0x00001cd4      0xb55 ..\obj\stm32f4xx_hal_cortex.o
 .debug_info    0x00002829      0x49a ..\obj\system_stm32f4xx.o
 .debug_info    0x00002cc3      0x6dc ..\obj\stm32f4xx_hal_gpio.o
 .debug_info    0x0000339f       0xfd ..\obj\startup_stm32f407xx.o
 .debug_info    0x0000349c       0xda ..\obj\stm32f4xx_hal_msp_template.o

.debug_abbrev   0x00000000      0xb89
 .debug_abbrev  0x00000000      0x144 ..\obj\main.o
 .debug_abbrev  0x00000144       0x7d ..\obj\stm32f4xx_it.o
 .debug_abbrev  0x000001c1      0x186 ..\obj\stm32f4xx_hal.o
 .debug_abbrev  0x00000347      0x289 ..\obj\stm32f4xx_hal_rcc.o
 .debug_abbrev  0x000005d0      0x2a2 ..\obj\stm32f4xx_hal_cortex.o
 .debug_abbrev  0x00000872       0xff ..\obj\system_stm32f4xx.o
 .debug_abbrev  0x00000971      0x1a1 ..\obj\stm32f4xx_hal_gpio.o
 .debug_abbrev  0x00000b12       0x12 ..\obj\startup_stm32f407xx.o
 .debug_abbrev  0x00000b24       0x65 ..\obj\stm32f4xx_hal_msp_template.o

.debug_aranges  0x00000000      0x3b8
 .debug_aranges
                0x00000000       0x30 ..\obj\main.o
 .debug_aranges
                0x00000030       0x60 ..\obj\stm32f4xx_it.o
 .debug_aranges
                0x00000090       0xc0 ..\obj\stm32f4xx_hal.o
 .debug_aranges
                0x00000150       0x88 ..\obj\stm32f4xx_hal_rcc.o
 .debug_aranges
                0x000001d8      0x100 ..\obj\stm32f4xx_hal_cortex.o
 .debug_aranges
                0x000002d8       0x28 ..\obj\system_stm32f4xx.o
 .debug_aranges
                0x00000300       0x58 ..\obj\stm32f4xx_hal_gpio.o
 .debug_aranges
                0x00000358       0x28 ..\obj\startup_stm32f407xx.o
 .debug_aranges
                0x00000380       0x38 ..\obj\stm32f4xx_hal_msp_template.o

.debug_ranges   0x00000000      0x330
 .debug_ranges  0x00000000       0x20 ..\obj\main.o
 .debug_ranges  0x00000020       0x50 ..\obj\stm32f4xx_it.o
 .debug_ranges  0x00000070       0xb0 ..\obj\stm32f4xx_hal.o
 .debug_ranges  0x00000120       0x78 ..\obj\stm32f4xx_hal_rcc.o
 .debug_ranges  0x00000198       0xf0 ..\obj\stm32f4xx_hal_cortex.o
 .debug_ranges  0x00000288       0x18 ..\obj\system_stm32f4xx.o
 .debug_ranges  0x000002a0       0x48 ..\obj\stm32f4xx_hal_gpio.o
 .debug_ranges  0x000002e8       0x20 ..\obj\startup_stm32f407xx.o
 .debug_ranges  0x00000308       0x28 ..\obj\stm32f4xx_hal_msp_template.o

.debug_line     0x00000000     0x1f44
 .debug_line    0x00000000      0x39d ..\obj\main.o
 .debug_line    0x0000039d      0x252 ..\obj\stm32f4xx_it.o
 .debug_line    0x000005ef      0x423 ..\obj\stm32f4xx_hal.o
 .debug_line    0x00000a12      0x650 ..\obj\stm32f4xx_hal_rcc.o
 .debug_line    0x00001062      0x548 ..\obj\stm32f4xx_hal_cortex.o
 .debug_line    0x000015aa      0x234 ..\obj\system_stm32f4xx.o
 .debug_line    0x000017de      0x449 ..\obj\stm32f4xx_hal_gpio.o
 .debug_line    0x00001c27       0xe6 ..\obj\startup_stm32f407xx.o
 .debug_line    0x00001d0d      0x237 ..\obj\stm32f4xx_hal_msp_template.o

.debug_str      0x00000000     0x1515
 .debug_str     0x00000000      0x442 ..\obj\main.o
                                0x4a7 (size before relaxing)
 .debug_str     0x00000442       0xdf ..\obj\stm32f4xx_it.o
                                0x207 (size before relaxing)
 .debug_str     0x00000521      0x767 ..\obj\stm32f4xx_hal.o
                                0xa05 (size before relaxing)
 .debug_str     0x00000c88      0x222 ..\obj\stm32f4xx_hal_rcc.o
                                0x69c (size before relaxing)
 .debug_str     0x00000eaa      0x340 ..\obj\stm32f4xx_hal_cortex.o
                                0xad2 (size before relaxing)
 .debug_str     0x000011ea       0xb0 ..\obj\system_stm32f4xx.o
                                0x37d (size before relaxing)
 .debug_str     0x0000129a      0x1c6 ..\obj\stm32f4xx_hal_gpio.o
                                0x4d0 (size before relaxing)
 .debug_str     0x00001460       0xb5 ..\obj\stm32f4xx_hal_msp_template.o
                                0x1f7 (size before relaxing)

.debug_frame    0x00000000      0xd90
 .debug_frame   0x00000000       0x70 ..\obj\main.o
 .debug_frame   0x00000070      0x10c ..\obj\stm32f4xx_it.o
 .debug_frame   0x0000017c      0x2b0 ..\obj\stm32f4xx_hal.o
 .debug_frame   0x0000042c      0x204 ..\obj\stm32f4xx_hal_rcc.o
 .debug_frame   0x00000630      0x428 ..\obj\stm32f4xx_hal_cortex.o
 .debug_frame   0x00000a58       0x58 ..\obj\system_stm32f4xx.o
 .debug_frame   0x00000ab0      0x14c ..\obj\stm32f4xx_hal_gpio.o
 .debug_frame   0x00000bfc       0x90 ..\obj\stm32f4xx_hal_msp_template.o
 .debug_frame   0x00000c8c       0x2c c:/program files (x86)/gnu tools arm embedded/5.2 2015q4/bin/../lib/gcc/arm-none-eabi/5.2.1/../../../../arm-none-eabi/lib/armv7e-m\libc.a(lib_a-init.o)
 .debug_frame   0x00000cb8       0x50 c:/program files (x86)/gnu tools arm embedded/5.2 2015q4/bin/../lib/gcc/arm-none-eabi/5.2.1/../../../../arm-none-eabi/lib/armv7e-m\libc.a(lib_a-__call_atexit.o)
 .debug_frame   0x00000d08       0x20 c:/program files (x86)/gnu tools arm embedded/5.2 2015q4/bin/../lib/gcc/arm-none-eabi/5.2.1/../../../../arm-none-eabi/lib/armv7e-m\libc.a(lib_a-atexit.o)
 .debug_frame   0x00000d28       0x34 c:/program files (x86)/gnu tools arm embedded/5.2 2015q4/bin/../lib/gcc/arm-none-eabi/5.2.1/../../../../arm-none-eabi/lib/armv7e-m\libc.a(lib_a-fini.o)
 .debug_frame   0x00000d5c       0x34 c:/program files (x86)/gnu tools arm embedded/5.2 2015q4/bin/../lib/gcc/arm-none-eabi/5.2.1/../../../../arm-none-eabi/lib/armv7e-m\libc.a(lib_a-__atexit.o)
