Archive member included to satisfy reference by file (symbol)

c:/program files (x86)/gnu tools arm embedded/5.2 2015q4/bin/../lib/gcc/arm-none-eabi/5.2.1/../../../../arm-none-eabi/lib/armv7e-m\libg.a(lib_a-exit.o)
                              c:/program files (x86)/gnu tools arm embedded/5.2 2015q4/bin/../lib/gcc/arm-none-eabi/5.2.1/../../../../arm-none-eabi/lib/armv7e-m/crt0.o (exit)
c:/program files (x86)/gnu tools arm embedded/5.2 2015q4/bin/../lib/gcc/arm-none-eabi/5.2.1/../../../../arm-none-eabi/lib/armv7e-m\libg.a(lib_a-impure.o)
                              c:/program files (x86)/gnu tools arm embedded/5.2 2015q4/bin/../lib/gcc/arm-none-eabi/5.2.1/../../../../arm-none-eabi/lib/armv7e-m\libg.a(lib_a-exit.o) (_global_impure_ptr)
c:/program files (x86)/gnu tools arm embedded/5.2 2015q4/bin/../lib/gcc/arm-none-eabi/5.2.1/../../../../arm-none-eabi/lib/armv7e-m\libg.a(lib_a-init.o)
                              c:/program files (x86)/gnu tools arm embedded/5.2 2015q4/bin/../lib/gcc/arm-none-eabi/5.2.1/../../../../arm-none-eabi/lib/armv7e-m/crt0.o (__libc_init_array)
c:/program files (x86)/gnu tools arm embedded/5.2 2015q4/bin/../lib/gcc/arm-none-eabi/5.2.1/../../../../arm-none-eabi/lib/armv7e-m\libg.a(lib_a-memset.o)
                              c:/program files (x86)/gnu tools arm embedded/5.2 2015q4/bin/../lib/gcc/arm-none-eabi/5.2.1/../../../../arm-none-eabi/lib/armv7e-m/crt0.o (memset)
c:/program files (x86)/gnu tools arm embedded/5.2 2015q4/bin/../lib/gcc/arm-none-eabi/5.2.1/../../../../arm-none-eabi/lib/armv7e-m\libg.a(lib_a-__call_atexit.o)
                              c:/program files (x86)/gnu tools arm embedded/5.2 2015q4/bin/../lib/gcc/arm-none-eabi/5.2.1/../../../../arm-none-eabi/lib/armv7e-m\libg.a(lib_a-exit.o) (__call_exitprocs)
c:/program files (x86)/gnu tools arm embedded/5.2 2015q4/bin/../lib/gcc/arm-none-eabi/5.2.1/../../../../arm-none-eabi/lib/armv7e-m\libg.a(lib_a-atexit.o)
                              c:/program files (x86)/gnu tools arm embedded/5.2 2015q4/bin/../lib/gcc/arm-none-eabi/5.2.1/../../../../arm-none-eabi/lib/armv7e-m\libg.a(lib_a-__call_atexit.o) (atexit)
c:/program files (x86)/gnu tools arm embedded/5.2 2015q4/bin/../lib/gcc/arm-none-eabi/5.2.1/../../../../arm-none-eabi/lib/armv7e-m\libg.a(lib_a-fini.o)
                              c:/program files (x86)/gnu tools arm embedded/5.2 2015q4/bin/../lib/gcc/arm-none-eabi/5.2.1/../../../../arm-none-eabi/lib/armv7e-m\libg.a(lib_a-__call_atexit.o) (__libc_fini_array)
c:/program files (x86)/gnu tools arm embedded/5.2 2015q4/bin/../lib/gcc/arm-none-eabi/5.2.1/../../../../arm-none-eabi/lib/armv7e-m\libg.a(lib_a-__atexit.o)
                              c:/program files (x86)/gnu tools arm embedded/5.2 2015q4/bin/../lib/gcc/arm-none-eabi/5.2.1/../../../../arm-none-eabi/lib/armv7e-m\libg.a(lib_a-atexit.o) (__register_exitproc)

Allocating common symbols
Common symbol       size              file

pFlash              0x1c              ..\obj\stm32f4xx_hal_flash.o
GPIO_InitStruct     0x14              ..\obj\main.o

Discarded input sections

 .text          0x00000000        0x0 c:/program files (x86)/gnu tools arm embedded/5.2 2015q4/bin/../lib/gcc/arm-none-eabi/5.2.1/armv7e-m/crti.o
 .data          0x00000000        0x0 c:/program files (x86)/gnu tools arm embedded/5.2 2015q4/bin/../lib/gcc/arm-none-eabi/5.2.1/armv7e-m/crti.o
 .bss           0x00000000        0x0 c:/program files (x86)/gnu tools arm embedded/5.2 2015q4/bin/../lib/gcc/arm-none-eabi/5.2.1/armv7e-m/crti.o
 .data          0x00000000        0x4 c:/program files (x86)/gnu tools arm embedded/5.2 2015q4/bin/../lib/gcc/arm-none-eabi/5.2.1/armv7e-m/crtbegin.o
 .text          0x00000000       0x74 c:/program files (x86)/gnu tools arm embedded/5.2 2015q4/bin/../lib/gcc/arm-none-eabi/5.2.1/../../../../arm-none-eabi/lib/armv7e-m/crt0.o
 .data          0x00000000        0x0 c:/program files (x86)/gnu tools arm embedded/5.2 2015q4/bin/../lib/gcc/arm-none-eabi/5.2.1/../../../../arm-none-eabi/lib/armv7e-m/crt0.o
 .bss           0x00000000        0x0 c:/program files (x86)/gnu tools arm embedded/5.2 2015q4/bin/../lib/gcc/arm-none-eabi/5.2.1/../../../../arm-none-eabi/lib/armv7e-m/crt0.o
 .ARM.extab     0x00000000        0x0 c:/program files (x86)/gnu tools arm embedded/5.2 2015q4/bin/../lib/gcc/arm-none-eabi/5.2.1/../../../../arm-none-eabi/lib/armv7e-m/crt0.o
 .ARM.exidx     0x00000000        0x8 c:/program files (x86)/gnu tools arm embedded/5.2 2015q4/bin/../lib/gcc/arm-none-eabi/5.2.1/../../../../arm-none-eabi/lib/armv7e-m/crt0.o
 .ARM.attributes
                0x00000000       0x1c c:/program files (x86)/gnu tools arm embedded/5.2 2015q4/bin/../lib/gcc/arm-none-eabi/5.2.1/../../../../arm-none-eabi/lib/armv7e-m/crt0.o
 .text          0x00000000     0x2164 ..\obj\stm32f4xx_ll_usb.o
 .data          0x00000000        0x0 ..\obj\stm32f4xx_ll_usb.o
 .bss           0x00000000        0x4 ..\obj\stm32f4xx_ll_usb.o
 .debug_info    0x00000000     0x13b7 ..\obj\stm32f4xx_ll_usb.o
 .debug_abbrev  0x00000000      0x213 ..\obj\stm32f4xx_ll_usb.o
 .debug_aranges
                0x00000000       0x20 ..\obj\stm32f4xx_ll_usb.o
 .debug_line    0x00000000      0x660 ..\obj\stm32f4xx_ll_usb.o
 .debug_str     0x00000000      0xb32 ..\obj\stm32f4xx_ll_usb.o
 .comment       0x00000000       0x6f ..\obj\stm32f4xx_ll_usb.o
 .debug_frame   0x00000000      0x718 ..\obj\stm32f4xx_ll_usb.o
 .ARM.attributes
                0x00000000       0x33 ..\obj\stm32f4xx_ll_usb.o
 .text          0x00000000      0x73c ..\obj\printf.o
 .data          0x00000000      0x42c ..\obj\printf.o
 .bss           0x00000000        0x0 ..\obj\printf.o
 .rodata        0x00000000       0x24 ..\obj\printf.o
 .debug_info    0x00000000      0xe3f ..\obj\printf.o
 .debug_abbrev  0x00000000      0x27e ..\obj\printf.o
 .debug_aranges
                0x00000000       0x20 ..\obj\printf.o
 .debug_line    0x00000000      0x2cd ..\obj\printf.o
 .debug_str     0x00000000      0x684 ..\obj\printf.o
 .comment       0x00000000       0x6f ..\obj\printf.o
 .debug_frame   0x00000000      0x2dc ..\obj\printf.o
 .ARM.attributes
                0x00000000       0x33 ..\obj\printf.o
 .data          0x00000000        0x0 ..\obj\stm32f4xx_hal.o
 .text          0x00000000      0x570 ..\obj\stm32f4xx_hal_sram.o
 .data          0x00000000        0x0 ..\obj\stm32f4xx_hal_sram.o
 .bss           0x00000000        0x0 ..\obj\stm32f4xx_hal_sram.o
 .debug_info    0x00000000      0xa19 ..\obj\stm32f4xx_hal_sram.o
 .debug_abbrev  0x00000000      0x195 ..\obj\stm32f4xx_hal_sram.o
 .debug_aranges
                0x00000000       0x20 ..\obj\stm32f4xx_hal_sram.o
 .debug_line    0x00000000      0x4d1 ..\obj\stm32f4xx_hal_sram.o
 .debug_str     0x00000000      0x859 ..\obj\stm32f4xx_hal_sram.o
 .comment       0x00000000       0x6f ..\obj\stm32f4xx_hal_sram.o
 .debug_frame   0x00000000      0x2a0 ..\obj\stm32f4xx_hal_sram.o
 .ARM.attributes
                0x00000000       0x33 ..\obj\stm32f4xx_hal_sram.o
 .text          0x00000000      0x584 ..\obj\stm32f4xx_hal_flash_ex.o
 .data          0x00000000        0x0 ..\obj\stm32f4xx_hal_flash_ex.o
 .bss           0x00000000        0x0 ..\obj\stm32f4xx_hal_flash_ex.o
 .debug_info    0x00000000      0x76a ..\obj\stm32f4xx_hal_flash_ex.o
 .debug_abbrev  0x00000000      0x250 ..\obj\stm32f4xx_hal_flash_ex.o
 .debug_aranges
                0x00000000       0x20 ..\obj\stm32f4xx_hal_flash_ex.o
 .debug_line    0x00000000      0x3ac ..\obj\stm32f4xx_hal_flash_ex.o
 .debug_str     0x00000000      0x5e0 ..\obj\stm32f4xx_hal_flash_ex.o
 .comment       0x00000000       0x6f ..\obj\stm32f4xx_hal_flash_ex.o
 .debug_frame   0x00000000      0x230 ..\obj\stm32f4xx_hal_flash_ex.o
 .ARM.attributes
                0x00000000       0x33 ..\obj\stm32f4xx_hal_flash_ex.o
 .text          0x00000000     0x3204 ..\obj\stm32f4xx_hal_i2c.o
 .data          0x00000000        0x0 ..\obj\stm32f4xx_hal_i2c.o
 .bss           0x00000000        0x0 ..\obj\stm32f4xx_hal_i2c.o
 .debug_info    0x00000000     0x1566 ..\obj\stm32f4xx_hal_i2c.o
 .debug_abbrev  0x00000000      0x1d6 ..\obj\stm32f4xx_hal_i2c.o
 .debug_aranges
                0x00000000       0x20 ..\obj\stm32f4xx_hal_i2c.o
 .debug_line    0x00000000      0xc37 ..\obj\stm32f4xx_hal_i2c.o
 .debug_str     0x00000000      0xc8a ..\obj\stm32f4xx_hal_i2c.o
 .comment       0x00000000       0x6f ..\obj\stm32f4xx_hal_i2c.o
 .debug_frame   0x00000000      0x8a4 ..\obj\stm32f4xx_hal_i2c.o
 .ARM.attributes
                0x00000000       0x33 ..\obj\stm32f4xx_hal_i2c.o
 .text          0x00000000        0x0 ..\obj\stm32f4xx_hal_ltdc.o
 .data          0x00000000        0x0 ..\obj\stm32f4xx_hal_ltdc.o
 .bss           0x00000000        0x0 ..\obj\stm32f4xx_hal_ltdc.o
 .debug_info    0x00000000       0x8e ..\obj\stm32f4xx_hal_ltdc.o
 .debug_abbrev  0x00000000       0x49 ..\obj\stm32f4xx_hal_ltdc.o
 .debug_aranges
                0x00000000       0x18 ..\obj\stm32f4xx_hal_ltdc.o
 .debug_line    0x00000000      0x144 ..\obj\stm32f4xx_hal_ltdc.o
 .debug_str     0x00000000      0x187 ..\obj\stm32f4xx_hal_ltdc.o
 .comment       0x00000000       0x6f ..\obj\stm32f4xx_hal_ltdc.o
 .ARM.attributes
                0x00000000       0x33 ..\obj\stm32f4xx_hal_ltdc.o
 .text          0x00000000        0x0 ..\obj\stm32f4xx_hal_cryp_ex.o
 .data          0x00000000        0x0 ..\obj\stm32f4xx_hal_cryp_ex.o
 .bss           0x00000000        0x0 ..\obj\stm32f4xx_hal_cryp_ex.o
 .debug_info    0x00000000       0x8e ..\obj\stm32f4xx_hal_cryp_ex.o
 .debug_abbrev  0x00000000       0x49 ..\obj\stm32f4xx_hal_cryp_ex.o
 .debug_aranges
                0x00000000       0x18 ..\obj\stm32f4xx_hal_cryp_ex.o
 .debug_line    0x00000000      0x144 ..\obj\stm32f4xx_hal_cryp_ex.o
 .debug_str     0x00000000      0x18a ..\obj\stm32f4xx_hal_cryp_ex.o
 .comment       0x00000000       0x6f ..\obj\stm32f4xx_hal_cryp_ex.o
 .ARM.attributes
                0x00000000       0x33 ..\obj\stm32f4xx_hal_cryp_ex.o
 .data          0x00000000        0x0 ..\obj\stm32f4xx_hal_msp_template.o
 .bss           0x00000000        0x0 ..\obj\stm32f4xx_hal_msp_template.o
 .data          0x00000000        0x0 ..\obj\stm32f4xx_hal_gpio.o
 .bss           0x00000000        0x0 ..\obj\stm32f4xx_hal_gpio.o
 .text          0x00000000      0x600 ..\obj\stm32f4xx_hal_dac.o
 .data          0x00000000        0x0 ..\obj\stm32f4xx_hal_dac.o
 .bss           0x00000000        0x0 ..\obj\stm32f4xx_hal_dac.o
 .debug_info    0x00000000      0x966 ..\obj\stm32f4xx_hal_dac.o
 .debug_abbrev  0x00000000      0x1c4 ..\obj\stm32f4xx_hal_dac.o
 .debug_aranges
                0x00000000       0x20 ..\obj\stm32f4xx_hal_dac.o
 .debug_line    0x00000000      0x3c1 ..\obj\stm32f4xx_hal_dac.o
 .debug_str     0x00000000      0x789 ..\obj\stm32f4xx_hal_dac.o
 .comment       0x00000000       0x6f ..\obj\stm32f4xx_hal_dac.o
 .debug_frame   0x00000000      0x338 ..\obj\stm32f4xx_hal_dac.o
 .ARM.attributes
                0x00000000       0x33 ..\obj\stm32f4xx_hal_dac.o
 .text          0x00000000      0x5ec ..\obj\stm32f4xx_hal_flash.o
 .data          0x00000000        0x0 ..\obj\stm32f4xx_hal_flash.o
 .bss           0x00000000        0x0 ..\obj\stm32f4xx_hal_flash.o
 .debug_info    0x00000000      0x588 ..\obj\stm32f4xx_hal_flash.o
 .debug_abbrev  0x00000000      0x1dd ..\obj\stm32f4xx_hal_flash.o
 .debug_aranges
                0x00000000       0x20 ..\obj\stm32f4xx_hal_flash.o
 .debug_line    0x00000000      0x368 ..\obj\stm32f4xx_hal_flash.o
 .debug_str     0x00000000      0x55b ..\obj\stm32f4xx_hal_flash.o
 .comment       0x00000000       0x6f ..\obj\stm32f4xx_hal_flash.o
 .debug_frame   0x00000000      0x26c ..\obj\stm32f4xx_hal_flash.o
 .ARM.attributes
                0x00000000       0x33 ..\obj\stm32f4xx_hal_flash.o
 COMMON         0x00000000       0x1c ..\obj\stm32f4xx_hal_flash.o
 .text          0x00000000      0x210 ..\obj\stm32f4xx_hal_dma_ex.o
 .data          0x00000000        0x0 ..\obj\stm32f4xx_hal_dma_ex.o
 .bss           0x00000000        0x0 ..\obj\stm32f4xx_hal_dma_ex.o
 .debug_info    0x00000000      0x49b ..\obj\stm32f4xx_hal_dma_ex.o
 .debug_abbrev  0x00000000      0x156 ..\obj\stm32f4xx_hal_dma_ex.o
 .debug_aranges
                0x00000000       0x20 ..\obj\stm32f4xx_hal_dma_ex.o
 .debug_line    0x00000000      0x2d2 ..\obj\stm32f4xx_hal_dma_ex.o
 .debug_str     0x00000000      0x539 ..\obj\stm32f4xx_hal_dma_ex.o
 .comment       0x00000000       0x6f ..\obj\stm32f4xx_hal_dma_ex.o
 .debug_frame   0x00000000       0xa8 ..\obj\stm32f4xx_hal_dma_ex.o
 .ARM.attributes
                0x00000000       0x33 ..\obj\stm32f4xx_hal_dma_ex.o
 .text          0x00000000       0xb8 ..\obj\stm32f4xx_hal_pcd_ex.o
 .data          0x00000000        0x0 ..\obj\stm32f4xx_hal_pcd_ex.o
 .bss           0x00000000        0x0 ..\obj\stm32f4xx_hal_pcd_ex.o
 .debug_info    0x00000000      0x543 ..\obj\stm32f4xx_hal_pcd_ex.o
 .debug_abbrev  0x00000000      0x15e ..\obj\stm32f4xx_hal_pcd_ex.o
 .debug_aranges
                0x00000000       0x20 ..\obj\stm32f4xx_hal_pcd_ex.o
 .debug_line    0x00000000      0x29a ..\obj\stm32f4xx_hal_pcd_ex.o
 .debug_str     0x00000000      0x51f ..\obj\stm32f4xx_hal_pcd_ex.o
 .comment       0x00000000       0x6f ..\obj\stm32f4xx_hal_pcd_ex.o
 .debug_frame   0x00000000       0x60 ..\obj\stm32f4xx_hal_pcd_ex.o
 .ARM.attributes
                0x00000000       0x33 ..\obj\stm32f4xx_hal_pcd_ex.o
 .text          0x00000000      0xd2c ..\obj\stm32f4xx_hal_adc.o
 .data          0x00000000        0x0 ..\obj\stm32f4xx_hal_adc.o
 .bss           0x00000000        0x0 ..\obj\stm32f4xx_hal_adc.o
 .debug_info    0x00000000      0xc35 ..\obj\stm32f4xx_hal_adc.o
 .debug_abbrev  0x00000000      0x212 ..\obj\stm32f4xx_hal_adc.o
 .debug_aranges
                0x00000000       0x20 ..\obj\stm32f4xx_hal_adc.o
 .debug_line    0x00000000      0x509 ..\obj\stm32f4xx_hal_adc.o
 .debug_str     0x00000000      0xa0c ..\obj\stm32f4xx_hal_adc.o
 .comment       0x00000000       0x6f ..\obj\stm32f4xx_hal_adc.o
 .debug_frame   0x00000000      0x400 ..\obj\stm32f4xx_hal_adc.o
 .ARM.attributes
                0x00000000       0x33 ..\obj\stm32f4xx_hal_adc.o
 .text          0x00000000     0x18f4 ..\obj\stm32f4xx_hal_hcd.o
 .data          0x00000000        0x0 ..\obj\stm32f4xx_hal_hcd.o
 .bss           0x00000000        0x0 ..\obj\stm32f4xx_hal_hcd.o
 .debug_info    0x00000000      0xc76 ..\obj\stm32f4xx_hal_hcd.o
 .debug_abbrev  0x00000000      0x21c ..\obj\stm32f4xx_hal_hcd.o
 .debug_aranges
                0x00000000       0x20 ..\obj\stm32f4xx_hal_hcd.o
 .debug_line    0x00000000      0x55c ..\obj\stm32f4xx_hal_hcd.o
 .debug_str     0x00000000      0x932 ..\obj\stm32f4xx_hal_hcd.o
 .comment       0x00000000       0x6f ..\obj\stm32f4xx_hal_hcd.o
 .debug_frame   0x00000000      0x3d4 ..\obj\stm32f4xx_hal_hcd.o
 .ARM.attributes
                0x00000000       0x33 ..\obj\stm32f4xx_hal_hcd.o
 .text          0x00000000     0x3be4 ..\obj\stm32f4xx_hal_tim.o
 .data          0x00000000        0x0 ..\obj\stm32f4xx_hal_tim.o
 .bss           0x00000000        0x0 ..\obj\stm32f4xx_hal_tim.o
 .debug_info    0x00000000     0x20fc ..\obj\stm32f4xx_hal_tim.o
 .debug_abbrev  0x00000000      0x206 ..\obj\stm32f4xx_hal_tim.o
 .debug_aranges
                0x00000000       0x20 ..\obj\stm32f4xx_hal_tim.o
 .debug_line    0x00000000      0xe43 ..\obj\stm32f4xx_hal_tim.o
 .debug_str     0x00000000     0x1324 ..\obj\stm32f4xx_hal_tim.o
 .comment       0x00000000       0x6f ..\obj\stm32f4xx_hal_tim.o
 .debug_frame   0x00000000      0xf74 ..\obj\stm32f4xx_hal_tim.o
 .ARM.attributes
                0x00000000       0x33 ..\obj\stm32f4xx_hal_tim.o
 .text          0x00000000        0x0 ..\obj\stm32f4xx_hal_flash_ramfunc.o
 .data          0x00000000        0x0 ..\obj\stm32f4xx_hal_flash_ramfunc.o
 .bss           0x00000000        0x0 ..\obj\stm32f4xx_hal_flash_ramfunc.o
 .debug_info    0x00000000       0x8e ..\obj\stm32f4xx_hal_flash_ramfunc.o
 .debug_abbrev  0x00000000       0x49 ..\obj\stm32f4xx_hal_flash_ramfunc.o
 .debug_aranges
                0x00000000       0x18 ..\obj\stm32f4xx_hal_flash_ramfunc.o
 .debug_line    0x00000000      0x144 ..\obj\stm32f4xx_hal_flash_ramfunc.o
 .debug_str     0x00000000      0x190 ..\obj\stm32f4xx_hal_flash_ramfunc.o
 .comment       0x00000000       0x6f ..\obj\stm32f4xx_hal_flash_ramfunc.o
 .ARM.attributes
                0x00000000       0x33 ..\obj\stm32f4xx_hal_flash_ramfunc.o
 .text          0x00000000      0xf64 ..\obj\stm32f4xx_hal_smartcard.o
 .data          0x00000000        0x0 ..\obj\stm32f4xx_hal_smartcard.o
 .bss           0x00000000        0x0 ..\obj\stm32f4xx_hal_smartcard.o
 .debug_info    0x00000000      0xba9 ..\obj\stm32f4xx_hal_smartcard.o
 .debug_abbrev  0x00000000      0x1f6 ..\obj\stm32f4xx_hal_smartcard.o
 .debug_aranges
                0x00000000       0x20 ..\obj\stm32f4xx_hal_smartcard.o
 .debug_line    0x00000000      0x588 ..\obj\stm32f4xx_hal_smartcard.o
 .debug_str     0x00000000      0x99e ..\obj\stm32f4xx_hal_smartcard.o
 .comment       0x00000000       0x6f ..\obj\stm32f4xx_hal_smartcard.o
 .debug_frame   0x00000000      0x378 ..\obj\stm32f4xx_hal_smartcard.o
 .ARM.attributes
                0x00000000       0x33 ..\obj\stm32f4xx_hal_smartcard.o
 .text          0x00000000     0x1508 ..\obj\stm32f4xx_hal_can.o
 .data          0x00000000        0x0 ..\obj\stm32f4xx_hal_can.o
 .bss           0x00000000        0x0 ..\obj\stm32f4xx_hal_can.o
 .debug_info    0x00000000      0xa9c ..\obj\stm32f4xx_hal_can.o
 .debug_abbrev  0x00000000      0x204 ..\obj\stm32f4xx_hal_can.o
 .debug_aranges
                0x00000000       0x20 ..\obj\stm32f4xx_hal_can.o
 .debug_line    0x00000000      0x597 ..\obj\stm32f4xx_hal_can.o
 .debug_str     0x00000000      0x6e6 ..\obj\stm32f4xx_hal_can.o
 .comment       0x00000000       0x6f ..\obj\stm32f4xx_hal_can.o
 .debug_frame   0x00000000      0x2f8 ..\obj\stm32f4xx_hal_can.o
 .ARM.attributes
                0x00000000       0x33 ..\obj\stm32f4xx_hal_can.o
 .text          0x00000000     0x11a0 ..\obj\stm32f4xx_hal_rtc_ex.o
 .data          0x00000000        0x0 ..\obj\stm32f4xx_hal_rtc_ex.o
 .bss           0x00000000        0x0 ..\obj\stm32f4xx_hal_rtc_ex.o
 .debug_info    0x00000000      0xe3e ..\obj\stm32f4xx_hal_rtc_ex.o
 .debug_abbrev  0x00000000      0x19e ..\obj\stm32f4xx_hal_rtc_ex.o
 .debug_aranges
                0x00000000       0x20 ..\obj\stm32f4xx_hal_rtc_ex.o
 .debug_line    0x00000000      0x78f ..\obj\stm32f4xx_hal_rtc_ex.o
 .debug_str     0x00000000      0xa12 ..\obj\stm32f4xx_hal_rtc_ex.o
 .comment       0x00000000       0x6f ..\obj\stm32f4xx_hal_rtc_ex.o
 .debug_frame   0x00000000      0x544 ..\obj\stm32f4xx_hal_rtc_ex.o
 .ARM.attributes
                0x00000000       0x33 ..\obj\stm32f4xx_hal_rtc_ex.o
 .text          0x00000000      0x25c ..\obj\stm32f4xx_hal_pwr.o
 .data          0x00000000        0x0 ..\obj\stm32f4xx_hal_pwr.o
 .bss           0x00000000        0x0 ..\obj\stm32f4xx_hal_pwr.o
 .debug_info    0x00000000      0x6fe ..\obj\stm32f4xx_hal_pwr.o
 .debug_abbrev  0x00000000      0x182 ..\obj\stm32f4xx_hal_pwr.o
 .debug_aranges
                0x00000000       0x20 ..\obj\stm32f4xx_hal_pwr.o
 .debug_line    0x00000000      0x308 ..\obj\stm32f4xx_hal_pwr.o
 .debug_str     0x00000000      0x4c0 ..\obj\stm32f4xx_hal_pwr.o
 .comment       0x00000000       0x6f ..\obj\stm32f4xx_hal_pwr.o
 .debug_frame   0x00000000      0x1d4 ..\obj\stm32f4xx_hal_pwr.o
 .ARM.attributes
                0x00000000       0x33 ..\obj\stm32f4xx_hal_pwr.o
 .text          0x00000000     0x145c ..\obj\stm32f4xx_hal_tim_ex.o
 .data          0x00000000        0x0 ..\obj\stm32f4xx_hal_tim_ex.o
 .bss           0x00000000        0x0 ..\obj\stm32f4xx_hal_tim_ex.o
 .debug_info    0x00000000      0xf17 ..\obj\stm32f4xx_hal_tim_ex.o
 .debug_abbrev  0x00000000      0x1f4 ..\obj\stm32f4xx_hal_tim_ex.o
 .debug_aranges
                0x00000000       0x20 ..\obj\stm32f4xx_hal_tim_ex.o
 .debug_line    0x00000000      0x66f ..\obj\stm32f4xx_hal_tim_ex.o
 .debug_str     0x00000000      0xc08 ..\obj\stm32f4xx_hal_tim_ex.o
 .comment       0x00000000       0x6f ..\obj\stm32f4xx_hal_tim_ex.o
 .debug_frame   0x00000000      0x574 ..\obj\stm32f4xx_hal_tim_ex.o
 .ARM.attributes
                0x00000000       0x33 ..\obj\stm32f4xx_hal_tim_ex.o
 .text          0x00000000      0x608 ..\obj\stm32f4xx_hal_pccard.o
 .data          0x00000000        0x0 ..\obj\stm32f4xx_hal_pccard.o
 .bss           0x00000000        0x0 ..\obj\stm32f4xx_hal_pccard.o
 .debug_info    0x00000000      0x699 ..\obj\stm32f4xx_hal_pccard.o
 .debug_abbrev  0x00000000      0x1a0 ..\obj\stm32f4xx_hal_pccard.o
 .debug_aranges
                0x00000000       0x20 ..\obj\stm32f4xx_hal_pccard.o
 .debug_line    0x00000000      0x434 ..\obj\stm32f4xx_hal_pccard.o
 .debug_str     0x00000000      0x540 ..\obj\stm32f4xx_hal_pccard.o
 .comment       0x00000000       0x6f ..\obj\stm32f4xx_hal_pccard.o
 .debug_frame   0x00000000      0x234 ..\obj\stm32f4xx_hal_pccard.o
 .ARM.attributes
                0x00000000       0x33 ..\obj\stm32f4xx_hal_pccard.o
 .text          0x00000000     0x1624 ..\obj\stm32f4xx_hal_usart.o
 .data          0x00000000        0x0 ..\obj\stm32f4xx_hal_usart.o
 .bss           0x00000000        0x0 ..\obj\stm32f4xx_hal_usart.o
 .debug_info    0x00000000      0xdd7 ..\obj\stm32f4xx_hal_usart.o
 .debug_abbrev  0x00000000      0x1e7 ..\obj\stm32f4xx_hal_usart.o
 .debug_aranges
                0x00000000       0x20 ..\obj\stm32f4xx_hal_usart.o
 .debug_line    0x00000000      0x7be ..\obj\stm32f4xx_hal_usart.o
 .debug_str     0x00000000      0xa0d ..\obj\stm32f4xx_hal_usart.o
 .comment       0x00000000       0x6f ..\obj\stm32f4xx_hal_usart.o
 .debug_frame   0x00000000      0x540 ..\obj\stm32f4xx_hal_usart.o
 .ARM.attributes
                0x00000000       0x33 ..\obj\stm32f4xx_hal_usart.o
 .data          0x00000000        0x0 ..\obj\stm32f4xx_hal_rcc.o
 .bss           0x00000000        0x0 ..\obj\stm32f4xx_hal_rcc.o
 .text          0x00000000     0x1054 ..\obj\stm32f4xx_hal_rtc.o
 .data          0x00000000        0x0 ..\obj\stm32f4xx_hal_rtc.o
 .bss           0x00000000        0x0 ..\obj\stm32f4xx_hal_rtc.o
 .debug_info    0x00000000      0xb05 ..\obj\stm32f4xx_hal_rtc.o
 .debug_abbrev  0x00000000      0x18f ..\obj\stm32f4xx_hal_rtc.o
 .debug_aranges
                0x00000000       0x20 ..\obj\stm32f4xx_hal_rtc.o
 .debug_line    0x00000000      0x508 ..\obj\stm32f4xx_hal_rtc.o
 .debug_str     0x00000000      0x6cc ..\obj\stm32f4xx_hal_rtc.o
 .comment       0x00000000       0x6f ..\obj\stm32f4xx_hal_rtc.o
 .debug_frame   0x00000000      0x308 ..\obj\stm32f4xx_hal_rtc.o
 .ARM.attributes
                0x00000000       0x33 ..\obj\stm32f4xx_hal_rtc.o
 .text          0x00000000        0x0 ..\obj\stm32f4xx_hal_i2c_ex.o
 .data          0x00000000        0x0 ..\obj\stm32f4xx_hal_i2c_ex.o
 .bss           0x00000000        0x0 ..\obj\stm32f4xx_hal_i2c_ex.o
 .debug_info    0x00000000       0x8e ..\obj\stm32f4xx_hal_i2c_ex.o
 .debug_abbrev  0x00000000       0x49 ..\obj\stm32f4xx_hal_i2c_ex.o
 .debug_aranges
                0x00000000       0x18 ..\obj\stm32f4xx_hal_i2c_ex.o
 .debug_line    0x00000000      0x144 ..\obj\stm32f4xx_hal_i2c_ex.o
 .debug_str     0x00000000      0x189 ..\obj\stm32f4xx_hal_i2c_ex.o
 .comment       0x00000000       0x6f ..\obj\stm32f4xx_hal_i2c_ex.o
 .ARM.attributes
                0x00000000       0x33 ..\obj\stm32f4xx_hal_i2c_ex.o
 .text          0x00000000     0x1fb4 ..\obj\stm32f4xx_hal_spi.o
 .data          0x00000000        0x0 ..\obj\stm32f4xx_hal_spi.o
 .bss           0x00000000        0x0 ..\obj\stm32f4xx_hal_spi.o
 .debug_info    0x00000000      0xef3 ..\obj\stm32f4xx_hal_spi.o
 .debug_abbrev  0x00000000      0x1f6 ..\obj\stm32f4xx_hal_spi.o
 .debug_aranges
                0x00000000       0x20 ..\obj\stm32f4xx_hal_spi.o
 .debug_line    0x00000000      0x88c ..\obj\stm32f4xx_hal_spi.o
 .debug_str     0x00000000      0xa76 ..\obj\stm32f4xx_hal_spi.o
 .comment       0x00000000       0x6f ..\obj\stm32f4xx_hal_spi.o
 .debug_frame   0x00000000      0x5d4 ..\obj\stm32f4xx_hal_spi.o
 .ARM.attributes
                0x00000000       0x33 ..\obj\stm32f4xx_hal_spi.o
 .text          0x00000000        0x0 ..\obj\stm32f4xx_hal_hash_ex.o
 .data          0x00000000        0x0 ..\obj\stm32f4xx_hal_hash_ex.o
 .bss           0x00000000        0x0 ..\obj\stm32f4xx_hal_hash_ex.o
 .debug_info    0x00000000       0x8e ..\obj\stm32f4xx_hal_hash_ex.o
 .debug_abbrev  0x00000000       0x49 ..\obj\stm32f4xx_hal_hash_ex.o
 .debug_aranges
                0x00000000       0x18 ..\obj\stm32f4xx_hal_hash_ex.o
 .debug_line    0x00000000      0x144 ..\obj\stm32f4xx_hal_hash_ex.o
 .debug_str     0x00000000      0x18a ..\obj\stm32f4xx_hal_hash_ex.o
 .comment       0x00000000       0x6f ..\obj\stm32f4xx_hal_hash_ex.o
 .ARM.attributes
                0x00000000       0x33 ..\obj\stm32f4xx_hal_hash_ex.o
 .text          0x00000000      0x990 ..\obj\stm32f4xx_hal_adc_ex.o
 .data          0x00000000        0x0 ..\obj\stm32f4xx_hal_adc_ex.o
 .bss           0x00000000        0x0 ..\obj\stm32f4xx_hal_adc_ex.o
 .debug_info    0x00000000      0xaa3 ..\obj\stm32f4xx_hal_adc_ex.o
 .debug_abbrev  0x00000000      0x20d ..\obj\stm32f4xx_hal_adc_ex.o
 .debug_aranges
                0x00000000       0x20 ..\obj\stm32f4xx_hal_adc_ex.o
 .debug_line    0x00000000      0x4c0 ..\obj\stm32f4xx_hal_adc_ex.o
 .debug_str     0x00000000      0xa4e ..\obj\stm32f4xx_hal_adc_ex.o
 .comment       0x00000000       0x6f ..\obj\stm32f4xx_hal_adc_ex.o
 .debug_frame   0x00000000      0x254 ..\obj\stm32f4xx_hal_adc_ex.o
 .ARM.attributes
                0x00000000       0x33 ..\obj\stm32f4xx_hal_adc_ex.o
 .text          0x00000000      0x21c ..\obj\stm32f4xx_ll_sdmmc.o
 .data          0x00000000        0x0 ..\obj\stm32f4xx_ll_sdmmc.o
 .bss           0x00000000        0x0 ..\obj\stm32f4xx_ll_sdmmc.o
 .debug_info    0x00000000      0x5ec ..\obj\stm32f4xx_ll_sdmmc.o
 .debug_abbrev  0x00000000      0x15e ..\obj\stm32f4xx_ll_sdmmc.o
 .debug_aranges
                0x00000000       0x20 ..\obj\stm32f4xx_ll_sdmmc.o
 .debug_line    0x00000000      0x2cb ..\obj\stm32f4xx_ll_sdmmc.o
 .debug_str     0x00000000      0x49f ..\obj\stm32f4xx_ll_sdmmc.o
 .comment       0x00000000       0x6f ..\obj\stm32f4xx_ll_sdmmc.o
 .debug_frame   0x00000000      0x21c ..\obj\stm32f4xx_ll_sdmmc.o
 .ARM.attributes
                0x00000000       0x33 ..\obj\stm32f4xx_ll_sdmmc.o
 .data          0x00000000        0x0 ..\obj\main.o
 .bss           0x00000000        0x0 ..\obj\main.o
 .text          0x00000000      0x26c ..\obj\stm32f4xx_hal_rcc_ex.o
 .data          0x00000000        0x0 ..\obj\stm32f4xx_hal_rcc_ex.o
 .bss           0x00000000        0x0 ..\obj\stm32f4xx_hal_rcc_ex.o
 .debug_info    0x00000000      0x5ae ..\obj\stm32f4xx_hal_rcc_ex.o
 .debug_abbrev  0x00000000      0x199 ..\obj\stm32f4xx_hal_rcc_ex.o
 .debug_aranges
                0x00000000       0x20 ..\obj\stm32f4xx_hal_rcc_ex.o
 .debug_line    0x00000000      0x315 ..\obj\stm32f4xx_hal_rcc_ex.o
 .debug_str     0x00000000      0x3e9 ..\obj\stm32f4xx_hal_rcc_ex.o
 .comment       0x00000000       0x6f ..\obj\stm32f4xx_hal_rcc_ex.o
 .debug_frame   0x00000000       0x5c ..\obj\stm32f4xx_hal_rcc_ex.o
 .ARM.attributes
                0x00000000       0x33 ..\obj\stm32f4xx_hal_rcc_ex.o
 .text          0x00000000     0x16e4 ..\obj\stm32f4xx_hal_i2s.o
 .data          0x00000000        0x0 ..\obj\stm32f4xx_hal_i2s.o
 .bss           0x00000000        0x0 ..\obj\stm32f4xx_hal_i2s.o
 .debug_info    0x00000000      0xe86 ..\obj\stm32f4xx_hal_i2s.o
 .debug_abbrev  0x00000000      0x1ff ..\obj\stm32f4xx_hal_i2s.o
 .debug_aranges
                0x00000000       0x20 ..\obj\stm32f4xx_hal_i2s.o
 .debug_line    0x00000000      0x92c ..\obj\stm32f4xx_hal_i2s.o
 .debug_str     0x00000000      0xa3a ..\obj\stm32f4xx_hal_i2s.o
 .comment       0x00000000       0x6f ..\obj\stm32f4xx_hal_i2s.o
 .debug_frame   0x00000000      0x460 ..\obj\stm32f4xx_hal_i2s.o
 .ARM.attributes
                0x00000000       0x33 ..\obj\stm32f4xx_hal_i2s.o
 .text          0x00000000        0x0 ..\obj\stm32f4xx_ll_fmc.o
 .data          0x00000000        0x0 ..\obj\stm32f4xx_ll_fmc.o
 .bss           0x00000000        0x0 ..\obj\stm32f4xx_ll_fmc.o
 .debug_info    0x00000000       0x8e ..\obj\stm32f4xx_ll_fmc.o
 .debug_abbrev  0x00000000       0x49 ..\obj\stm32f4xx_ll_fmc.o
 .debug_aranges
                0x00000000       0x18 ..\obj\stm32f4xx_ll_fmc.o
 .debug_line    0x00000000      0x144 ..\obj\stm32f4xx_ll_fmc.o
 .debug_str     0x00000000      0x185 ..\obj\stm32f4xx_ll_fmc.o
 .comment       0x00000000       0x6f ..\obj\stm32f4xx_ll_fmc.o
 .ARM.attributes
                0x00000000       0x33 ..\obj\stm32f4xx_ll_fmc.o
 .text          0x00000000      0x1f8 ..\obj\stm32f4xx_hal_dac_ex.o
 .data          0x00000000        0x0 ..\obj\stm32f4xx_hal_dac_ex.o
 .bss           0x00000000        0x0 ..\obj\stm32f4xx_hal_dac_ex.o
 .debug_info    0x00000000      0x6f0 ..\obj\stm32f4xx_hal_dac_ex.o
 .debug_abbrev  0x00000000      0x183 ..\obj\stm32f4xx_hal_dac_ex.o
 .debug_aranges
                0x00000000       0x20 ..\obj\stm32f4xx_hal_dac_ex.o
 .debug_line    0x00000000      0x304 ..\obj\stm32f4xx_hal_dac_ex.o
 .debug_str     0x00000000      0x6b9 ..\obj\stm32f4xx_hal_dac_ex.o
 .comment       0x00000000       0x6f ..\obj\stm32f4xx_hal_dac_ex.o
 .debug_frame   0x00000000      0x1bc ..\obj\stm32f4xx_hal_dac_ex.o
 .ARM.attributes
                0x00000000       0x33 ..\obj\stm32f4xx_hal_dac_ex.o
 .text          0x00000000     0x11e0 ..\obj\stm32f4xx_hal_irda.o
 .data          0x00000000        0x0 ..\obj\stm32f4xx_hal_irda.o
 .bss           0x00000000        0x0 ..\obj\stm32f4xx_hal_irda.o
 .debug_info    0x00000000      0xca1 ..\obj\stm32f4xx_hal_irda.o
 .debug_abbrev  0x00000000      0x1e7 ..\obj\stm32f4xx_hal_irda.o
 .debug_aranges
                0x00000000       0x20 ..\obj\stm32f4xx_hal_irda.o
 .debug_line    0x00000000      0x5d9 ..\obj\stm32f4xx_hal_irda.o
 .debug_str     0x00000000      0x93d ..\obj\stm32f4xx_hal_irda.o
 .comment       0x00000000       0x6f ..\obj\stm32f4xx_hal_irda.o
 .debug_frame   0x00000000      0x484 ..\obj\stm32f4xx_hal_irda.o
 .ARM.attributes
                0x00000000       0x33 ..\obj\stm32f4xx_hal_irda.o
 .text          0x00000000      0xcd4 ..\obj\stm32f4xx_hal_nand.o
 .data          0x00000000        0x0 ..\obj\stm32f4xx_hal_nand.o
 .bss           0x00000000        0x0 ..\obj\stm32f4xx_hal_nand.o
 .debug_info    0x00000000      0xa05 ..\obj\stm32f4xx_hal_nand.o
 .debug_abbrev  0x00000000      0x191 ..\obj\stm32f4xx_hal_nand.o
 .debug_aranges
                0x00000000       0x20 ..\obj\stm32f4xx_hal_nand.o
 .debug_line    0x00000000      0x528 ..\obj\stm32f4xx_hal_nand.o
 .debug_str     0x00000000      0x716 ..\obj\stm32f4xx_hal_nand.o
 .comment       0x00000000       0x6f ..\obj\stm32f4xx_hal_nand.o
 .debug_frame   0x00000000      0x2e4 ..\obj\stm32f4xx_hal_nand.o
 .ARM.attributes
                0x00000000       0x33 ..\obj\stm32f4xx_hal_nand.o
 .text          0x00000000      0x264 ..\obj\stm32f4xx_hal_rng.o
 .data          0x00000000        0x0 ..\obj\stm32f4xx_hal_rng.o
 .bss           0x00000000        0x0 ..\obj\stm32f4xx_hal_rng.o
 .debug_info    0x00000000      0x388 ..\obj\stm32f4xx_hal_rng.o
 .debug_abbrev  0x00000000      0x17e ..\obj\stm32f4xx_hal_rng.o
 .debug_aranges
                0x00000000       0x20 ..\obj\stm32f4xx_hal_rng.o
 .debug_line    0x00000000      0x2fa ..\obj\stm32f4xx_hal_rng.o
 .debug_str     0x00000000      0x388 ..\obj\stm32f4xx_hal_rng.o
 .comment       0x00000000       0x6f ..\obj\stm32f4xx_hal_rng.o
 .debug_frame   0x00000000      0x190 ..\obj\stm32f4xx_hal_rng.o
 .ARM.attributes
                0x00000000       0x33 ..\obj\stm32f4xx_hal_rng.o
 .text          0x00000000        0x0 ..\obj\stm32f4xx_hal_sdram.o
 .data          0x00000000        0x0 ..\obj\stm32f4xx_hal_sdram.o
 .bss           0x00000000        0x0 ..\obj\stm32f4xx_hal_sdram.o
 .debug_info    0x00000000       0x8e ..\obj\stm32f4xx_hal_sdram.o
 .debug_abbrev  0x00000000       0x49 ..\obj\stm32f4xx_hal_sdram.o
 .debug_aranges
                0x00000000       0x18 ..\obj\stm32f4xx_hal_sdram.o
 .debug_line    0x00000000      0x144 ..\obj\stm32f4xx_hal_sdram.o
 .debug_str     0x00000000      0x188 ..\obj\stm32f4xx_hal_sdram.o
 .comment       0x00000000       0x6f ..\obj\stm32f4xx_hal_sdram.o
 .ARM.attributes
                0x00000000       0x33 ..\obj\stm32f4xx_hal_sdram.o
 .text          0x00000000      0x98c ..\obj\stm32f4xx_hal_nor.o
 .data          0x00000000        0x0 ..\obj\stm32f4xx_hal_nor.o
 .bss           0x00000000        0x0 ..\obj\stm32f4xx_hal_nor.o
 .debug_info    0x00000000      0x91e ..\obj\stm32f4xx_hal_nor.o
 .debug_abbrev  0x00000000      0x160 ..\obj\stm32f4xx_hal_nor.o
 .debug_aranges
                0x00000000       0x20 ..\obj\stm32f4xx_hal_nor.o
 .debug_line    0x00000000      0x484 ..\obj\stm32f4xx_hal_nor.o
 .debug_str     0x00000000      0x714 ..\obj\stm32f4xx_hal_nor.o
 .comment       0x00000000       0x6f ..\obj\stm32f4xx_hal_nor.o
 .debug_frame   0x00000000      0x2cc ..\obj\stm32f4xx_hal_nor.o
 .ARM.attributes
                0x00000000       0x33 ..\obj\stm32f4xx_hal_nor.o
 .data          0x00000000        0x0 ..\obj\stm32f4xx_hal_cortex.o
 .bss           0x00000000        0x0 ..\obj\stm32f4xx_hal_cortex.o
 .text          0x00000000        0x0 ..\obj\stm32f4xx_hal_hash.o
 .data          0x00000000        0x0 ..\obj\stm32f4xx_hal_hash.o
 .bss           0x00000000        0x0 ..\obj\stm32f4xx_hal_hash.o
 .debug_info    0x00000000       0x8e ..\obj\stm32f4xx_hal_hash.o
 .debug_abbrev  0x00000000       0x49 ..\obj\stm32f4xx_hal_hash.o
 .debug_aranges
                0x00000000       0x18 ..\obj\stm32f4xx_hal_hash.o
 .debug_line    0x00000000      0x144 ..\obj\stm32f4xx_hal_hash.o
 .debug_str     0x00000000      0x187 ..\obj\stm32f4xx_hal_hash.o
 .comment       0x00000000       0x6f ..\obj\stm32f4xx_hal_hash.o
 .ARM.attributes
                0x00000000       0x33 ..\obj\stm32f4xx_hal_hash.o
 .text          0x00000000      0x5a4 ..\obj\stm32f4xx_ll_fsmc.o
 .data          0x00000000        0x0 ..\obj\stm32f4xx_ll_fsmc.o
 .bss           0x00000000        0x0 ..\obj\stm32f4xx_ll_fsmc.o
 .debug_info    0x00000000      0x964 ..\obj\stm32f4xx_ll_fsmc.o
 .debug_abbrev  0x00000000      0x164 ..\obj\stm32f4xx_ll_fsmc.o
 .debug_aranges
                0x00000000       0x20 ..\obj\stm32f4xx_ll_fsmc.o
 .debug_line    0x00000000      0x39c ..\obj\stm32f4xx_ll_fsmc.o
 .debug_str     0x00000000      0x6dc ..\obj\stm32f4xx_ll_fsmc.o
 .comment       0x00000000       0x6f ..\obj\stm32f4xx_ll_fsmc.o
 .debug_frame   0x00000000      0x2dc ..\obj\stm32f4xx_ll_fsmc.o
 .ARM.attributes
                0x00000000       0x33 ..\obj\stm32f4xx_ll_fsmc.o
 .text          0x00000000      0x18c ..\obj\stm32f4xx_hal_crc.o
 .data          0x00000000        0x0 ..\obj\stm32f4xx_hal_crc.o
 .bss           0x00000000        0x0 ..\obj\stm32f4xx_hal_crc.o
 .debug_info    0x00000000      0x37b ..\obj\stm32f4xx_hal_crc.o
 .debug_abbrev  0x00000000      0x16c ..\obj\stm32f4xx_hal_crc.o
 .debug_aranges
                0x00000000       0x20 ..\obj\stm32f4xx_hal_crc.o
 .debug_line    0x00000000      0x2e5 ..\obj\stm32f4xx_hal_crc.o
 .debug_str     0x00000000      0x374 ..\obj\stm32f4xx_hal_crc.o
 .comment       0x00000000       0x6f ..\obj\stm32f4xx_hal_crc.o
 .debug_frame   0x00000000      0x120 ..\obj\stm32f4xx_hal_crc.o
 .ARM.attributes
                0x00000000       0x33 ..\obj\stm32f4xx_hal_crc.o
 .text          0x00000000      0x230 ..\obj\stm32f4xx_hal_wwdg.o
 .data          0x00000000        0x0 ..\obj\stm32f4xx_hal_wwdg.o
 .bss           0x00000000        0x0 ..\obj\stm32f4xx_hal_wwdg.o
 .debug_info    0x00000000      0x3b7 ..\obj\stm32f4xx_hal_wwdg.o
 .debug_abbrev  0x00000000      0x160 ..\obj\stm32f4xx_hal_wwdg.o
 .debug_aranges
                0x00000000       0x20 ..\obj\stm32f4xx_hal_wwdg.o
 .debug_line    0x00000000      0x31e ..\obj\stm32f4xx_hal_wwdg.o
 .debug_str     0x00000000      0x39c ..\obj\stm32f4xx_hal_wwdg.o
 .comment       0x00000000       0x6f ..\obj\stm32f4xx_hal_wwdg.o
 .debug_frame   0x00000000      0x194 ..\obj\stm32f4xx_hal_wwdg.o
 .ARM.attributes
                0x00000000       0x33 ..\obj\stm32f4xx_hal_wwdg.o
 .text          0x00000000      0x788 ..\obj\stm32f4xx_hal_dcmi.o
 .data          0x00000000        0x0 ..\obj\stm32f4xx_hal_dcmi.o
 .bss           0x00000000        0x0 ..\obj\stm32f4xx_hal_dcmi.o
 .debug_info    0x00000000      0x911 ..\obj\stm32f4xx_hal_dcmi.o
 .debug_abbrev  0x00000000      0x1f6 ..\obj\stm32f4xx_hal_dcmi.o
 .debug_aranges
                0x00000000       0x20 ..\obj\stm32f4xx_hal_dcmi.o
 .debug_line    0x00000000      0x41e ..\obj\stm32f4xx_hal_dcmi.o
 .debug_str     0x00000000      0x7ee ..\obj\stm32f4xx_hal_dcmi.o
 .comment       0x00000000       0x6f ..\obj\stm32f4xx_hal_dcmi.o
 .debug_frame   0x00000000      0x2c8 ..\obj\stm32f4xx_hal_dcmi.o
 .ARM.attributes
                0x00000000       0x33 ..\obj\stm32f4xx_hal_dcmi.o
 .text          0x00000000     0x7cc4 ..\obj\stm32f4xx_hal_dma.o
 .data          0x00000000        0x0 ..\obj\stm32f4xx_hal_dma.o
 .bss           0x00000000        0x0 ..\obj\stm32f4xx_hal_dma.o
 .debug_info    0x00000000      0x643 ..\obj\stm32f4xx_hal_dma.o
 .debug_abbrev  0x00000000      0x1c2 ..\obj\stm32f4xx_hal_dma.o
 .debug_aranges
                0x00000000       0x20 ..\obj\stm32f4xx_hal_dma.o
 .debug_line    0x00000000     0x44ca ..\obj\stm32f4xx_hal_dma.o
 .debug_str     0x00000000      0x5ae ..\obj\stm32f4xx_hal_dma.o
 .comment       0x00000000       0x6f ..\obj\stm32f4xx_hal_dma.o
 .debug_frame   0x00000000      0x194 ..\obj\stm32f4xx_hal_dma.o
 .ARM.attributes
                0x00000000       0x33 ..\obj\stm32f4xx_hal_dma.o
 .text          0x00000000     0x1578 ..\obj\stm32f4xx_hal_eth.o
 .data          0x00000000        0x0 ..\obj\stm32f4xx_hal_eth.o
 .bss           0x00000000        0x0 ..\obj\stm32f4xx_hal_eth.o
 .debug_info    0x00000000     0x1371 ..\obj\stm32f4xx_hal_eth.o
 .debug_abbrev  0x00000000      0x223 ..\obj\stm32f4xx_hal_eth.o
 .debug_aranges
                0x00000000       0x20 ..\obj\stm32f4xx_hal_eth.o
 .debug_line    0x00000000      0x7a6 ..\obj\stm32f4xx_hal_eth.o
 .debug_str     0x00000000      0xe7b ..\obj\stm32f4xx_hal_eth.o
 .comment       0x00000000       0x6f ..\obj\stm32f4xx_hal_eth.o
 .debug_frame   0x00000000      0x4b4 ..\obj\stm32f4xx_hal_eth.o
 .ARM.attributes
                0x00000000       0x33 ..\obj\stm32f4xx_hal_eth.o
 .text          0x00000000        0x0 ..\obj\stm32f4xx_hal_cryp.o
 .data          0x00000000        0x0 ..\obj\stm32f4xx_hal_cryp.o
 .bss           0x00000000        0x0 ..\obj\stm32f4xx_hal_cryp.o
 .debug_info    0x00000000       0x8e ..\obj\stm32f4xx_hal_cryp.o
 .debug_abbrev  0x00000000       0x49 ..\obj\stm32f4xx_hal_cryp.o
 .debug_aranges
                0x00000000       0x18 ..\obj\stm32f4xx_hal_cryp.o
 .debug_line    0x00000000      0x144 ..\obj\stm32f4xx_hal_cryp.o
 .debug_str     0x00000000      0x187 ..\obj\stm32f4xx_hal_cryp.o
 .comment       0x00000000       0x6f ..\obj\stm32f4xx_hal_cryp.o
 .ARM.attributes
                0x00000000       0x33 ..\obj\stm32f4xx_hal_cryp.o
 .text          0x00000000        0x0 ..\obj\stm32f4xx_hal_dma2d.o
 .data          0x00000000        0x0 ..\obj\stm32f4xx_hal_dma2d.o
 .bss           0x00000000        0x0 ..\obj\stm32f4xx_hal_dma2d.o
 .debug_info    0x00000000       0x8e ..\obj\stm32f4xx_hal_dma2d.o
 .debug_abbrev  0x00000000       0x49 ..\obj\stm32f4xx_hal_dma2d.o
 .debug_aranges
                0x00000000       0x18 ..\obj\stm32f4xx_hal_dma2d.o
 .debug_line    0x00000000      0x144 ..\obj\stm32f4xx_hal_dma2d.o
 .debug_str     0x00000000      0x188 ..\obj\stm32f4xx_hal_dma2d.o
 .comment       0x00000000       0x6f ..\obj\stm32f4xx_hal_dma2d.o
 .ARM.attributes
                0x00000000       0x33 ..\obj\stm32f4xx_hal_dma2d.o
 .text          0x00000000     0x16f0 ..\obj\stm32f4xx_hal_uart.o
 .data          0x00000000        0x0 ..\obj\stm32f4xx_hal_uart.o
 .bss           0x00000000        0x0 ..\obj\stm32f4xx_hal_uart.o
 .debug_info    0x00000000      0xe48 ..\obj\stm32f4xx_hal_uart.o
 .debug_abbrev  0x00000000      0x1e7 ..\obj\stm32f4xx_hal_uart.o
 .debug_aranges
                0x00000000       0x20 ..\obj\stm32f4xx_hal_uart.o
 .debug_line    0x00000000      0x71f ..\obj\stm32f4xx_hal_uart.o
 .debug_str     0x00000000      0xa32 ..\obj\stm32f4xx_hal_uart.o
 .comment       0x00000000       0x6f ..\obj\stm32f4xx_hal_uart.o
 .debug_frame   0x00000000      0x5b8 ..\obj\stm32f4xx_hal_uart.o
 .ARM.attributes
                0x00000000       0x33 ..\obj\stm32f4xx_hal_uart.o
 .text          0x00000000      0xbb4 ..\obj\stm32f4xx_hal_i2s_ex.o
 .data          0x00000000        0x0 ..\obj\stm32f4xx_hal_i2s_ex.o
 .bss           0x00000000        0x0 ..\obj\stm32f4xx_hal_i2s_ex.o
 .debug_info    0x00000000      0x77d ..\obj\stm32f4xx_hal_i2s_ex.o
 .debug_abbrev  0x00000000      0x190 ..\obj\stm32f4xx_hal_i2s_ex.o
 .debug_aranges
                0x00000000       0x20 ..\obj\stm32f4xx_hal_i2s_ex.o
 .debug_line    0x00000000      0x775 ..\obj\stm32f4xx_hal_i2s_ex.o
 .debug_str     0x00000000      0x764 ..\obj\stm32f4xx_hal_i2s_ex.o
 .comment       0x00000000       0x6f ..\obj\stm32f4xx_hal_i2s_ex.o
 .debug_frame   0x00000000       0xb0 ..\obj\stm32f4xx_hal_i2s_ex.o
 .ARM.attributes
                0x00000000       0x33 ..\obj\stm32f4xx_hal_i2s_ex.o
 .text          0x00000000       0xc8 ..\obj\stm32f4xx_hal_pwr_ex.o
 .data          0x00000000        0x0 ..\obj\stm32f4xx_hal_pwr_ex.o
 .bss           0x00000000        0x0 ..\obj\stm32f4xx_hal_pwr_ex.o
 .debug_info    0x00000000      0x1b4 ..\obj\stm32f4xx_hal_pwr_ex.o
 .debug_abbrev  0x00000000       0xda ..\obj\stm32f4xx_hal_pwr_ex.o
 .debug_aranges
                0x00000000       0x20 ..\obj\stm32f4xx_hal_pwr_ex.o
 .debug_line    0x00000000      0x274 ..\obj\stm32f4xx_hal_pwr_ex.o
 .debug_str     0x00000000      0x270 ..\obj\stm32f4xx_hal_pwr_ex.o
 .comment       0x00000000       0x6f ..\obj\stm32f4xx_hal_pwr_ex.o
 .debug_frame   0x00000000       0x98 ..\obj\stm32f4xx_hal_pwr_ex.o
 .ARM.attributes
                0x00000000       0x33 ..\obj\stm32f4xx_hal_pwr_ex.o
 .text          0x00000000     0x2bf4 ..\obj\stm32f4xx_hal_sd.o
 .data          0x00000000        0x0 ..\obj\stm32f4xx_hal_sd.o
 .bss           0x00000000        0x0 ..\obj\stm32f4xx_hal_sd.o
 .debug_info    0x00000000     0x1b35 ..\obj\stm32f4xx_hal_sd.o
 .debug_abbrev  0x00000000      0x21c ..\obj\stm32f4xx_hal_sd.o
 .debug_aranges
                0x00000000       0x20 ..\obj\stm32f4xx_hal_sd.o
 .debug_line    0x00000000      0xa09 ..\obj\stm32f4xx_hal_sd.o
 .debug_str     0x00000000     0x1351 ..\obj\stm32f4xx_hal_sd.o
 .comment       0x00000000       0x6f ..\obj\stm32f4xx_hal_sd.o
 .debug_frame   0x00000000      0x6e4 ..\obj\stm32f4xx_hal_sd.o
 .ARM.attributes
                0x00000000       0x33 ..\obj\stm32f4xx_hal_sd.o
 .text          0x00000000        0x0 ..\obj\stm32f4xx_hal_sai.o
 .data          0x00000000        0x0 ..\obj\stm32f4xx_hal_sai.o
 .bss           0x00000000        0x0 ..\obj\stm32f4xx_hal_sai.o
 .debug_info    0x00000000       0x8e ..\obj\stm32f4xx_hal_sai.o
 .debug_abbrev  0x00000000       0x49 ..\obj\stm32f4xx_hal_sai.o
 .debug_aranges
                0x00000000       0x18 ..\obj\stm32f4xx_hal_sai.o
 .debug_line    0x00000000      0x144 ..\obj\stm32f4xx_hal_sai.o
 .debug_str     0x00000000      0x186 ..\obj\stm32f4xx_hal_sai.o
 .comment       0x00000000       0x6f ..\obj\stm32f4xx_hal_sai.o
 .ARM.attributes
                0x00000000       0x33 ..\obj\stm32f4xx_hal_sai.o
 .text          0x00000000       0xc4 ..\obj\semihosting.o
 .data          0x00000000        0x0 ..\obj\semihosting.o
 .bss           0x00000000       0x11 ..\obj\semihosting.o
 .debug_info    0x00000000      0x132 ..\obj\semihosting.o
 .debug_abbrev  0x00000000       0xab ..\obj\semihosting.o
 .debug_aranges
                0x00000000       0x20 ..\obj\semihosting.o
 .debug_line    0x00000000       0xb1 ..\obj\semihosting.o
 .debug_str     0x00000000      0x19e ..\obj\semihosting.o
 .comment       0x00000000       0x6f ..\obj\semihosting.o
 .debug_frame   0x00000000       0x7c ..\obj\semihosting.o
 .ARM.attributes
                0x00000000       0x33 ..\obj\semihosting.o
 .text          0x00000000       0x14 ..\obj\startup_stm32f407xx.o
 .data          0x00000000        0x0 ..\obj\startup_stm32f407xx.o
 .bss           0x00000000        0x0 ..\obj\startup_stm32f407xx.o
 .text          0x00000000     0x1238 ..\obj\stm32f4xx_hal_pcd.o
 .data          0x00000000        0x0 ..\obj\stm32f4xx_hal_pcd.o
 .bss           0x00000000        0x0 ..\obj\stm32f4xx_hal_pcd.o
 .debug_info    0x00000000      0xe85 ..\obj\stm32f4xx_hal_pcd.o
 .debug_abbrev  0x00000000      0x238 ..\obj\stm32f4xx_hal_pcd.o
 .debug_aranges
                0x00000000       0x20 ..\obj\stm32f4xx_hal_pcd.o
 .debug_line    0x00000000      0x5ac ..\obj\stm32f4xx_hal_pcd.o
 .debug_str     0x00000000      0x97d ..\obj\stm32f4xx_hal_pcd.o
 .comment       0x00000000       0x6f ..\obj\stm32f4xx_hal_pcd.o
 .debug_frame   0x00000000      0x508 ..\obj\stm32f4xx_hal_pcd.o
 .ARM.attributes
                0x00000000       0x33 ..\obj\stm32f4xx_hal_pcd.o
 .text          0x00000000      0x168 ..\obj\stm32f4xx_hal_iwdg.o
 .data          0x00000000        0x0 ..\obj\stm32f4xx_hal_iwdg.o
 .bss           0x00000000        0x0 ..\obj\stm32f4xx_hal_iwdg.o
 .debug_info    0x00000000      0x2f3 ..\obj\stm32f4xx_hal_iwdg.o
 .debug_abbrev  0x00000000      0x173 ..\obj\stm32f4xx_hal_iwdg.o
 .debug_aranges
                0x00000000       0x20 ..\obj\stm32f4xx_hal_iwdg.o
 .debug_line    0x00000000      0x2e2 ..\obj\stm32f4xx_hal_iwdg.o
 .debug_str     0x00000000      0x33d ..\obj\stm32f4xx_hal_iwdg.o
 .comment       0x00000000       0x6f ..\obj\stm32f4xx_hal_iwdg.o
 .debug_frame   0x00000000       0xd0 ..\obj\stm32f4xx_hal_iwdg.o
 .ARM.attributes
                0x00000000       0x33 ..\obj\stm32f4xx_hal_iwdg.o
 .data          0x00000000        0x0 ..\obj\sh_cmd.o
 .bss           0x00000000        0x0 ..\obj\sh_cmd.o
 .bss           0x00000000        0x0 ..\obj\system_stm32f4xx.o
 .text          0x00000000        0x0 c:/program files (x86)/gnu tools arm embedded/5.2 2015q4/bin/../lib/gcc/arm-none-eabi/5.2.1/../../../../arm-none-eabi/lib/armv7e-m\libg.a(lib_a-exit.o)
 .data          0x00000000        0x0 c:/program files (x86)/gnu tools arm embedded/5.2 2015q4/bin/../lib/gcc/arm-none-eabi/5.2.1/../../../../arm-none-eabi/lib/armv7e-m\libg.a(lib_a-exit.o)
 .bss           0x00000000        0x0 c:/program files (x86)/gnu tools arm embedded/5.2 2015q4/bin/../lib/gcc/arm-none-eabi/5.2.1/../../../../arm-none-eabi/lib/armv7e-m\libg.a(lib_a-exit.o)
 .text.exit     0x00000000       0x20 c:/program files (x86)/gnu tools arm embedded/5.2 2015q4/bin/../lib/gcc/arm-none-eabi/5.2.1/../../../../arm-none-eabi/lib/armv7e-m\libg.a(lib_a-exit.o)
 .debug_frame   0x00000000       0x28 c:/program files (x86)/gnu tools arm embedded/5.2 2015q4/bin/../lib/gcc/arm-none-eabi/5.2.1/../../../../arm-none-eabi/lib/armv7e-m\libg.a(lib_a-exit.o)
 .ARM.attributes
                0x00000000       0x2e c:/program files (x86)/gnu tools arm embedded/5.2 2015q4/bin/../lib/gcc/arm-none-eabi/5.2.1/../../../../arm-none-eabi/lib/armv7e-m\libg.a(lib_a-exit.o)
 .text          0x00000000        0x0 c:/program files (x86)/gnu tools arm embedded/5.2 2015q4/bin/../lib/gcc/arm-none-eabi/5.2.1/../../../../arm-none-eabi/lib/armv7e-m\libg.a(lib_a-impure.o)
 .data          0x00000000        0x0 c:/program files (x86)/gnu tools arm embedded/5.2 2015q4/bin/../lib/gcc/arm-none-eabi/5.2.1/../../../../arm-none-eabi/lib/armv7e-m\libg.a(lib_a-impure.o)
 .bss           0x00000000        0x0 c:/program files (x86)/gnu tools arm embedded/5.2 2015q4/bin/../lib/gcc/arm-none-eabi/5.2.1/../../../../arm-none-eabi/lib/armv7e-m\libg.a(lib_a-impure.o)
 .data._impure_ptr
                0x00000000        0x4 c:/program files (x86)/gnu tools arm embedded/5.2 2015q4/bin/../lib/gcc/arm-none-eabi/5.2.1/../../../../arm-none-eabi/lib/armv7e-m\libg.a(lib_a-impure.o)
 .text          0x00000000        0x0 c:/program files (x86)/gnu tools arm embedded/5.2 2015q4/bin/../lib/gcc/arm-none-eabi/5.2.1/../../../../arm-none-eabi/lib/armv7e-m\libg.a(lib_a-init.o)
 .data          0x00000000        0x0 c:/program files (x86)/gnu tools arm embedded/5.2 2015q4/bin/../lib/gcc/arm-none-eabi/5.2.1/../../../../arm-none-eabi/lib/armv7e-m\libg.a(lib_a-init.o)
 .bss           0x00000000        0x0 c:/program files (x86)/gnu tools arm embedded/5.2 2015q4/bin/../lib/gcc/arm-none-eabi/5.2.1/../../../../arm-none-eabi/lib/armv7e-m\libg.a(lib_a-init.o)
 .text          0x00000000        0x0 c:/program files (x86)/gnu tools arm embedded/5.2 2015q4/bin/../lib/gcc/arm-none-eabi/5.2.1/../../../../arm-none-eabi/lib/armv7e-m\libg.a(lib_a-memset.o)
 .data          0x00000000        0x0 c:/program files (x86)/gnu tools arm embedded/5.2 2015q4/bin/../lib/gcc/arm-none-eabi/5.2.1/../../../../arm-none-eabi/lib/armv7e-m\libg.a(lib_a-memset.o)
 .bss           0x00000000        0x0 c:/program files (x86)/gnu tools arm embedded/5.2 2015q4/bin/../lib/gcc/arm-none-eabi/5.2.1/../../../../arm-none-eabi/lib/armv7e-m\libg.a(lib_a-memset.o)
 .text.memset   0x00000000       0x9c c:/program files (x86)/gnu tools arm embedded/5.2 2015q4/bin/../lib/gcc/arm-none-eabi/5.2.1/../../../../arm-none-eabi/lib/armv7e-m\libg.a(lib_a-memset.o)
 .debug_frame   0x00000000       0x34 c:/program files (x86)/gnu tools arm embedded/5.2 2015q4/bin/../lib/gcc/arm-none-eabi/5.2.1/../../../../arm-none-eabi/lib/armv7e-m\libg.a(lib_a-memset.o)
 .ARM.attributes
                0x00000000       0x2e c:/program files (x86)/gnu tools arm embedded/5.2 2015q4/bin/../lib/gcc/arm-none-eabi/5.2.1/../../../../arm-none-eabi/lib/armv7e-m\libg.a(lib_a-memset.o)
 .text          0x00000000        0x0 c:/program files (x86)/gnu tools arm embedded/5.2 2015q4/bin/../lib/gcc/arm-none-eabi/5.2.1/../../../../arm-none-eabi/lib/armv7e-m\libg.a(lib_a-__call_atexit.o)
 .data          0x00000000        0x0 c:/program files (x86)/gnu tools arm embedded/5.2 2015q4/bin/../lib/gcc/arm-none-eabi/5.2.1/../../../../arm-none-eabi/lib/armv7e-m\libg.a(lib_a-__call_atexit.o)
 .bss           0x00000000        0x0 c:/program files (x86)/gnu tools arm embedded/5.2 2015q4/bin/../lib/gcc/arm-none-eabi/5.2.1/../../../../arm-none-eabi/lib/armv7e-m\libg.a(lib_a-__call_atexit.o)
 .text.__call_exitprocs
                0x00000000       0xd8 c:/program files (x86)/gnu tools arm embedded/5.2 2015q4/bin/../lib/gcc/arm-none-eabi/5.2.1/../../../../arm-none-eabi/lib/armv7e-m\libg.a(lib_a-__call_atexit.o)
 .text          0x00000000        0x0 c:/program files (x86)/gnu tools arm embedded/5.2 2015q4/bin/../lib/gcc/arm-none-eabi/5.2.1/../../../../arm-none-eabi/lib/armv7e-m\libg.a(lib_a-atexit.o)
 .data          0x00000000        0x0 c:/program files (x86)/gnu tools arm embedded/5.2 2015q4/bin/../lib/gcc/arm-none-eabi/5.2.1/../../../../arm-none-eabi/lib/armv7e-m\libg.a(lib_a-atexit.o)
 .bss           0x00000000        0x0 c:/program files (x86)/gnu tools arm embedded/5.2 2015q4/bin/../lib/gcc/arm-none-eabi/5.2.1/../../../../arm-none-eabi/lib/armv7e-m\libg.a(lib_a-atexit.o)
 .text          0x00000000        0x0 c:/program files (x86)/gnu tools arm embedded/5.2 2015q4/bin/../lib/gcc/arm-none-eabi/5.2.1/../../../../arm-none-eabi/lib/armv7e-m\libg.a(lib_a-fini.o)
 .data          0x00000000        0x0 c:/program files (x86)/gnu tools arm embedded/5.2 2015q4/bin/../lib/gcc/arm-none-eabi/5.2.1/../../../../arm-none-eabi/lib/armv7e-m\libg.a(lib_a-fini.o)
 .bss           0x00000000        0x0 c:/program files (x86)/gnu tools arm embedded/5.2 2015q4/bin/../lib/gcc/arm-none-eabi/5.2.1/../../../../arm-none-eabi/lib/armv7e-m\libg.a(lib_a-fini.o)
 .text          0x00000000        0x0 c:/program files (x86)/gnu tools arm embedded/5.2 2015q4/bin/../lib/gcc/arm-none-eabi/5.2.1/../../../../arm-none-eabi/lib/armv7e-m\libg.a(lib_a-__atexit.o)
 .data          0x00000000        0x0 c:/program files (x86)/gnu tools arm embedded/5.2 2015q4/bin/../lib/gcc/arm-none-eabi/5.2.1/../../../../arm-none-eabi/lib/armv7e-m\libg.a(lib_a-__atexit.o)
 .bss           0x00000000        0x0 c:/program files (x86)/gnu tools arm embedded/5.2 2015q4/bin/../lib/gcc/arm-none-eabi/5.2.1/../../../../arm-none-eabi/lib/armv7e-m\libg.a(lib_a-__atexit.o)
 .text          0x00000000        0x0 c:/program files (x86)/gnu tools arm embedded/5.2 2015q4/bin/../lib/gcc/arm-none-eabi/5.2.1/armv7e-m/crtend.o
 .data          0x00000000        0x0 c:/program files (x86)/gnu tools arm embedded/5.2 2015q4/bin/../lib/gcc/arm-none-eabi/5.2.1/armv7e-m/crtend.o
 .bss           0x00000000        0x0 c:/program files (x86)/gnu tools arm embedded/5.2 2015q4/bin/../lib/gcc/arm-none-eabi/5.2.1/armv7e-m/crtend.o
 .eh_frame      0x00000000        0x4 c:/program files (x86)/gnu tools arm embedded/5.2 2015q4/bin/../lib/gcc/arm-none-eabi/5.2.1/armv7e-m/crtend.o
 .text          0x00000000        0x0 c:/program files (x86)/gnu tools arm embedded/5.2 2015q4/bin/../lib/gcc/arm-none-eabi/5.2.1/armv7e-m/crtn.o
 .data          0x00000000        0x0 c:/program files (x86)/gnu tools arm embedded/5.2 2015q4/bin/../lib/gcc/arm-none-eabi/5.2.1/armv7e-m/crtn.o
 .bss           0x00000000        0x0 c:/program files (x86)/gnu tools arm embedded/5.2 2015q4/bin/../lib/gcc/arm-none-eabi/5.2.1/armv7e-m/crtn.o

Memory Configuration

Name             Origin             Length             Attributes
rom              0x08000000         0x00100000         xr
ram              0x20000000         0x00020000         xrw
ram1             0x10000000         0x00010000         xrw
*default*        0x00000000         0xffffffff

Linker script and memory map

LOAD c:/program files (x86)/gnu tools arm embedded/5.2 2015q4/bin/../lib/gcc/arm-none-eabi/5.2.1/armv7e-m/crti.o
LOAD c:/program files (x86)/gnu tools arm embedded/5.2 2015q4/bin/../lib/gcc/arm-none-eabi/5.2.1/armv7e-m/crtbegin.o
LOAD c:/program files (x86)/gnu tools arm embedded/5.2 2015q4/bin/../lib/gcc/arm-none-eabi/5.2.1/../../../../arm-none-eabi/lib/armv7e-m/crt0.o
                0x20020000                _eram = 0x20020000

.text           0x08000000     0x2138
 *(.isr_vector)
 .isr_vector    0x08000000      0x188 ..\obj\startup_stm32f407xx.o
                0x08000000                g_pfnVectors
 *(.text*)
 .text          0x08000188       0xa4 c:/program files (x86)/gnu tools arm embedded/5.2 2015q4/bin/../lib/gcc/arm-none-eabi/5.2.1/armv7e-m/crtbegin.o
 .text          0x0800022c      0x29c ..\obj\stm32f4xx_hal.o
                0x0800022c                HAL_Init
                0x08000270                HAL_DeInit
                0x080002e0                HAL_InitTick
                0x08000318                HAL_IncTick
                0x08000334                HAL_GetTick
                0x08000348                HAL_Delay
                0x08000374                HAL_SuspendTick
                0x08000390                HAL_ResumeTick
                0x080003ac                HAL_GetHalVersion
                0x080003c0                HAL_GetREVID
                0x080003d8                HAL_GetDEVID
                0x080003f0                HAL_EnableDBGSleepMode
                0x0800040c                HAL_DisableDBGSleepMode
                0x08000428                HAL_EnableDBGStopMode
                0x08000444                HAL_DisableDBGStopMode
                0x08000460                HAL_EnableDBGStandbyMode
                0x0800047c                HAL_DisableDBGStandbyMode
                0x08000498                HAL_EnableCompensationCell
                0x080004b0                HAL_DisableCompensationCell
 .text          0x080004c8       0x30 ..\obj\stm32f4xx_hal_msp_template.o
                0x080004c8                HAL_MspInit
                0x080004d4                HAL_MspDeInit
                0x080004e0                HAL_PPP_MspInit
                0x080004ec                HAL_PPP_MspDeInit
 .text          0x080004f8      0x598 ..\obj\stm32f4xx_hal_gpio.o
                0x080004f8                HAL_GPIO_Init
                0x0800083c                HAL_GPIO_DeInit
                0x08000978                HAL_GPIO_ReadPin
                0x080009a8                HAL_GPIO_WritePin
                0x080009d8                HAL_GPIO_TogglePin
                0x080009fc                HAL_GPIO_LockPin
                0x08000a4c                HAL_GPIO_EXTI_IRQHandler
                0x08000a7c                HAL_GPIO_EXTI_Callback
 .text          0x08000a90      0xd0c ..\obj\stm32f4xx_hal_rcc.o
                0x08000a90                HAL_RCC_DeInit
                0x08000b08                HAL_RCC_OscConfig
                0x08000fb8                HAL_RCC_ClockConfig
                0x08001264                HAL_RCC_MCOConfig
                0x08001314                HAL_RCC_EnableCSS
                0x0800132c                HAL_RCC_DisableCSS
                0x08001344                HAL_RCC_GetSysClockFreq
                0x0800147c                HAL_RCC_GetHCLKFreq
                0x080014d4                HAL_RCC_GetPCLK1Freq
                0x08001520                HAL_RCC_GetPCLK2Freq
                0x0800156c                HAL_RCC_GetOscConfig
                0x08001708                HAL_RCC_GetClockConfig
                0x08001768                HAL_RCC_NMI_IRQHandler
                0x08001790                HAL_RCC_CCSCallback
 .text          0x0800179c      0x128 ..\obj\main.o
                0x0800179c                main
                0x080018b8                Error_Handler
 .text          0x080018c4      0x53c ..\obj\stm32f4xx_hal_cortex.o
                0x08001c50                HAL_NVIC_SetPriorityGrouping
                0x08001c68                HAL_NVIC_SetPriority
                0x08001ca0                HAL_NVIC_EnableIRQ
                0x08001cbc                HAL_NVIC_DisableIRQ
                0x08001cd8                HAL_NVIC_SystemReset
                0x08001ce4                HAL_SYSTICK_Config
                0x08001cfc                HAL_NVIC_GetPriorityGrouping
                0x08001d0c                HAL_NVIC_GetPriority
                0x08001d38                HAL_NVIC_SetPendingIRQ
                0x08001d54                HAL_NVIC_GetPendingIRQ
                0x08001d74                HAL_NVIC_ClearPendingIRQ
                0x08001d90                HAL_NVIC_GetActive
                0x08001db0                HAL_SYSTICK_CLKSourceConfig
                0x08001de8                HAL_SYSTICK_IRQHandler
                0x08001df4                HAL_SYSTICK_Callback
 .text.Reset_Handler
                0x08001e00       0x50 ..\obj\startup_stm32f407xx.o
                0x08001e00                Reset_Handler
 .text.Default_Handler
                0x08001e50        0x2 ..\obj\startup_stm32f407xx.o
                0x08001e50                RTC_Alarm_IRQHandler
                0x08001e50                HASH_RNG_IRQHandler
                0x08001e50                EXTI2_IRQHandler
                0x08001e50                TIM8_CC_IRQHandler
                0x08001e50                DebugMon_Handler
                0x08001e50                TIM1_CC_IRQHandler
                0x08001e50                DMA2_Stream5_IRQHandler
                0x08001e50                DMA1_Stream5_IRQHandler
                0x08001e50                SysTick_Handler
                0x08001e50                PVD_IRQHandler
                0x08001e50                SDIO_IRQHandler
                0x08001e50                TAMP_STAMP_IRQHandler
                0x08001e50                PendSV_Handler
                0x08001e50                NMI_Handler
                0x08001e50                CAN2_RX1_IRQHandler
                0x08001e50                EXTI3_IRQHandler
                0x08001e50                TIM8_TRG_COM_TIM14_IRQHandler
                0x08001e50                TIM1_UP_TIM10_IRQHandler
                0x08001e50                TIM8_UP_TIM13_IRQHandler
                0x08001e50                I2C3_ER_IRQHandler
                0x08001e50                EXTI0_IRQHandler
                0x08001e50                I2C2_EV_IRQHandler
                0x08001e50                DMA1_Stream2_IRQHandler
                0x08001e50                CAN1_RX0_IRQHandler
                0x08001e50                FPU_IRQHandler
                0x08001e50                OTG_HS_WKUP_IRQHandler
                0x08001e50                UsageFault_Handler
                0x08001e50                CAN2_SCE_IRQHandler
                0x08001e50                DMA2_Stream2_IRQHandler
                0x08001e50                SPI1_IRQHandler
                0x08001e50                TIM6_DAC_IRQHandler
                0x08001e50                TIM1_BRK_TIM9_IRQHandler
                0x08001e50                DCMI_IRQHandler
                0x08001e50                CAN2_RX0_IRQHandler
                0x08001e50                DMA2_Stream3_IRQHandler
                0x08001e50                USART6_IRQHandler
                0x08001e50                USART3_IRQHandler
                0x08001e50                CAN1_RX1_IRQHandler
                0x08001e50                UART5_IRQHandler
                0x08001e50                DMA2_Stream0_IRQHandler
                0x08001e50                TIM4_IRQHandler
                0x08001e50                I2C1_EV_IRQHandler
                0x08001e50                DMA1_Stream6_IRQHandler
                0x08001e50                DMA1_Stream1_IRQHandler
                0x08001e50                UART4_IRQHandler
                0x08001e50                TIM3_IRQHandler
                0x08001e50                RCC_IRQHandler
                0x08001e50                TIM8_BRK_TIM12_IRQHandler
                0x08001e50                Default_Handler
                0x08001e50                EXTI15_10_IRQHandler
                0x08001e50                ADC_IRQHandler
                0x08001e50                DMA1_Stream7_IRQHandler
                0x08001e50                TIM7_IRQHandler
                0x08001e50                CAN2_TX_IRQHandler
                0x08001e50                TIM5_IRQHandler
                0x08001e50                DMA2_Stream7_IRQHandler
                0x08001e50                I2C3_EV_IRQHandler
                0x08001e50                EXTI9_5_IRQHandler
                0x08001e50                RTC_WKUP_IRQHandler
                0x08001e50                ETH_WKUP_IRQHandler
                0x08001e50                SPI2_IRQHandler
                0x08001e50                OTG_HS_EP1_IN_IRQHandler
                0x08001e50                MemManage_Handler
                0x08001e50                DMA1_Stream0_IRQHandler
                0x08001e50                CAN1_TX_IRQHandler
                0x08001e50                SVC_Handler
                0x08001e50                EXTI4_IRQHandler
                0x08001e50                FSMC_IRQHandler
                0x08001e50                ETH_IRQHandler
                0x08001e50                OTG_HS_EP1_OUT_IRQHandler
                0x08001e50                WWDG_IRQHandler
                0x08001e50                TIM2_IRQHandler
                0x08001e50                OTG_FS_WKUP_IRQHandler
                0x08001e50                TIM1_TRG_COM_TIM11_IRQHandler
                0x08001e50                OTG_HS_IRQHandler
                0x08001e50                EXTI1_IRQHandler
                0x08001e50                USART2_IRQHandler
                0x08001e50                I2C2_ER_IRQHandler
                0x08001e50                DMA2_Stream1_IRQHandler
                0x08001e50                CAN1_SCE_IRQHandler
                0x08001e50                FLASH_IRQHandler
                0x08001e50                DMA2_Stream4_IRQHandler
                0x08001e50                BusFault_Handler
                0x08001e50                USART1_IRQHandler
                0x08001e50                OTG_FS_IRQHandler
                0x08001e50                SPI3_IRQHandler
                0x08001e50                DMA1_Stream4_IRQHandler
                0x08001e50                I2C1_ER_IRQHandler
                0x08001e50                DMA2_Stream6_IRQHandler
                0x08001e50                DMA1_Stream3_IRQHandler
 .text          0x08001e52       0x26 ..\obj\sh_cmd.o
                0x08001e52                SH_DoCommand
                0x08001e64                HardFault_Handler
 .text          0x08001e78      0x154 ..\obj\system_stm32f4xx.o
                0x08001e78                SystemInit
                0x08001ed4                SystemCoreClockUpdate
 .text.__libc_init_array
                0x08001fcc       0x50 c:/program files (x86)/gnu tools arm embedded/5.2 2015q4/bin/../lib/gcc/arm-none-eabi/5.2.1/../../../../arm-none-eabi/lib/armv7e-m\libg.a(lib_a-init.o)
                0x08001fcc                __libc_init_array
 .text.startup.register_fini
                0x0800201c       0x14 c:/program files (x86)/gnu tools arm embedded/5.2 2015q4/bin/../lib/gcc/arm-none-eabi/5.2.1/../../../../arm-none-eabi/lib/armv7e-m\libg.a(lib_a-__call_atexit.o)
 .text.atexit   0x08002030        0xc c:/program files (x86)/gnu tools arm embedded/5.2 2015q4/bin/../lib/gcc/arm-none-eabi/5.2.1/../../../../arm-none-eabi/lib/armv7e-m\libg.a(lib_a-atexit.o)
                0x08002030                atexit
 .text.__libc_fini_array
                0x0800203c       0x28 c:/program files (x86)/gnu tools arm embedded/5.2 2015q4/bin/../lib/gcc/arm-none-eabi/5.2.1/../../../../arm-none-eabi/lib/armv7e-m\libg.a(lib_a-fini.o)
                0x0800203c                __libc_fini_array
 .text.__register_exitproc
                0x08002064       0xa4 c:/program files (x86)/gnu tools arm embedded/5.2 2015q4/bin/../lib/gcc/arm-none-eabi/5.2.1/../../../../arm-none-eabi/lib/armv7e-m\libg.a(lib_a-__atexit.o)
                0x08002064                __register_exitproc
 *(.init)
 .init          0x08002108        0x4 c:/program files (x86)/gnu tools arm embedded/5.2 2015q4/bin/../lib/gcc/arm-none-eabi/5.2.1/armv7e-m/crti.o
                0x08002108                _init
 .init          0x0800210c        0x8 c:/program files (x86)/gnu tools arm embedded/5.2 2015q4/bin/../lib/gcc/arm-none-eabi/5.2.1/armv7e-m/crtn.o
 *(.fini)
 .fini          0x08002114        0x4 c:/program files (x86)/gnu tools arm embedded/5.2 2015q4/bin/../lib/gcc/arm-none-eabi/5.2.1/armv7e-m/crti.o
                0x08002114                _fini
 .fini          0x08002118        0x8 c:/program files (x86)/gnu tools arm embedded/5.2 2015q4/bin/../lib/gcc/arm-none-eabi/5.2.1/armv7e-m/crtn.o
 *crtbegin.o(.ctors)
 *crtbegin?.o(.ctors)
 *(EXCLUDE_FILE(*crtend.o *crtend?.o) .ctors)
 *(SORT(.ctors.*))
 *(.ctors)
 *crtbegin.o(.dtors)
 *crtbegin?.o(.dtors)
 *(EXCLUDE_FILE(*crtend.o *crtend?.o) .dtors)
 *(SORT(.dtors.*))
 *(.dtors)
 *(.rodata*)
 .rodata        0x08002120       0x10 ..\obj\stm32f4xx_hal_rcc.o
                0x08002120                APBAHBPrescTable
 .rodata.str1.4
                0x08002130        0x4 c:/program files (x86)/gnu tools arm embedded/5.2 2015q4/bin/../lib/gcc/arm-none-eabi/5.2.1/../../../../arm-none-eabi/lib/armv7e-m\libg.a(lib_a-impure.o)
                                  0x2 (size before relaxing)
 .rodata._global_impure_ptr
                0x08002134        0x4 c:/program files (x86)/gnu tools arm embedded/5.2 2015q4/bin/../lib/gcc/arm-none-eabi/5.2.1/../../../../arm-none-eabi/lib/armv7e-m\libg.a(lib_a-impure.o)
                0x08002134                _global_impure_ptr
 *(.eh_fram e*)

.eh_frame       0x08002138        0x0
 .eh_frame      0x08002138        0x0 c:/program files (x86)/gnu tools arm embedded/5.2 2015q4/bin/../lib/gcc/arm-none-eabi/5.2.1/armv7e-m/crtbegin.o

.glue_7         0x08002138        0x0
 .glue_7        0x08002138        0x0 linker stubs

.glue_7t        0x08002138        0x0
 .glue_7t       0x08002138        0x0 linker stubs

.vfp11_veneer   0x08002138        0x0
 .vfp11_veneer  0x08002138        0x0 linker stubs

.v4_bx          0x08002138        0x0
 .v4_bx         0x08002138        0x0 linker stubs

.iplt           0x08002138        0x0
 .iplt          0x08002138        0x0 c:/program files (x86)/gnu tools arm embedded/5.2 2015q4/bin/../lib/gcc/arm-none-eabi/5.2.1/armv7e-m/crtbegin.o

.rel.dyn        0x08002138        0x0
 .rel.iplt      0x08002138        0x0 c:/program files (x86)/gnu tools arm embedded/5.2 2015q4/bin/../lib/gcc/arm-none-eabi/5.2.1/armv7e-m/crtbegin.o

.ARM.extab
 *(.ARM.extab* .gnu.linkonce.armextab.*)
                0x08002138                __exidx_start = .

.ARM.exidx
 *(.ARM.exidx* .gnu.linkonce.armexidx.*)
                0x08002138                __exidx_end = .
                0x08002138                __etext = .
                0x08002138                _sidata = __etext

.data           0x20000000      0x450 load address 0x08002138
                0x20000000                __data_start__ = .
                0x20000000                _sdata = __data_start__
 *(vtable)
 *(.data*)
 .data          0x20000000       0x14 ..\obj\system_stm32f4xx.o
                0x20000000                SystemCoreClock
                0x20000004                AHBPrescTable
 *fill*         0x20000014        0x4 
 .data.impure_data
                0x20000018      0x428 c:/program files (x86)/gnu tools arm embedded/5.2 2015q4/bin/../lib/gcc/arm-none-eabi/5.2.1/../../../../arm-none-eabi/lib/armv7e-m\libg.a(lib_a-impure.o)
                0x20000440                . = ALIGN (0x4)
                0x20000440                PROVIDE (__preinit_array_start, .)
 *(.preinit_array)
                0x20000440                PROVIDE (__preinit_array_end, .)
                0x20000440                . = ALIGN (0x4)
                0x20000440                PROVIDE (__init_array_start, .)
 *(SORT(.init_array.*))
 .init_array.00000
                0x20000440        0x4 c:/program files (x86)/gnu tools arm embedded/5.2 2015q4/bin/../lib/gcc/arm-none-eabi/5.2.1/../../../../arm-none-eabi/lib/armv7e-m\libg.a(lib_a-__call_atexit.o)
 *(.init_array)
 .init_array    0x20000444        0x4 c:/program files (x86)/gnu tools arm embedded/5.2 2015q4/bin/../lib/gcc/arm-none-eabi/5.2.1/armv7e-m/crtbegin.o
                0x20000448                PROVIDE (__init_array_end, .)
                0x20000448                . = ALIGN (0x4)
                0x20000448                PROVIDE (__fini_array_start, .)
 *(SORT(.fini_array.*))
 *(.fini_array)
 .fini_array    0x20000448        0x4 c:/program files (x86)/gnu tools arm embedded/5.2 2015q4/bin/../lib/gcc/arm-none-eabi/5.2.1/armv7e-m/crtbegin.o
                0x2000044c                PROVIDE (__fini_array_end, .)
 *(.jcr*)
 .jcr           0x2000044c        0x0 c:/program files (x86)/gnu tools arm embedded/5.2 2015q4/bin/../lib/gcc/arm-none-eabi/5.2.1/armv7e-m/crtbegin.o
 .jcr           0x2000044c        0x4 c:/program files (x86)/gnu tools arm embedded/5.2 2015q4/bin/../lib/gcc/arm-none-eabi/5.2.1/armv7e-m/crtend.o
                0x20000450                . = ALIGN (0x4)
                0x20000450                __data_end__ = .
                0x20000450                _edata = __data_end__

.tm_clone_table
                0x20000450        0x0 load address 0x08002588
 .tm_clone_table
                0x20000450        0x0 c:/program files (x86)/gnu tools arm embedded/5.2 2015q4/bin/../lib/gcc/arm-none-eabi/5.2.1/armv7e-m/crtbegin.o
 .tm_clone_table
                0x20000450        0x0 c:/program files (x86)/gnu tools arm embedded/5.2 2015q4/bin/../lib/gcc/arm-none-eabi/5.2.1/armv7e-m/crtend.o

.igot.plt       0x20000450        0x0 load address 0x08002588
 .igot.plt      0x20000450        0x0 c:/program files (x86)/gnu tools arm embedded/5.2 2015q4/bin/../lib/gcc/arm-none-eabi/5.2.1/armv7e-m/crtbegin.o

.bss            0x20000450       0x34 load address 0x08002588
                0x20000450                . = ALIGN (0x4)
                0x20000450                __bss_start__ = .
                0x20000450                _sbss = __bss_start__
 *(.bss*)
 .bss           0x20000450       0x1c c:/program files (x86)/gnu tools arm embedded/5.2 2015q4/bin/../lib/gcc/arm-none-eabi/5.2.1/armv7e-m/crtbegin.o
 .bss           0x2000046c        0x4 ..\obj\stm32f4xx_hal.o
 *(COMMON)
 COMMON         0x20000470       0x14 ..\obj\main.o
                0x20000470                GPIO_InitStruct
                0x20000484                . = ALIGN (0x4)
                0x20000484                __bss_end__ = .
                0x20000484                _ebss = __bss_end__

.heap           0x20000484        0x0
                0x20000484                __end__ = .
                0x20000484                _end = __end__
                0x20000484                end = __end__
 *(.heap*)
                0x20000484                __HeapLimit = .

.co_stack       0x20000484        0x4 load address 0x080025bc
                0x20000488                . = ALIGN (0x8)
 *fill*         0x20000484        0x4 
 *(.co_stack .co_stack.*)
                0x20020000                __StackTop = (ORIGIN (ram) + LENGTH (ram))
                0x2001fffc                __StackLimit = (__StackTop - SIZEOF (.co_stack))
                0x20020000                PROVIDE (__stack, __StackTop)
                0x00000001                ASSERT ((__StackLimit >= __HeapLimit), region ram  overflowed with stack)
LOAD ..\obj\stm32f4xx_ll_usb.o
LOAD ..\obj\printf.o
LOAD ..\obj\stm32f4xx_hal.o
LOAD ..\obj\stm32f4xx_hal_sram.o
LOAD ..\obj\stm32f4xx_hal_flash_ex.o
LOAD ..\obj\stm32f4xx_hal_i2c.o
LOAD ..\obj\stm32f4xx_hal_ltdc.o
LOAD ..\obj\stm32f4xx_hal_cryp_ex.o
LOAD ..\obj\stm32f4xx_hal_msp_template.o
LOAD ..\obj\stm32f4xx_hal_gpio.o
LOAD ..\obj\stm32f4xx_hal_dac.o
LOAD ..\obj\stm32f4xx_hal_flash.o
LOAD ..\obj\stm32f4xx_hal_dma_ex.o
LOAD ..\obj\stm32f4xx_hal_pcd_ex.o
LOAD ..\obj\stm32f4xx_hal_adc.o
LOAD ..\obj\stm32f4xx_hal_hcd.o
LOAD ..\obj\stm32f4xx_hal_tim.o
LOAD ..\obj\stm32f4xx_hal_flash_ramfunc.o
LOAD ..\obj\stm32f4xx_hal_smartcard.o
LOAD ..\obj\stm32f4xx_hal_can.o
LOAD ..\obj\stm32f4xx_hal_rtc_ex.o
LOAD ..\obj\stm32f4xx_hal_pwr.o
LOAD ..\obj\stm32f4xx_hal_tim_ex.o
LOAD ..\obj\stm32f4xx_hal_pccard.o
LOAD ..\obj\stm32f4xx_hal_usart.o
LOAD ..\obj\stm32f4xx_hal_rcc.o
LOAD ..\obj\stm32f4xx_hal_rtc.o
LOAD ..\obj\stm32f4xx_hal_i2c_ex.o
LOAD ..\obj\stm32f4xx_hal_spi.o
LOAD ..\obj\stm32f4xx_hal_hash_ex.o
LOAD ..\obj\stm32f4xx_hal_adc_ex.o
LOAD ..\obj\stm32f4xx_ll_sdmmc.o
LOAD ..\obj\main.o
LOAD ..\obj\stm32f4xx_hal_rcc_ex.o
LOAD ..\obj\stm32f4xx_hal_i2s.o
LOAD ..\obj\stm32f4xx_ll_fmc.o
LOAD ..\obj\stm32f4xx_hal_dac_ex.o
LOAD ..\obj\stm32f4xx_hal_irda.o
LOAD ..\obj\stm32f4xx_hal_nand.o
LOAD ..\obj\stm32f4xx_hal_rng.o
LOAD ..\obj\stm32f4xx_hal_sdram.o
LOAD ..\obj\stm32f4xx_hal_nor.o
LOAD ..\obj\stm32f4xx_hal_cortex.o
LOAD ..\obj\stm32f4xx_hal_hash.o
LOAD ..\obj\stm32f4xx_ll_fsmc.o
LOAD ..\obj\stm32f4xx_hal_crc.o
LOAD ..\obj\stm32f4xx_hal_wwdg.o
LOAD ..\obj\stm32f4xx_hal_dcmi.o
LOAD ..\obj\stm32f4xx_hal_dma.o
LOAD ..\obj\stm32f4xx_hal_eth.o
LOAD ..\obj\stm32f4xx_hal_cryp.o
LOAD ..\obj\stm32f4xx_hal_dma2d.o
LOAD ..\obj\stm32f4xx_hal_uart.o
LOAD ..\obj\stm32f4xx_hal_i2s_ex.o
LOAD ..\obj\stm32f4xx_hal_pwr_ex.o
LOAD ..\obj\stm32f4xx_hal_sd.o
LOAD ..\obj\stm32f4xx_hal_sai.o
LOAD ..\obj\semihosting.o
LOAD ..\obj\startup_stm32f407xx.o
LOAD ..\obj\stm32f4xx_hal_pcd.o
LOAD ..\obj\stm32f4xx_hal_iwdg.o
LOAD ..\obj\sh_cmd.o
LOAD ..\obj\system_stm32f4xx.o
START GROUP
LOAD c:/program files (x86)/gnu tools arm embedded/5.2 2015q4/bin/../lib/gcc/arm-none-eabi/5.2.1/armv7e-m\libgcc.a
LOAD c:/program files (x86)/gnu tools arm embedded/5.2 2015q4/bin/../lib/gcc/arm-none-eabi/5.2.1/../../../../arm-none-eabi/lib/armv7e-m\libg.a
LOAD c:/program files (x86)/gnu tools arm embedded/5.2 2015q4/bin/../lib/gcc/arm-none-eabi/5.2.1/../../../../arm-none-eabi/lib/armv7e-m\libc.a
END GROUP
LOAD c:/program files (x86)/gnu tools arm embedded/5.2 2015q4/bin/../lib/gcc/arm-none-eabi/5.2.1/armv7e-m/crtend.o
LOAD c:/program files (x86)/gnu tools arm embedded/5.2 2015q4/bin/../lib/gcc/arm-none-eabi/5.2.1/armv7e-m/crtn.o
OUTPUT(F4Disco - USBTest.elf elf32-littlearm)

.ARM.attributes
                0x00000000       0x2a
 .ARM.attributes
                0x00000000       0x1e c:/program files (x86)/gnu tools arm embedded/5.2 2015q4/bin/../lib/gcc/arm-none-eabi/5.2.1/armv7e-m/crti.o
 .ARM.attributes
                0x0000001e       0x2e c:/program files (x86)/gnu tools arm embedded/5.2 2015q4/bin/../lib/gcc/arm-none-eabi/5.2.1/armv7e-m/crtbegin.o
 .ARM.attributes
                0x0000004c       0x33 ..\obj\stm32f4xx_hal.o
 .ARM.attributes
                0x0000007f       0x33 ..\obj\stm32f4xx_hal_msp_template.o
 .ARM.attributes
                0x000000b2       0x33 ..\obj\stm32f4xx_hal_gpio.o
 .ARM.attributes
                0x000000e5       0x33 ..\obj\stm32f4xx_hal_rcc.o
 .ARM.attributes
                0x00000118       0x33 ..\obj\main.o
 .ARM.attributes
                0x0000014b       0x33 ..\obj\stm32f4xx_hal_cortex.o
 .ARM.attributes
                0x0000017e       0x21 ..\obj\startup_stm32f407xx.o
 .ARM.attributes
                0x0000019f       0x21 ..\obj\sh_cmd.o
 .ARM.attributes
                0x000001c0       0x33 ..\obj\system_stm32f4xx.o
 .ARM.attributes
                0x000001f3       0x2e c:/program files (x86)/gnu tools arm embedded/5.2 2015q4/bin/../lib/gcc/arm-none-eabi/5.2.1/../../../../arm-none-eabi/lib/armv7e-m\libg.a(lib_a-impure.o)
 .ARM.attributes
                0x00000221       0x2e c:/program files (x86)/gnu tools arm embedded/5.2 2015q4/bin/../lib/gcc/arm-none-eabi/5.2.1/../../../../arm-none-eabi/lib/armv7e-m\libg.a(lib_a-init.o)
 .ARM.attributes
                0x0000024f       0x2e c:/program files (x86)/gnu tools arm embedded/5.2 2015q4/bin/../lib/gcc/arm-none-eabi/5.2.1/../../../../arm-none-eabi/lib/armv7e-m\libg.a(lib_a-__call_atexit.o)
 .ARM.attributes
                0x0000027d       0x2e c:/program files (x86)/gnu tools arm embedded/5.2 2015q4/bin/../lib/gcc/arm-none-eabi/5.2.1/../../../../arm-none-eabi/lib/armv7e-m\libg.a(lib_a-atexit.o)
 .ARM.attributes
                0x000002ab       0x2e c:/program files (x86)/gnu tools arm embedded/5.2 2015q4/bin/../lib/gcc/arm-none-eabi/5.2.1/../../../../arm-none-eabi/lib/armv7e-m\libg.a(lib_a-fini.o)
 .ARM.attributes
                0x000002d9       0x2e c:/program files (x86)/gnu tools arm embedded/5.2 2015q4/bin/../lib/gcc/arm-none-eabi/5.2.1/../../../../arm-none-eabi/lib/armv7e-m\libg.a(lib_a-__atexit.o)
 .ARM.attributes
                0x00000307       0x2e c:/program files (x86)/gnu tools arm embedded/5.2 2015q4/bin/../lib/gcc/arm-none-eabi/5.2.1/armv7e-m/crtend.o
 .ARM.attributes
                0x00000335       0x1e c:/program files (x86)/gnu tools arm embedded/5.2 2015q4/bin/../lib/gcc/arm-none-eabi/5.2.1/armv7e-m/crtn.o

.comment        0x00000000       0x6e
 .comment       0x00000000       0x6e ..\obj\stm32f4xx_hal.o
                                 0x6f (size before relaxing)
 .comment       0x0000006e       0x6f ..\obj\stm32f4xx_hal_msp_template.o
 .comment       0x0000006e       0x6f ..\obj\stm32f4xx_hal_gpio.o
 .comment       0x0000006e       0x6f ..\obj\stm32f4xx_hal_rcc.o
 .comment       0x0000006e       0x6f ..\obj\main.o
 .comment       0x0000006e       0x6f ..\obj\stm32f4xx_hal_cortex.o
 .comment       0x0000006e       0x6f ..\obj\system_stm32f4xx.o

.debug_info     0x00000000     0x3361
 .debug_info    0x00000000      0x7bf ..\obj\stm32f4xx_hal.o
 .debug_info    0x000007bf       0xda ..\obj\stm32f4xx_hal_msp_template.o
 .debug_info    0x00000899      0x6dc ..\obj\stm32f4xx_hal_gpio.o
 .debug_info    0x00000f75      0xe2b ..\obj\stm32f4xx_hal_rcc.o
 .debug_info    0x00001da0      0x43f ..\obj\main.o
 .debug_info    0x000021df      0xb55 ..\obj\stm32f4xx_hal_cortex.o
 .debug_info    0x00002d34       0xd3 ..\obj\startup_stm32f407xx.o
 .debug_info    0x00002e07       0xc0 ..\obj\sh_cmd.o
 .debug_info    0x00002ec7      0x49a ..\obj\system_stm32f4xx.o

.debug_abbrev   0x00000000      0xb38
 .debug_abbrev  0x00000000      0x186 ..\obj\stm32f4xx_hal.o
 .debug_abbrev  0x00000186       0x65 ..\obj\stm32f4xx_hal_msp_template.o
 .debug_abbrev  0x000001eb      0x1a1 ..\obj\stm32f4xx_hal_gpio.o
 .debug_abbrev  0x0000038c      0x289 ..\obj\stm32f4xx_hal_rcc.o
 .debug_abbrev  0x00000615      0x15c ..\obj\main.o
 .debug_abbrev  0x00000771      0x2a2 ..\obj\stm32f4xx_hal_cortex.o
 .debug_abbrev  0x00000a13       0x12 ..\obj\startup_stm32f407xx.o
 .debug_abbrev  0x00000a25       0x14 ..\obj\sh_cmd.o
 .debug_abbrev  0x00000a39       0xff ..\obj\system_stm32f4xx.o

.debug_aranges  0x00000000      0x128
 .debug_aranges
                0x00000000       0x20 ..\obj\stm32f4xx_hal.o
 .debug_aranges
                0x00000020       0x20 ..\obj\stm32f4xx_hal_msp_template.o
 .debug_aranges
                0x00000040       0x20 ..\obj\stm32f4xx_hal_gpio.o
 .debug_aranges
                0x00000060       0x20 ..\obj\stm32f4xx_hal_rcc.o
 .debug_aranges
                0x00000080       0x20 ..\obj\main.o
 .debug_aranges
                0x000000a0       0x20 ..\obj\stm32f4xx_hal_cortex.o
 .debug_aranges
                0x000000c0       0x28 ..\obj\startup_stm32f407xx.o
 .debug_aranges
                0x000000e8       0x20 ..\obj\sh_cmd.o
 .debug_aranges
                0x00000108       0x20 ..\obj\system_stm32f4xx.o

.debug_line     0x00000000     0x1739
 .debug_line    0x00000000      0x2be ..\obj\stm32f4xx_hal.o
 .debug_line    0x000002be      0x1d8 ..\obj\stm32f4xx_hal_msp_template.o
 .debug_line    0x00000496      0x3a0 ..\obj\stm32f4xx_hal_gpio.o
 .debug_line    0x00000836      0x558 ..\obj\stm32f4xx_hal_rcc.o
 .debug_line    0x00000d8e      0x2e1 ..\obj\main.o
 .debug_line    0x0000106f      0x36e ..\obj\stm32f4xx_hal_cortex.o
 .debug_line    0x000013dd       0xcd ..\obj\startup_stm32f407xx.o
 .debug_line    0x000014aa       0x9a ..\obj\sh_cmd.o
 .debug_line    0x00001544      0x1f5 ..\obj\system_stm32f4xx.o

.debug_str      0x00000000     0x13a1
 .debug_str     0x00000000      0x975 ..\obj\stm32f4xx_hal.o
                                0x9d9 (size before relaxing)
 .debug_str     0x00000975       0x9c ..\obj\stm32f4xx_hal_msp_template.o
                                0x1cb (size before relaxing)
 .debug_str     0x00000a11      0x217 ..\obj\stm32f4xx_hal_gpio.o
                                0x4a4 (size before relaxing)
 .debug_str     0x00000c28      0x333 ..\obj\stm32f4xx_hal_rcc.o
                                0x670 (size before relaxing)
 .debug_str     0x00000f5b       0x88 ..\obj\main.o
                                0x3b3 (size before relaxing)
 .debug_str     0x00000fe3      0x327 ..\obj\stm32f4xx_hal_cortex.o
                                0xaa6 (size before relaxing)
 .debug_str     0x0000130a       0x97 ..\obj\system_stm32f4xx.o
                                0x351 (size before relaxing)

.debug_frame    0x00000000      0xc84
 .debug_frame   0x00000000      0x2b0 ..\obj\stm32f4xx_hal.o
 .debug_frame   0x000002b0       0x90 ..\obj\stm32f4xx_hal_msp_template.o
 .debug_frame   0x00000340      0x14c ..\obj\stm32f4xx_hal_gpio.o
 .debug_frame   0x0000048c      0x204 ..\obj\stm32f4xx_hal_rcc.o
 .debug_frame   0x00000690       0x70 ..\obj\main.o
 .debug_frame   0x00000700      0x428 ..\obj\stm32f4xx_hal_cortex.o
 .debug_frame   0x00000b28       0x58 ..\obj\system_stm32f4xx.o
 .debug_frame   0x00000b80       0x2c c:/program files (x86)/gnu tools arm embedded/5.2 2015q4/bin/../lib/gcc/arm-none-eabi/5.2.1/../../../../arm-none-eabi/lib/armv7e-m\libg.a(lib_a-init.o)
 .debug_frame   0x00000bac       0x50 c:/program files (x86)/gnu tools arm embedded/5.2 2015q4/bin/../lib/gcc/arm-none-eabi/5.2.1/../../../../arm-none-eabi/lib/armv7e-m\libg.a(lib_a-__call_atexit.o)
 .debug_frame   0x00000bfc       0x20 c:/program files (x86)/gnu tools arm embedded/5.2 2015q4/bin/../lib/gcc/arm-none-eabi/5.2.1/../../../../arm-none-eabi/lib/armv7e-m\libg.a(lib_a-atexit.o)
 .debug_frame   0x00000c1c       0x34 c:/program files (x86)/gnu tools arm embedded/5.2 2015q4/bin/../lib/gcc/arm-none-eabi/5.2.1/../../../../arm-none-eabi/lib/armv7e-m\libg.a(lib_a-fini.o)
 .debug_frame   0x00000c50       0x34 c:/program files (x86)/gnu tools arm embedded/5.2 2015q4/bin/../lib/gcc/arm-none-eabi/5.2.1/../../../../arm-none-eabi/lib/armv7e-m\libg.a(lib_a-__atexit.o)

.debug_ranges   0x00000000       0x20
 .debug_ranges  0x00000000       0x20 ..\obj\startup_stm32f407xx.o
